Archive member included because of file (symbol)

c:/programdata/matlab/supportpackages/r2023a/aide/portable/packages/arduino/tools/arm-none-eabi-gcc/4.8.3-2014q1/bin/../lib/gcc/arm-none-eabi/4.8.3/../../../../arm-none-eabi/lib/armv6-m\libm.a(lib_a-w_fmod.o)
                              xcp_ext_common.o (fmod)
c:/programdata/matlab/supportpackages/r2023a/aide/portable/packages/arduino/tools/arm-none-eabi-gcc/4.8.3-2014q1/bin/../lib/gcc/arm-none-eabi/4.8.3/../../../../arm-none-eabi/lib/armv6-m\libm.a(lib_a-e_fmod.o)
                              c:/programdata/matlab/supportpackages/r2023a/aide/portable/packages/arduino/tools/arm-none-eabi-gcc/4.8.3-2014q1/bin/../lib/gcc/arm-none-eabi/4.8.3/../../../../arm-none-eabi/lib/armv6-m\libm.a(lib_a-w_fmod.o) (__ieee754_fmod)
c:/programdata/matlab/supportpackages/r2023a/aide/portable/packages/arduino/tools/arm-none-eabi-gcc/4.8.3-2014q1/bin/../lib/gcc/arm-none-eabi/4.8.3/../../../../arm-none-eabi/lib/armv6-m\libm.a(lib_a-s_fpclassify.o)
                              c:/programdata/matlab/supportpackages/r2023a/aide/portable/packages/arduino/tools/arm-none-eabi-gcc/4.8.3-2014q1/bin/../lib/gcc/arm-none-eabi/4.8.3/../../../../arm-none-eabi/lib/armv6-m\libm.a(lib_a-w_fmod.o) (__fpclassifyd)
c:/programdata/matlab/supportpackages/r2023a/aide/portable/packages/arduino/tools/arm-none-eabi-gcc/4.8.3-2014q1/bin/../lib/gcc/arm-none-eabi/4.8.3/../../../../arm-none-eabi/lib/armv6-m\libm.a(lib_a-s_lib_ver.o)
                              c:/programdata/matlab/supportpackages/r2023a/aide/portable/packages/arduino/tools/arm-none-eabi-gcc/4.8.3-2014q1/bin/../lib/gcc/arm-none-eabi/4.8.3/../../../../arm-none-eabi/lib/armv6-m\libm.a(lib_a-w_fmod.o) (__fdlib_version)
c:/programdata/matlab/supportpackages/r2023a/aide/portable/packages/arduino/tools/arm-none-eabi-gcc/4.8.3-2014q1/bin/../lib/gcc/arm-none-eabi/4.8.3/../../../../arm-none-eabi/lib/armv6-m\libm.a(lib_a-s_matherr.o)
                              c:/programdata/matlab/supportpackages/r2023a/aide/portable/packages/arduino/tools/arm-none-eabi-gcc/4.8.3-2014q1/bin/../lib/gcc/arm-none-eabi/4.8.3/../../../../arm-none-eabi/lib/armv6-m\libm.a(lib_a-w_fmod.o) (matherr)
C:/Users/siyan/DOCUME~1/MATLAB/R2023a/ARDUIN~1/ARDUIN~1/FASTER~1\libcore.a(cortex_handlers.o)
                              (Reset_Handler)
C:/Users/siyan/DOCUME~1/MATLAB/R2023a/ARDUIN~1/ARDUIN~1/FASTER~1\libcore.a(hooks.o)
                              C:/Users/siyan/DOCUME~1/MATLAB/R2023a/ARDUIN~1/ARDUIN~1/FASTER~1\libcore.a(cortex_handlers.o) (sysTickHook)
C:/Users/siyan/DOCUME~1/MATLAB/R2023a/ARDUIN~1/ARDUIN~1/FASTER~1\libcore.a(delay.o)
                              io_wrappers.o (millis)
C:/Users/siyan/DOCUME~1/MATLAB/R2023a/ARDUIN~1/ARDUIN~1/FASTER~1\libcore.a(startup.o)
                              C:/Users/siyan/DOCUME~1/MATLAB/R2023a/ARDUIN~1/ARDUIN~1/FASTER~1\libcore.a(cortex_handlers.o) (SystemInit)
C:/Users/siyan/DOCUME~1/MATLAB/R2023a/ARDUIN~1/ARDUIN~1/FASTER~1\libcore.a(pulse.o)
                              MW_Ultrasonic.o (pulseIn)
C:/Users/siyan/DOCUME~1/MATLAB/R2023a/ARDUIN~1/ARDUIN~1/FASTER~1\libcore.a(wiring.o)
                              ert_main.o (init)
C:/Users/siyan/DOCUME~1/MATLAB/R2023a/ARDUIN~1/ARDUIN~1/FASTER~1\libcore.a(wiring_analog.o)
                              C:/Users/siyan/DOCUME~1/MATLAB/R2023a/ARDUIN~1/ARDUIN~1/FASTER~1\libcore.a(wiring.o) (analogReference)
C:/Users/siyan/DOCUME~1/MATLAB/R2023a/ARDUIN~1/ARDUIN~1/FASTER~1\libcore.a(wiring_digital.o)
                              MW_PWM.o (pinMode)
C:/Users/siyan/DOCUME~1/MATLAB/R2023a/ARDUIN~1/ARDUIN~1/FASTER~1\libcore.a(wiring_private.o)
                              MW_PWMDriver.o (pinPeripheral)
C:/Users/siyan/DOCUME~1/MATLAB/R2023a/ARDUIN~1/ARDUIN~1/FASTER~1\libcore.a(Reset.o)
                              C:/Users/siyan/DOCUME~1/MATLAB/R2023a/ARDUIN~1/ARDUIN~1/FASTER~1\libcore.a(delay.o) (tickReset)
C:/Users/siyan/DOCUME~1/MATLAB/R2023a/ARDUIN~1/ARDUIN~1/FASTER~1\libcore.a(Uart.o)
                              io_wrappers.o (Uart::begin(unsigned long, unsigned short))
C:/Users/siyan/DOCUME~1/MATLAB/R2023a/ARDUIN~1/ARDUIN~1/FASTER~1\libcore.a(CDC.o)
                              rtiostream_serial_daemon.o (Serial_::available())
C:/Users/siyan/DOCUME~1/MATLAB/R2023a/ARDUIN~1/ARDUIN~1/FASTER~1\libcore.a(PluggableUSB.o)
                              C:/Users/siyan/DOCUME~1/MATLAB/R2023a/ARDUIN~1/ARDUIN~1/FASTER~1\libcore.a(CDC.o) (PluggableUSB_::plug(PluggableUSBModule*))
C:/Users/siyan/DOCUME~1/MATLAB/R2023a/ARDUIN~1/ARDUIN~1/FASTER~1\libcore.a(USBCore.o)
                              io_wrappers.o (USBDeviceClass::init())
C:/Users/siyan/DOCUME~1/MATLAB/R2023a/ARDUIN~1/ARDUIN~1/FASTER~1\libcore.a(variant.o)
                              io_wrappers.o (Serial1)
C:/Users/siyan/DOCUME~1/MATLAB/R2023a/ARDUIN~1/ARDUIN~1/FASTER~1\libcore.a(pulse_asm.S.o)
                              C:/Users/siyan/DOCUME~1/MATLAB/R2023a/ARDUIN~1/ARDUIN~1/FASTER~1\libcore.a(pulse.o) (countPulseASM)
[...]
Memory Configuration

Name             Origin             Length             Attributes
FLASH            0x00002000         0x0003e000         xr
RAM              0x20000000         0x00008000         xrw
*default*        0x00000000         0xffffffff

Linker script and memory map

LOAD c:/programdata/matlab/supportpackages/r2023a/aide/portable/packages/arduino/tools/arm-none-eabi-gcc/4.8.3-2014q1/bin/../lib/gcc/arm-none-eabi/4.8.3/armv6-m/crti.o
LOAD c:/programdata/matlab/supportpackages/r2023a/aide/portable/packages/arduino/tools/arm-none-eabi-gcc/4.8.3-2014q1/bin/../lib/gcc/arm-none-eabi/4.8.3/armv6-m/crtbegin.o
LOAD c:/programdata/matlab/supportpackages/r2023a/aide/portable/packages/arduino/tools/arm-none-eabi-gcc/4.8.3-2014q1/bin/../lib/gcc/arm-none-eabi/4.8.3/../../../../arm-none-eabi/lib/armv6-m/crt0.o
START GROUP
LOAD C:/ProgramData/MATLAB/SupportPackages/R2023a/aIDE/portable/packages/arduino/tools/CMSIS/4.5.0/CMSIS/Lib/GCC\libarm_cortexM0l_math.a
LOAD MW_PWM.o
LOAD MW_PWMDriver.o
LOAD ArduinoPinHandleMap.o
LOAD MW_Ultrasonic.o
LOAD xcp_ext_mode.o
LOAD untitled.o
LOAD untitled_data.o
LOAD xcp_ext_common.o
LOAD xcp_ext_classic_trigger.o
LOAD xcp.o
LOAD xcp_standard.o
LOAD xcp_daq.o
LOAD xcp_calibration.o
LOAD xcp_fifo.o
LOAD xcp_transport.o
LOAD xcp_mem_default.o
LOAD xcp_drv_rtiostream.o
LOAD xcp_utils.o
LOAD xcp_frame_serial.o
LOAD xcp_ext_param_default_serial.o
LOAD MW_ArduinoHWInit.o
LOAD io_wrappers.o
LOAD arduinoARM_M0plusScheduler.o
LOAD m0m1m0plus_multitasking.o
LOAD rtiostream_serial_daemon.o
LOAD sys_arch.o
LOAD ert_main.o
LOAD C:/Users/siyan/DOCUME~1/MATLAB/R2023a/ARDUIN~1/ARDUIN~1/FASTER~1/MW_RebuildSrc_Core.o
END GROUP
LOAD c:/programdata/matlab/supportpackages/r2023a/aide/portable/packages/arduino/tools/arm-none-eabi-gcc/4.8.3-2014q1/bin/../lib/gcc/arm-none-eabi/4.8.3/../../../../arm-none-eabi/lib/armv6-m\libm.a
LOAD C:/Users/siyan/DOCUME~1/MATLAB/R2023a/ARDUIN~1/ARDUIN~1/FASTER~1\libcore.a
START GROUP
LOAD c:/programdata/matlab/supportpackages/r2023a/aide/portable/packages/arduino/tools/arm-none-eabi-gcc/4.8.3-2014q1/bin/../lib/gcc/arm-none-eabi/4.8.3/armv6-m\libgcc.a
LOAD c:/programdata/matlab/supportpackages/r2023a/aide/portable/packages/arduino/tools/arm-none-eabi-gcc/4.8.3-2014q1/bin/../lib/gcc/arm-none-eabi/4.8.3/../../../../arm-none-eabi/lib/armv6-m\libg_s.a
LOAD c:/programdata/matlab/supportpackages/r2023a/aide/portable/packages/arduino/tools/arm-none-eabi-gcc/4.8.3-2014q1/bin/../lib/gcc/arm-none-eabi/4.8.3/../../../../arm-none-eabi/lib/armv6-m\libc_s.a
END GROUP
START GROUP
LOAD c:/programdata/matlab/supportpackages/r2023a/aide/portable/packages/arduino/tools/arm-none-eabi-gcc/4.8.3-2014q1/bin/../lib/gcc/arm-none-eabi/4.8.3/armv6-m\libgcc.a
LOAD c:/programdata/matlab/supportpackages/r2023a/aide/portable/packages/arduino/tools/arm-none-eabi-gcc/4.8.3-2014q1/bin/../lib/gcc/arm-none-eabi/4.8.3/../../../../arm-none-eabi/lib/armv6-m\libc_s.a
LOAD c:/programdata/matlab/supportpackages/r2023a/aide/portable/packages/arduino/tools/arm-none-eabi-gcc/4.8.3-2014q1/bin/../lib/gcc/arm-none-eabi/4.8.3/../../../../arm-none-eabi/lib/armv6-m\libnosys.a
END GROUP
START GROUP
LOAD c:/programdata/matlab/supportpackages/r2023a/aide/portable/packages/arduino/tools/arm-none-eabi-gcc/4.8.3-2014q1/bin/../lib/gcc/arm-none-eabi/4.8.3/armv6-m\libgcc.a
LOAD c:/programdata/matlab/supportpackages/r2023a/aide/portable/packages/arduino/tools/arm-none-eabi-gcc/4.8.3-2014q1/bin/../lib/gcc/arm-none-eabi/4.8.3/../../../../arm-none-eabi/lib/armv6-m\libc_s.a
LOAD c:/programdata/matlab/supportpackages/r2023a/aide/portable/packages/arduino/tools/arm-none-eabi-gcc/4.8.3-2014q1/bin/../lib/gcc/arm-none-eabi/4.8.3/../../../../arm-none-eabi/lib/armv6-m\libnosys.a
END GROUP
LOAD c:/programdata/matlab/supportpackages/r2023a/aide/portable/packages/arduino/tools/arm-none-eabi-gcc/4.8.3-2014q1/bin/../lib/gcc/arm-none-eabi/4.8.3/armv6-m/crtend.o
LOAD c:/programdata/matlab/supportpackages/r2023a/aide/portable/packages/arduino/tools/arm-none-eabi-gcc/4.8.3-2014q1/bin/../lib/gcc/arm-none-eabi/4.8.3/armv6-m/crtn.o

.text           0x00002000     0x85e8
                0x00002000                __text_start__ = .
 *(.sketch_boot)
                0x00002000                . = ALIGN (0x2000)
 *(.isr_vector)
 .isr_vector    0x00002000       0xb4 C:/Users/siyan/DOCUME~1/MATLAB/R2023a/ARDUIN~1/ARDUIN~1/FASTER~1\libcore.a(cortex_handlers.o)
                0x00002000                exception_table
 *(.text*)
 .text          0x000020b4       0x60 c:/programdata/matlab/supportpackages/r2023a/aide/portable/packages/arduino/tools/arm-none-eabi-gcc/4.8.3-2014q1/bin/../lib/gcc/arm-none-eabi/4.8.3/armv6-m/crtbegin.o
 *fill*         0x00002114        0x4 
 .text.MW_PWM_SetDutyCycle
                0x00002118       0x58 MW_PWM.o
                0x00002118                MW_PWM_SetDutyCycle
 .text.MW_PWM_GetHandle
                0x00002170       0x24 MW_PWM.o
                0x00002170                MW_PWM_GetHandle
 .text.setPWMHandle
                0x00002194       0x2c MW_PWM.o
                0x00002194                setPWMHandle
 .text.MW_PWM_Open
                0x000021c0       0x58 MW_PWM.o
                0x000021c0                MW_PWM_Open
 .text.MW_PWM_Close
                0x00002218       0x16 MW_PWM.o
                0x00002218                MW_PWM_Close
 *fill*         0x0000222e        0x2 
 .text.MW_analogWrite
                0x00002230       0xd4 MW_PWMDriver.o
                0x00002230                MW_analogWrite
 .text.MW_setAnalogFrequency
                0x00002304      0x13c MW_PWMDriver.o
                0x00002304                MW_setAnalogFrequency
 .text.MW_UltrasonicSetup
                0x00002440       0x14 MW_Ultrasonic.o
                0x00002440                MW_UltrasonicSetup
 .text.MW_UltrasonicRead
                0x00002454       0x78 MW_Ultrasonic.o
                0x00002454                MW_UltrasonicRead
 .text.extmodeParseArgs
                0x000024cc        0x4 xcp_ext_mode.o
                0x000024cc                extmodeParseArgs
 .text.extmodeInit
                0x000024d0       0xa8 xcp_ext_mode.o
                0x000024d0                extmodeInit
 .text.extmodeWaitForHostRequest
                0x00002578       0x88 xcp_ext_mode.o
                0x00002578                extmodeWaitForHostRequest
 .text.extmodeEvent
                0x00002600       0x90 xcp_ext_mode.o
                0x00002600                extmodeEvent
 .text.extmodeBackgroundRun
                0x00002690        0xa xcp_ext_mode.o
                0x00002690                extmodeBackgroundRun
 *fill*         0x0000269a        0x2 
 .text.extmodeReset
                0x0000269c       0x28 xcp_ext_mode.o
                0x0000269c                extmodeReset
 .text.extmodeStopRequested
                0x000026c4        0xc xcp_ext_mode.o
                0x000026c4                extmodeStopRequested
 .text.extmodeSimulationComplete
                0x000026d0        0xc xcp_ext_mode.o
                0x000026d0                extmodeSimulationComplete
 *fill*         0x000026dc        0x4 
 .text.untitled_step
                0x000026e0      0x130 untitled.o
                0x000026e0                untitled_step
 .text.untitled_initialize
                0x00002810       0xd0 untitled.o
                0x00002810                untitled_initialize
 .text.untitled_terminate
                0x000028e0       0x48 untitled.o
                0x000028e0                untitled_terminate
 .text.xcpExtModeUpdateTime
                0x00002928       0xf0 xcp_ext_common.o
                0x00002928                xcpExtModeUpdateTime
 .text.xcpExtModeGetUpdatedTimestamp
                0x00002a18       0x48 xcp_ext_common.o
                0x00002a18                xcpExtModeGetUpdatedTimestamp
 .text.xcpExtModeInit
                0x00002a60       0x50 xcp_ext_common.o
                0x00002a60                xcpExtModeInit
 .text.xcpExtModeRunBackground
                0x00002ab0       0x74 xcp_ext_common.o
                0x00002ab0                xcpExtModeRunBackground
 *fill*         0x00002b24        0x4 
 .text.xcpExtModeReset
                0x00002b28       0xb8 xcp_ext_common.o
                0x00002b28                xcpExtModeReset
 .text.xcpExtModeClassicTriggerInit
                0x00002be0       0x58 xcp_ext_classic_trigger.o
                0x00002be0                xcpExtModeClassicTriggerInit
 .text.xcpExtModeClassicTriggerEnabled
                0x00002c38      0x34c xcp_ext_classic_trigger.o
                0x00002c38                xcpExtModeClassicTriggerEnabled
 *fill*         0x00002f84        0x4 
 .text.xcpExtModeClassicTriggerReset
                0x00002f88       0xc8 xcp_ext_classic_trigger.o
                0x00002f88                xcpExtModeClassicTriggerReset
 .text.xcpExtModeClassicTriggerForceEnableStatusUpdate
                0x00003050       0x50 xcp_ext_classic_trigger.o
                0x00003050                xcpExtModeClassicTriggerForceEnableStatusUpdate
 .text.unknownInputPacketHandler
                0x000030a0        0xa xcp.o
 .text.discardInputPacketHandler
                0x000030aa       0x12 xcp.o
 .text.genericOutputPacketHandler
                0x000030bc       0x68 xcp.o
                0x000030bc                genericOutputPacketHandler
 .text.xcpStatusSet
                0x00003124        0xc xcp.o
                0x00003124                xcpStatusSet
 .text.xcpSessionStatusGet
                0x00003130        0xc xcp.o
                0x00003130                xcpSessionStatusGet
 .text.xcpSessionStatusSetMask
                0x0000313c       0x10 xcp.o
                0x0000313c                xcpSessionStatusSetMask
 .text.xcpSessionStatusClearMask
                0x0000314c       0x10 xcp.o
                0x0000314c                xcpSessionStatusClearMask
 .text.xcpResourceProtectionStatusGet
                0x0000315c        0xc xcp.o
                0x0000315c                xcpResourceProtectionStatusGet
 .text.xcpSessionConfigurationIdGet
                0x00003168        0xc xcp.o
                0x00003168                xcpSessionConfigurationIdGet
 .text.xcpFindPacket
                0x00003174       0x2a xcp.o
                0x00003174                xcpFindPacket
 *fill*         0x0000319e        0x2 
 .text.xcpInit  0x000031a0       0x40 xcp.o
                0x000031a0                xcpInit
 .text.xcpRun   0x000031e0      0x1a0 xcp.o
                0x000031e0                xcpRun
 .text.xcpEventExternalTimestamp
                0x00003380       0x1c xcp.o
                0x00003380                xcpEventExternalTimestamp
 .text.xcpGetStatus
                0x0000339c        0xc xcp.o
                0x0000339c                xcpGetStatus
 .text.xcpReset
                0x000033a8       0x28 xcp.o
                0x000033a8                xcpReset
 .text.xcpPackedModeEventsFlush
                0x000033d0        0x8 xcp.o
                0x000033d0                xcpPackedModeEventsFlush
 .text.xcpPackedModeEventReset
                0x000033d8        0xc xcp.o
                0x000033d8                xcpPackedModeEventReset
 .text.getStatusInputPacketHandler
                0x000033e4        0x8 xcp_standard.o
 .text.getPacket
                0x000033ec       0x10 xcp_standard.o
 .text.uploadInputPacketHandler
                0x000033fc       0x40 xcp_standard.o
 .text.synchInputPacketHandler
                0x0000343c       0x1e xcp_standard.o
 .text.getStatusOutputPacketHandler
                0x0000345a       0x2a xcp_standard.o
 .text.disconnectInputPacketHandler
                0x00003484       0x24 xcp_standard.o
 .text.connectInputPacketHandler
                0x000034a8       0x34 xcp_standard.o
 .text.connectOutputPacketHandler
                0x000034dc       0x3e xcp_standard.o
 *fill*         0x0000351a        0x2 
 .text.xcpStandardInit
                0x0000351c       0x10 xcp_standard.o
                0x0000351c                xcpStandardInit
 .text.xcpStandardGetPacketLookup
                0x0000352c        0xc xcp_standard.o
                0x0000352c                xcpStandardGetPacketLookup
 .text.xcpStandardReset
                0x00003538        0xc xcp_standard.o
                0x00003538                xcpStandardReset
 .text.xcpStandardGetAddressFromMta
                0x00003544        0xc xcp_standard.o
                0x00003544                xcpStandardGetAddressFromMta
 .text.xcpStandardSetMta
                0x00003550       0x1c xcp_standard.o
                0x00003550                xcpStandardSetMta
 .text.shortUploadInputPacketHandler
                0x0000356c       0x54 xcp_standard.o
 .text.setMTAInputPacketHandler
                0x000035c0       0x36 xcp_standard.o
 *fill*         0x000035f6        0x2 
 .text.xcpStandardIncrementMta
                0x000035f8       0x10 xcp_standard.o
                0x000035f8                xcpStandardIncrementMta
 .text.shortUploadOutputPacketHandler
                0x00003608       0x40 xcp_standard.o
 .text.uploadOutputPacketHandler
                0x00003648       0x40 xcp_standard.o
 .text.isActiveDaqList
                0x00003688       0x20 xcp_daq.o
 .text.noActiveDaqLists
                0x000036a8       0x2c xcp_daq.o
 .text.isValidDaqPtr
                0x000036d4       0x44 xcp_daq.o
 .text.isDaqPackedModeEnabled
                0x00003718       0x30 xcp_daq.o
 .text.odtPacketSize
                0x00003748       0x22 xcp_daq.o
 *fill*         0x0000376a        0x2 
 .text.setDaqPtrInputPacketHandler
                0x0000376c       0x50 xcp_daq.o
 .text.writeDaqInputPacketHandler
                0x000037bc       0x98 xcp_daq.o
 .text.setDaqListModeInputPacketHandler
                0x00003854       0x88 xcp_daq.o
 .text.getDaqProcessorInfoInputPacketHandler
                0x000038dc        0x8 xcp_daq.o
 .text.getDaqResolutionInfoInputPacketHandler
                0x000038e4        0x8 xcp_daq.o
 .text.level1CommandInputPacketHandler
                0x000038ec       0x98 xcp_daq.o
 .text.getDaqResolutionInfoOutputPacketHandler
                0x00003984       0x28 xcp_daq.o
 .text.getDaqProcessorInfoOutputPacketHandler
                0x000039ac       0x2a xcp_daq.o
 *fill*         0x000039d6        0x2 
 .text.getPacket
                0x000039d8       0x10 xcp_daq.o
 .text.allocOdtEntryInputPacketHandler
                0x000039e8       0xa0 xcp_daq.o
 .text.allocOdtInputPacketHandler
                0x00003a88       0x8c xcp_daq.o
 .text.allocDaqInputPacketHandler
                0x00003b14       0x8c xcp_daq.o
 .text.createDaqReservedPool
                0x00003ba0       0x42 xcp_daq.o
 *fill*         0x00003be2        0x2 
 .text.startStopDaqListOutputPacketHandler
                0x00003be4       0x2c xcp_daq.o
 .text.xcpDaqWriteLock.isra.2
                0x00003c10       0x28 xcp_daq.o
 .text.xcpDaqWriteUnlock.isra.3
                0x00003c38       0x10 xcp_daq.o
 .text.startStopDaqListInputPacketHandler
                0x00003c48      0x1d8 xcp_daq.o
 .text.startStopSynchInputPacketHandler
                0x00003e20      0x13c xcp_daq.o
 .text.xcpDaqInit
                0x00003f5c       0x2c xcp_daq.o
                0x00003f5c                xcpDaqInit
 .text.xcpDaqGetPacketLookup
                0x00003f88        0xc xcp_daq.o
                0x00003f88                xcpDaqGetPacketLookup
 .text.xcpDaqEvent
                0x00003f94      0x29c xcp_daq.o
                0x00003f94                xcpDaqEvent
 .text.xcpDaqEventsFlush
                0x00004230       0xe0 xcp_daq.o
                0x00004230                xcpDaqEventsFlush
 .text.xcpDaqLock
                0x00004310        0x8 xcp_daq.o
                0x00004310                xcpDaqLock
 .text.xcpDaqUnlock
                0x00004318        0x8 xcp_daq.o
                0x00004318                xcpDaqUnlock
 .text.xcpResetDaqListStatus
                0x00004320       0xb0 xcp_daq.o
                0x00004320                xcpResetDaqListStatus
 .text.freeDaqInputPacketHandler
                0x000043d0       0x24 xcp_daq.o
 .text.xcpDaqReset
                0x000043f4       0x1c xcp_daq.o
                0x000043f4                xcpDaqReset
 .text.getPacket
                0x00004410       0x10 xcp_calibration.o
 .text.shortDownloadInputPacketHandler
                0x00004420       0x60 xcp_calibration.o
 .text.downloadInputPacketHandler
                0x00004480       0x4e xcp_calibration.o
 *fill*         0x000044ce        0x2 
 .text.xcpCalibrationInit
                0x000044d0       0x10 xcp_calibration.o
                0x000044d0                xcpCalibrationInit
 .text.xcpCalibrationGetPacketLookup
                0x000044e0        0xc xcp_calibration.o
                0x000044e0                xcpCalibrationGetPacketLookup
 .text.xcpCalibrationReset
                0x000044ec        0x2 xcp_calibration.o
                0x000044ec                xcpCalibrationReset
 .text.xcpFifoInit
                0x000044ee        0x8 xcp_fifo.o
                0x000044ee                xcpFifoInit
 .text.xcpFifoEnqueue
                0x000044f6        0xc xcp_fifo.o
                0x000044f6                xcpFifoEnqueue
 .text.xcpFifoDequeue
                0x00004502       0x16 xcp_fifo.o
                0x00004502                xcpFifoDequeue
 .text.xcpFifoEnqueueHead
                0x00004518        0xe xcp_fifo.o
                0x00004518                xcpFifoEnqueueHead
 .text.xcpFifoReset
                0x00004526        0x8 xcp_fifo.o
                0x00004526                xcpFifoReset
 *fill*         0x0000452e        0x2 
 .text.xcpTransportEmptyTxFifo
                0x00004530       0x44 xcp_transport.o
 .text.xcpTransportEmptyRxFifo
                0x00004574       0x38 xcp_transport.o
 .text.xcpTransportTxReady
                0x000045ac        0x4 xcp_transport.o
                0x000045ac                xcpTransportTxReady
 .text.xcpTransportTxTrigger
                0x000045b0        0x4 xcp_transport.o
                0x000045b0                xcpTransportTxTrigger
 .text.xcpTransportTx
                0x000045b4       0x8c xcp_transport.o
                0x000045b4                xcpTransportTx
 .text.xcpTransportRx
                0x00004640       0x50 xcp_transport.o
                0x00004640                xcpTransportRx
 .text.xcpTransportPacketOffset
                0x00004690        0xa xcp_transport.o
                0x00004690                xcpTransportPacketOffset
 *fill*         0x0000469a        0x2 
 .text.xcpTransportTxPacketSet
                0x0000469c       0x80 xcp_transport.o
                0x0000469c                xcpTransportTxPacketSet
 .text.xcpTransportRxPacketGet
                0x0000471c       0x84 xcp_transport.o
                0x0000471c                xcpTransportRxPacketGet
 .text.xcpTransportMsgBufferSize
                0x000047a0       0x2a xcp_transport.o
                0x000047a0                xcpTransportMsgBufferSize
 *fill*         0x000047ca        0x2 
 .text.xcpTransportInit
                0x000047cc       0x84 xcp_transport.o
                0x000047cc                xcpTransportInit
 .text.xcpTransportMaxDtoSize
                0x00004850        0x8 xcp_transport.o
                0x00004850                xcpTransportMaxDtoSize
 .text.xcpTransportMaxCtoSize
                0x00004858        0x8 xcp_transport.o
                0x00004858                xcpTransportMaxCtoSize
 .text.xcpTransportRestart
                0x00004860       0x16 xcp_transport.o
                0x00004860                xcpTransportRestart
 .text.xcpTransportResynch
                0x00004876       0x12 xcp_transport.o
                0x00004876                xcpTransportResynch
 .text.xcpTransportCtoReservedMemPoolId
                0x00004888        0xc xcp_transport.o
                0x00004888                xcpTransportCtoReservedMemPoolId
 .text.xcpTransportReset
                0x00004894       0x58 xcp_transport.o
                0x00004894                xcpTransportReset
 .text.xcpInitializePoolMemoryArea
                0x000048ec       0x34 xcp_mem_default.o
 .text.xcpMemInit
                0x00004920       0xb0 xcp_mem_default.o
                0x00004920                xcpMemInit
 .text.xcpMemAlloc
                0x000049d0       0x64 xcp_mem_default.o
                0x000049d0                xcpMemAlloc
 .text.xcpMemFree
                0x00004a34       0x78 xcp_mem_default.o
                0x00004a34                xcpMemFree
 .text.xcpMemReservedPoolCreate
                0x00004aac       0xf0 xcp_mem_default.o
                0x00004aac                xcpMemReservedPoolCreate
 .text.xcpMemReservedPoolDestroy
                0x00004b9c       0x90 xcp_mem_default.o
                0x00004b9c                xcpMemReservedPoolDestroy
 .text.xcpMemCustomPoolCreate
                0x00004c2c       0x54 xcp_mem_default.o
                0x00004c2c                xcpMemCustomPoolCreate
 .text.xcpMemCustomPoolDestroy
                0x00004c80       0x2c xcp_mem_default.o
                0x00004c80                xcpMemCustomPoolDestroy
 .text.xcpMemAllocFromPool
                0x00004cac       0x7c xcp_mem_default.o
                0x00004cac                xcpMemAllocFromPool
 .text.xcpMemReset
                0x00004d28       0x48 xcp_mem_default.o
                0x00004d28                xcpMemReset
 .text.xcpDrvOpen
                0x00004d70       0x24 xcp_drv_rtiostream.o
                0x00004d70                xcpDrvOpen
 .text.xcpDrvIoctl
                0x00004d94       0x18 xcp_drv_rtiostream.o
                0x00004d94                xcpDrvIoctl
 .text.xcpDrvSend
                0x00004dac       0x94 xcp_drv_rtiostream.o
                0x00004dac                xcpDrvSend
 .text.xcpDrvRecv
                0x00004e40       0x94 xcp_drv_rtiostream.o
                0x00004e40                xcpDrvRecv
 .text.xcpDrvClose
                0x00004ed4       0x28 xcp_drv_rtiostream.o
                0x00004ed4                xcpDrvClose
 .text.xcpSortArray
                0x00004efc       0x3e xcp_utils.o
                0x00004efc                xcpSortArray
 *fill*         0x00004f3a        0x2 
 .text.xcpSxiChecksum
                0x00004f3c       0x20 xcp_frame_serial.o
                0x00004f3c                xcpSxiChecksum
 .text.xcpFrameInit
                0x00004f5c       0x3c xcp_frame_serial.o
                0x00004f5c                xcpFrameInit
 .text.xcpFrameMsgSend
                0x00004f98       0xa4 xcp_frame_serial.o
                0x00004f98                xcpFrameMsgSend
 .text.xcpFrameMsgRecv
                0x0000503c       0xbc xcp_frame_serial.o
                0x0000503c                xcpFrameMsgRecv
 .text.xcpFrameCreateMsg
                0x000050f8       0x28 xcp_frame_serial.o
                0x000050f8                xcpFrameCreateMsg
 .text.xcpFrameExtractPacket
                0x00005120       0xa8 xcp_frame_serial.o
                0x00005120                xcpFrameExtractPacket
 .text.xcpFrameHeaderSize
                0x000051c8        0x4 xcp_frame_serial.o
                0x000051c8                xcpFrameHeaderSize
 .text.xcpFrameTailSize
                0x000051cc        0x4 xcp_frame_serial.o
                0x000051cc                xcpFrameTailSize
 .text.xcpFrameMaxDtoSize
                0x000051d0        0x8 xcp_frame_serial.o
                0x000051d0                xcpFrameMaxDtoSize
 .text.xcpFrameMaxCtoSize
                0x000051d8        0x4 xcp_frame_serial.o
                0x000051d8                xcpFrameMaxCtoSize
 .text.xcpFrameRestart
                0x000051dc       0x1c xcp_frame_serial.o
                0x000051dc                xcpFrameRestart
 .text.xcpFrameSetCtoReservedMemPoolId
                0x000051f8        0xc xcp_frame_serial.o
                0x000051f8                xcpFrameSetCtoReservedMemPoolId
 .text.xcpFrameReset
                0x00005204       0x38 xcp_frame_serial.o
                0x00005204                xcpFrameReset
 .text.xcpTransportGetInitParameters
                0x0000523c       0x10 xcp_ext_param_default_serial.o
                0x0000523c                xcpTransportGetInitParameters
 .text.xcpGetInitParameters
                0x0000524c       0x10 xcp_ext_param_default_serial.o
                0x0000524c                xcpGetInitParameters
 .text.MW_Arduino_Init
                0x0000525c       0x14 MW_ArduinoHWInit.o
                0x0000525c                MW_Arduino_Init
 .text.MW_Arduino_Terminate
                0x00005270        0x8 MW_ArduinoHWInit.o
                0x00005270                MW_Arduino_Terminate
 .text.MW_usbattach
                0x00005278       0x1c io_wrappers.o
                0x00005278                MW_usbattach
 .text.Serial_begin
                0x00005294       0x48 io_wrappers.o
                0x00005294                Serial_begin
 .text._ZL13Scheduler_Isrv
                0x000052dc        0xc arduinoARM_M0plusScheduler.o
 .text.resetExternalChip
                0x000052e8        0x2 arduinoARM_M0plusScheduler.o
                0x000052e8                resetExternalChip
 *fill*         0x000052ea        0x2 
 .text.RTC_Handler
                0x000052ec       0x20 arduinoARM_M0plusScheduler.o
                0x000052ec                RTC_Handler
 .text.Setup_SchedulerRTC
                0x0000530c       0xac arduinoARM_M0plusScheduler.o
                0x0000530c                Setup_SchedulerRTC
 .text.configureArduinoARM_M0plusTimer
                0x000053b8       0x14 arduinoARM_M0plusScheduler.o
                0x000053b8                configureArduinoARM_M0plusTimer
 .text.disable_rt_OneStep
                0x000053cc       0x14 arduinoARM_M0plusScheduler.o
                0x000053cc                disable_rt_OneStep
 .text.MW_Arduino_Loop
                0x000053e0        0x4 arduinoARM_M0plusScheduler.o
                0x000053e0                MW_Arduino_Loop
 .text.arm_cortex_m_call_thread_with_context_switch
                0x000053e4       0x24 m0m1m0plus_multitasking.o
                0x000053e4                arm_cortex_m_call_thread_with_context_switch
 .text.SVC_Handler
                0x00005408       0x2c m0m1m0plus_multitasking.o
                0x00005408                SVC_Handler
 .text.rtIOStreamOpen
                0x00005434       0x2c rtiostream_serial_daemon.o
                0x00005434                rtIOStreamOpen
 .text.rtIOStreamRecv
                0x00005460       0x64 rtiostream_serial_daemon.o
                0x00005460                rtIOStreamRecv
 .text.rtIOStreamClose
                0x000054c4       0x24 rtiostream_serial_daemon.o
                0x000054c4                rtIOStreamClose
 .text.rtIOStreamSend
                0x000054e8       0x18 rtiostream_serial_daemon.o
                0x000054e8                rtIOStreamSend
 .text.sys_arch_protect
                0x00005500        0x8 sys_arch.o
                0x00005500                sys_arch_protect
 .text.sys_arch_unprotect
                0x00005508        0x6 sys_arch.o
                0x00005508                sys_arch_unprotect
 *fill*         0x0000550e        0x2 
 .text.rt_OneStep
                0x00005510       0x48 ert_main.o
                0x00005510                rt_OneStep
 .text.startup.main
                0x00005558       0xf0 ert_main.o
                0x00005558                main
 .text.fmod     0x00005648       0xd0 c:/programdata/matlab/supportpackages/r2023a/aide/portable/packages/arduino/tools/arm-none-eabi-gcc/4.8.3-2014q1/bin/../lib/gcc/arm-none-eabi/4.8.3/../../../../arm-none-eabi/lib/armv6-m\libm.a(lib_a-w_fmod.o)
                0x00005648                fmod
 .text.__ieee754_fmod
                0x00005718      0x29c c:/programdata/matlab/supportpackages/r2023a/aide/portable/packages/arduino/tools/arm-none-eabi-gcc/4.8.3-2014q1/bin/../lib/gcc/arm-none-eabi/4.8.3/../../../../arm-none-eabi/lib/armv6-m\libm.a(lib_a-e_fmod.o)
                0x00005718                __ieee754_fmod
 .text.__fpclassifyd
                0x000059b4       0x60 c:/programdata/matlab/supportpackages/r2023a/aide/portable/packages/arduino/tools/arm-none-eabi-gcc/4.8.3-2014q1/bin/../lib/gcc/arm-none-eabi/4.8.3/../../../../arm-none-eabi/lib/armv6-m\libm.a(lib_a-s_fpclassify.o)
                0x000059b4                __fpclassifyd
 .text.matherr  0x00005a14        0x4 c:/programdata/matlab/supportpackages/r2023a/aide/portable/packages/arduino/tools/arm-none-eabi-gcc/4.8.3-2014q1/bin/../lib/gcc/arm-none-eabi/4.8.3/../../../../arm-none-eabi/lib/armv6-m\libm.a(lib_a-s_matherr.o)
                0x00005a14                matherr
 .text.Dummy_Handler
                0x00005a18        0x2 C:/Users/siyan/DOCUME~1/MATLAB/R2023a/ARDUIN~1/ARDUIN~1/FASTER~1\libcore.a(cortex_handlers.o)
                0x00005a18                DMAC_Handler
                0x00005a18                HardFault_Handler
                0x00005a18                AC_Handler
                0x00005a18                PendSV_Handler
                0x00005a18                NMI_Handler
                0x00005a18                TC7_Handler
                0x00005a18                SERCOM1_Handler
                0x00005a18                ADC_Handler
                0x00005a18                TCC1_Handler
                0x00005a18                TCC0_Handler
                0x00005a18                EIC_Handler
                0x00005a18                TC6_Handler
                0x00005a18                WDT_Handler
                0x00005a18                TC4_Handler
                0x00005a18                TC3_Handler
                0x00005a18                Dummy_Handler
                0x00005a18                PM_Handler
                0x00005a18                TCC2_Handler
                0x00005a18                EVSYS_Handler
                0x00005a18                SERCOM4_Handler
                0x00005a18                I2S_Handler
                0x00005a18                NVMCTRL_Handler
                0x00005a18                SERCOM0_Handler
                0x00005a18                DAC_Handler
                0x00005a18                PTC_Handler
                0x00005a18                SYSCTRL_Handler
 *fill*         0x00005a1a        0x2 
 .text.USB_Handler
                0x00005a1c       0x14 C:/Users/siyan/DOCUME~1/MATLAB/R2023a/ARDUIN~1/ARDUIN~1/FASTER~1\libcore.a(cortex_handlers.o)
                0x00005a1c                USB_Handler
 .text.Reset_Handler
                0x00005a30       0x54 C:/Users/siyan/DOCUME~1/MATLAB/R2023a/ARDUIN~1/ARDUIN~1/FASTER~1\libcore.a(cortex_handlers.o)
                0x00005a30                Reset_Handler
 .text.SysTick_Handler
                0x00005a84       0x10 C:/Users/siyan/DOCUME~1/MATLAB/R2023a/ARDUIN~1/ARDUIN~1/FASTER~1\libcore.a(cortex_handlers.o)
                0x00005a84                SysTick_Handler
 .text.USB_SetHandler
                0x00005a94        0xc C:/Users/siyan/DOCUME~1/MATLAB/R2023a/ARDUIN~1/ARDUIN~1/FASTER~1\libcore.a(cortex_handlers.o)
                0x00005a94                USB_SetHandler
 .text.__empty  0x00005aa0        0x2 C:/Users/siyan/DOCUME~1/MATLAB/R2023a/ARDUIN~1/ARDUIN~1/FASTER~1\libcore.a(hooks.o)
                0x00005aa0                yield
 .text.__false  0x00005aa2        0x4 C:/Users/siyan/DOCUME~1/MATLAB/R2023a/ARDUIN~1/ARDUIN~1/FASTER~1\libcore.a(hooks.o)
                0x00005aa2                sysTickHook
 *fill*         0x00005aa6        0x2 
 .text.micros   0x00005aa8       0x64 C:/Users/siyan/DOCUME~1/MATLAB/R2023a/ARDUIN~1/ARDUIN~1/FASTER~1\libcore.a(delay.o)
                0x00005aa8                micros
 .text.delay    0x00005b0c       0x34 C:/Users/siyan/DOCUME~1/MATLAB/R2023a/ARDUIN~1/ARDUIN~1/FASTER~1\libcore.a(delay.o)
                0x00005b0c                delay
 .text.SysTick_DefaultHandler
                0x00005b40       0x14 C:/Users/siyan/DOCUME~1/MATLAB/R2023a/ARDUIN~1/ARDUIN~1/FASTER~1\libcore.a(delay.o)
                0x00005b40                SysTick_DefaultHandler
 .text.SystemInit
                0x00005b54      0x198 C:/Users/siyan/DOCUME~1/MATLAB/R2023a/ARDUIN~1/ARDUIN~1/FASTER~1\libcore.a(startup.o)
                0x00005b54                SystemInit
 .text.pulseIn  0x00005cec       0x80 C:/Users/siyan/DOCUME~1/MATLAB/R2023a/ARDUIN~1/ARDUIN~1/FASTER~1\libcore.a(pulse.o)
                0x00005cec                pulseIn
 .text.init     0x00005d6c       0xf0 C:/Users/siyan/DOCUME~1/MATLAB/R2023a/ARDUIN~1/ARDUIN~1/FASTER~1\libcore.a(wiring.o)
                0x00005d6c                init
 .text.mapResolution
                0x00005e5c       0x12 C:/Users/siyan/DOCUME~1/MATLAB/R2023a/ARDUIN~1/ARDUIN~1/FASTER~1\libcore.a(wiring_analog.o)
 *fill*         0x00005e6e        0x2 
 .text.analogReference
                0x00005e70       0x5c C:/Users/siyan/DOCUME~1/MATLAB/R2023a/ARDUIN~1/ARDUIN~1/FASTER~1\libcore.a(wiring_analog.o)
                0x00005e70                analogReference
 .text.analogWrite
                0x00005ecc      0x1e4 C:/Users/siyan/DOCUME~1/MATLAB/R2023a/ARDUIN~1/ARDUIN~1/FASTER~1\libcore.a(wiring_analog.o)
                0x00005ecc                analogWrite
 .text.pinMode  0x000060b0       0xb4 C:/Users/siyan/DOCUME~1/MATLAB/R2023a/ARDUIN~1/ARDUIN~1/FASTER~1\libcore.a(wiring_digital.o)
                0x000060b0                pinMode
 .text.digitalWrite
                0x00006164       0x60 C:/Users/siyan/DOCUME~1/MATLAB/R2023a/ARDUIN~1/ARDUIN~1/FASTER~1\libcore.a(wiring_digital.o)
                0x00006164                digitalWrite
 .text.pinPeripheral
                0x000061c4       0xc4 C:/Users/siyan/DOCUME~1/MATLAB/R2023a/ARDUIN~1/ARDUIN~1/FASTER~1\libcore.a(wiring_private.o)
                0x000061c4                pinPeripheral
 .text.initiateReset
                0x00006288       0x14 C:/Users/siyan/DOCUME~1/MATLAB/R2023a/ARDUIN~1/ARDUIN~1/FASTER~1\libcore.a(Reset.o)
                0x00006288                initiateReset
 .text.cancelReset
                0x0000629c       0x10 C:/Users/siyan/DOCUME~1/MATLAB/R2023a/ARDUIN~1/ARDUIN~1/FASTER~1\libcore.a(Reset.o)
                0x0000629c                cancelReset
 .text.tickReset
                0x000062ac       0x74 C:/Users/siyan/DOCUME~1/MATLAB/R2023a/ARDUIN~1/ARDUIN~1/FASTER~1\libcore.a(Reset.o)
                0x000062ac                tickReset
 .text._ZN4UartcvbEv
                0x00006320        0x4 C:/Users/siyan/DOCUME~1/MATLAB/R2023a/ARDUIN~1/ARDUIN~1/FASTER~1\libcore.a(Uart.o)
                0x00006320                Uart::operator bool()
 .text._ZN4Uart5beginEm
                0x00006324       0x10 C:/Users/siyan/DOCUME~1/MATLAB/R2023a/ARDUIN~1/ARDUIN~1/FASTER~1\libcore.a(Uart.o)
                0x00006324                Uart::begin(unsigned long)
 .text._ZN4Uart4peekEv
                0x00006334       0x1a C:/Users/siyan/DOCUME~1/MATLAB/R2023a/ARDUIN~1/ARDUIN~1/FASTER~1\libcore.a(Uart.o)
                0x00006334                Uart::peek()
 .text._ZN4Uart3endEv
                0x0000634e       0x20 C:/Users/siyan/DOCUME~1/MATLAB/R2023a/ARDUIN~1/ARDUIN~1/FASTER~1\libcore.a(Uart.o)
                0x0000634e                Uart::end()
 *fill*         0x0000636e        0x2 
 .text._ZN4UartC2EP6SERCOMhh11SercomRXPad15SercomUartTXPadhh
                0x00006370       0xa4 C:/Users/siyan/DOCUME~1/MATLAB/R2023a/ARDUIN~1/ARDUIN~1/FASTER~1\libcore.a(Uart.o)
                0x00006370                Uart::Uart(SERCOM*, unsigned char, unsigned char, SercomRXPad, SercomUartTXPad, unsigned char, unsigned char)
                0x00006370                Uart::Uart(SERCOM*, unsigned char, unsigned char, SercomRXPad, SercomUartTXPad, unsigned char, unsigned char)
 .text._ZN4UartC2EP6SERCOMhh11SercomRXPad15SercomUartTXPad
                0x00006414       0x24 C:/Users/siyan/DOCUME~1/MATLAB/R2023a/ARDUIN~1/ARDUIN~1/FASTER~1\libcore.a(Uart.o)
                0x00006414                Uart::Uart(SERCOM*, unsigned char, unsigned char, SercomRXPad, SercomUartTXPad)
                0x00006414                Uart::Uart(SERCOM*, unsigned char, unsigned char, SercomRXPad, SercomUartTXPad)
 .text._ZN4Uart16extractNbStopBitEt
                0x00006438        0xe C:/Users/siyan/DOCUME~1/MATLAB/R2023a/ARDUIN~1/ARDUIN~1/FASTER~1\libcore.a(Uart.o)
                0x00006438                Uart::extractNbStopBit(unsigned short)
 .text._ZN4Uart15extractCharSizeEt
                0x00006446       0x2c C:/Users/siyan/DOCUME~1/MATLAB/R2023a/ARDUIN~1/ARDUIN~1/FASTER~1\libcore.a(Uart.o)
                0x00006446                Uart::extractCharSize(unsigned short)
 .text._ZN4Uart13extractParityEt
                0x00006472       0x18 C:/Users/siyan/DOCUME~1/MATLAB/R2023a/ARDUIN~1/ARDUIN~1/FASTER~1\libcore.a(Uart.o)
                0x00006472                Uart::extractParity(unsigned short)
 *fill*         0x0000648a        0x2 
 .text._ZN4Uart5beginEmt
                0x0000648c       0xf8 C:/Users/siyan/DOCUME~1/MATLAB/R2023a/ARDUIN~1/ARDUIN~1/FASTER~1\libcore.a(Uart.o)
                0x0000648c                Uart::begin(unsigned long, unsigned short)
 .text._ZN11RingBufferNILi256EE9availableEv
                0x00006584       0x12 C:/Users/siyan/DOCUME~1/MATLAB/R2023a/ARDUIN~1/ARDUIN~1/FASTER~1\libcore.a(Uart.o)
                0x00006584                RingBufferN<256>::available()
 .text._ZN4Uart5flushEv
                0x00006596       0x1a C:/Users/siyan/DOCUME~1/MATLAB/R2023a/ARDUIN~1/ARDUIN~1/FASTER~1\libcore.a(Uart.o)
                0x00006596                Uart::flush()
 .text._ZN4Uart9availableEv
                0x000065b0        0xa C:/Users/siyan/DOCUME~1/MATLAB/R2023a/ARDUIN~1/ARDUIN~1/FASTER~1\libcore.a(Uart.o)
                0x000065b0                Uart::available()
 .text._ZN11RingBufferNILi256EE17availableForStoreEv
                0x000065ba       0x1e C:/Users/siyan/DOCUME~1/MATLAB/R2023a/ARDUIN~1/ARDUIN~1/FASTER~1\libcore.a(Uart.o)
                0x000065ba                RingBufferN<256>::availableForStore()
 .text._ZN4Uart17availableForWriteEv
                0x000065d8        0xc C:/Users/siyan/DOCUME~1/MATLAB/R2023a/ARDUIN~1/ARDUIN~1/FASTER~1\libcore.a(Uart.o)
                0x000065d8                Uart::availableForWrite()
 .text._ZN4Uart10IrqHandlerEv
                0x000065e4       0xc8 C:/Users/siyan/DOCUME~1/MATLAB/R2023a/ARDUIN~1/ARDUIN~1/FASTER~1\libcore.a(Uart.o)
                0x000065e4                Uart::IrqHandler()
 .text._ZN4Uart5writeEh
                0x000066ac       0xb4 C:/Users/siyan/DOCUME~1/MATLAB/R2023a/ARDUIN~1/ARDUIN~1/FASTER~1\libcore.a(Uart.o)
                0x000066ac                Uart::write(unsigned char)
 .text._ZN4Uart4readEv
                0x00006760       0x4c C:/Users/siyan/DOCUME~1/MATLAB/R2023a/ARDUIN~1/ARDUIN~1/FASTER~1\libcore.a(Uart.o)
                0x00006760                Uart::read()
 .text._ZN7Serial_13getDescriptorER8USBSetup
                0x000067ac        0x4 C:/Users/siyan/DOCUME~1/MATLAB/R2023a/ARDUIN~1/ARDUIN~1/FASTER~1\libcore.a(CDC.o)
                0x000067ac                Serial_::getDescriptor(USBSetup&)
 .text._ZThn16_N7Serial_13getDescriptorER8USBSetup
                0x000067b0       0x10 C:/Users/siyan/DOCUME~1/MATLAB/R2023a/ARDUIN~1/ARDUIN~1/FASTER~1\libcore.a(CDC.o)
                0x000067b0                non-virtual thunk to Serial_::getDescriptor(USBSetup&)
 .text._ZL5utox8mPc
                0x000067c0       0x1c C:/Users/siyan/DOCUME~1/MATLAB/R2023a/ARDUIN~1/ARDUIN~1/FASTER~1\libcore.a(CDC.o)
 .text._ZN7Serial_12getShortNameEPc
                0x000067dc       0x44 C:/Users/siyan/DOCUME~1/MATLAB/R2023a/ARDUIN~1/ARDUIN~1/FASTER~1\libcore.a(CDC.o)
                0x000067dc                Serial_::getShortName(char*)
 .text._ZThn16_N7Serial_12getShortNameEPc
                0x00006820       0x10 C:/Users/siyan/DOCUME~1/MATLAB/R2023a/ARDUIN~1/ARDUIN~1/FASTER~1\libcore.a(CDC.o)
                0x00006820                non-virtual thunk to Serial_::getShortName(char*)
 .text._ZN7Serial_14handleEndpointEi
                0x00006830        0x2 C:/Users/siyan/DOCUME~1/MATLAB/R2023a/ARDUIN~1/ARDUIN~1/FASTER~1\libcore.a(CDC.o)
                0x00006830                Serial_::handleEndpoint(int)
 *fill*         0x00006832        0x2 
 .text._ZThn16_N7Serial_14handleEndpointEi
                0x00006834       0x10 C:/Users/siyan/DOCUME~1/MATLAB/R2023a/ARDUIN~1/ARDUIN~1/FASTER~1\libcore.a(CDC.o)
                0x00006834                non-virtual thunk to Serial_::handleEndpoint(int)
 .text._ZN7Serial_17availableForWriteEv
                0x00006844        0x4 C:/Users/siyan/DOCUME~1/MATLAB/R2023a/ARDUIN~1/ARDUIN~1/FASTER~1\libcore.a(CDC.o)
                0x00006844                Serial_::availableForWrite()
 .text._ZN7Serial_5writeEh
                0x00006848       0x14 C:/Users/siyan/DOCUME~1/MATLAB/R2023a/ARDUIN~1/ARDUIN~1/FASTER~1\libcore.a(CDC.o)
                0x00006848                Serial_::write(unsigned char)
 .text._ZN7Serial_12getInterfaceEPh
                0x0000685c      0x104 C:/Users/siyan/DOCUME~1/MATLAB/R2023a/ARDUIN~1/ARDUIN~1/FASTER~1\libcore.a(CDC.o)
                0x0000685c                Serial_::getInterface(unsigned char*)
 .text._ZThn16_N7Serial_12getInterfaceEPh
                0x00006960       0x10 C:/Users/siyan/DOCUME~1/MATLAB/R2023a/ARDUIN~1/ARDUIN~1/FASTER~1\libcore.a(CDC.o)
                0x00006960                non-virtual thunk to Serial_::getInterface(unsigned char*)
 .text._ZN7Serial_5setupER8USBSetup
                0x00006970       0x98 C:/Users/siyan/DOCUME~1/MATLAB/R2023a/ARDUIN~1/ARDUIN~1/FASTER~1\libcore.a(CDC.o)
                0x00006970                Serial_::setup(USBSetup&)
 .text._ZThn16_N7Serial_5setupER8USBSetup
                0x00006a08       0x10 C:/Users/siyan/DOCUME~1/MATLAB/R2023a/ARDUIN~1/ARDUIN~1/FASTER~1\libcore.a(CDC.o)
                0x00006a08                non-virtual thunk to Serial_::setup(USBSetup&)
 .text._ZN7Serial_9availableEv
                0x00006a18       0x20 C:/Users/siyan/DOCUME~1/MATLAB/R2023a/ARDUIN~1/ARDUIN~1/FASTER~1\libcore.a(CDC.o)
                0x00006a18                Serial_::available()
 .text._ZN7Serial_5flushEv
                0x00006a38       0x10 C:/Users/siyan/DOCUME~1/MATLAB/R2023a/ARDUIN~1/ARDUIN~1/FASTER~1\libcore.a(CDC.o)
                0x00006a38                Serial_::flush()
 .text._ZN7Serial_5clearEv
                0x00006a48       0x10 C:/Users/siyan/DOCUME~1/MATLAB/R2023a/ARDUIN~1/ARDUIN~1/FASTER~1\libcore.a(CDC.o)
                0x00006a48                Serial_::clear()
 .text._ZN7Serial_5writeEPKhj
                0x00006a58       0x1e C:/Users/siyan/DOCUME~1/MATLAB/R2023a/ARDUIN~1/ARDUIN~1/FASTER~1\libcore.a(CDC.o)
                0x00006a58                Serial_::write(unsigned char const*, unsigned int)
 *fill*         0x00006a76        0x2 
 .text._ZN7Serial_4peekEv
                0x00006a78       0x1c C:/Users/siyan/DOCUME~1/MATLAB/R2023a/ARDUIN~1/ARDUIN~1/FASTER~1\libcore.a(CDC.o)
                0x00006a78                Serial_::peek()
 .text._ZN7Serial_4readEv
                0x00006a94       0x24 C:/Users/siyan/DOCUME~1/MATLAB/R2023a/ARDUIN~1/ARDUIN~1/FASTER~1\libcore.a(CDC.o)
                0x00006a94                Serial_::read()
 .text._ZN7Serial_C2ER14USBDeviceClass
                0x00006ab8       0x4c C:/Users/siyan/DOCUME~1/MATLAB/R2023a/ARDUIN~1/ARDUIN~1/FASTER~1\libcore.a(CDC.o)
                0x00006ab8                Serial_::Serial_(USBDeviceClass&)
                0x00006ab8                Serial_::Serial_(USBDeviceClass&)
 .text._ZN7Serial_15enableInterruptEv
                0x00006b04       0x30 C:/Users/siyan/DOCUME~1/MATLAB/R2023a/ARDUIN~1/ARDUIN~1/FASTER~1\libcore.a(CDC.o)
                0x00006b04                Serial_::enableInterrupt()
 .text._ZN7Serial_5beginEm
                0x00006b34        0x2 C:/Users/siyan/DOCUME~1/MATLAB/R2023a/ARDUIN~1/ARDUIN~1/FASTER~1\libcore.a(CDC.o)
                0x00006b34                Serial_::begin(unsigned long)
 .text._ZN7Serial_5beginEmh
                0x00006b36        0x2 C:/Users/siyan/DOCUME~1/MATLAB/R2023a/ARDUIN~1/ARDUIN~1/FASTER~1\libcore.a(CDC.o)
                0x00006b36                Serial_::begin(unsigned long, unsigned char)
 .text.startup._GLOBAL__sub_I__ZN7Serial_12getInterfaceEPh
                0x00006b38       0x14 C:/Users/siyan/DOCUME~1/MATLAB/R2023a/ARDUIN~1/ARDUIN~1/FASTER~1\libcore.a(CDC.o)
 .text._ZN13PluggableUSB_12getInterfaceEPh
                0x00006b4c       0x2a C:/Users/siyan/DOCUME~1/MATLAB/R2023a/ARDUIN~1/ARDUIN~1/FASTER~1\libcore.a(PluggableUSB.o)
                0x00006b4c                PluggableUSB_::getInterface(unsigned char*)
 .text._ZN13PluggableUSB_13getDescriptorER8USBSetup
                0x00006b76       0x20 C:/Users/siyan/DOCUME~1/MATLAB/R2023a/ARDUIN~1/ARDUIN~1/FASTER~1\libcore.a(PluggableUSB.o)
                0x00006b76                PluggableUSB_::getDescriptor(USBSetup&)
 .text._ZN13PluggableUSB_12getShortNameEPc
                0x00006b96       0x26 C:/Users/siyan/DOCUME~1/MATLAB/R2023a/ARDUIN~1/ARDUIN~1/FASTER~1\libcore.a(PluggableUSB.o)
                0x00006b96                PluggableUSB_::getShortName(char*)
 .text._ZN13PluggableUSB_5setupER8USBSetup
                0x00006bbc       0x24 C:/Users/siyan/DOCUME~1/MATLAB/R2023a/ARDUIN~1/ARDUIN~1/FASTER~1\libcore.a(PluggableUSB.o)
                0x00006bbc                PluggableUSB_::setup(USBSetup&)
 .text._ZN13PluggableUSB_14handleEndpointEi
                0x00006be0       0x1a C:/Users/siyan/DOCUME~1/MATLAB/R2023a/ARDUIN~1/ARDUIN~1/FASTER~1\libcore.a(PluggableUSB.o)
                0x00006be0                PluggableUSB_::handleEndpoint(int)
 *fill*         0x00006bfa        0x2 
 .text._ZN13PluggableUSB_4plugEP18PluggableUSBModule
                0x00006bfc       0x60 C:/Users/siyan/DOCUME~1/MATLAB/R2023a/ARDUIN~1/ARDUIN~1/FASTER~1\libcore.a(PluggableUSB.o)
                0x00006bfc                PluggableUSB_::plug(PluggableUSBModule*)
 .text._Z12PluggableUSBv
                0x00006c5c       0x20 C:/Users/siyan/DOCUME~1/MATLAB/R2023a/ARDUIN~1/ARDUIN~1/FASTER~1\libcore.a(PluggableUSB.o)
                0x00006c5c                PluggableUSB()
 .text._ZN26DoubleBufferedEPOutHandlerD2Ev
                0x00006c7c        0xc C:/Users/siyan/DOCUME~1/MATLAB/R2023a/ARDUIN~1/ARDUIN~1/FASTER~1\libcore.a(USBCore.o)
                0x00006c7c                DoubleBufferedEPOutHandler::~DoubleBufferedEPOutHandler()
                0x00006c7c                DoubleBufferedEPOutHandler::~DoubleBufferedEPOutHandler()
 .text._ZN26DoubleBufferedEPOutHandlerD0Ev
                0x00006c88       0x14 C:/Users/siyan/DOCUME~1/MATLAB/R2023a/ARDUIN~1/ARDUIN~1/FASTER~1\libcore.a(USBCore.o)
                0x00006c88                DoubleBufferedEPOutHandler::~DoubleBufferedEPOutHandler()
 .text._ZN14USBDeviceClass6initEPEmm.part.7
                0x00006c9c       0xbc C:/Users/siyan/DOCUME~1/MATLAB/R2023a/ARDUIN~1/ARDUIN~1/FASTER~1\libcore.a(USBCore.o)
 .text._ZN7__GuardC2Ev
                0x00006d58        0xe C:/Users/siyan/DOCUME~1/MATLAB/R2023a/ARDUIN~1/ARDUIN~1/FASTER~1\libcore.a(USBCore.o)
                0x00006d58                __Guard::__Guard()
                0x00006d58                __Guard::__Guard()
 .text._ZN7__GuardD2Ev
                0x00006d66        0xe C:/Users/siyan/DOCUME~1/MATLAB/R2023a/ARDUIN~1/ARDUIN~1/FASTER~1\libcore.a(USBCore.o)
                0x00006d66                __Guard::~__Guard()
                0x00006d66                __Guard::~__Guard()
 .text._ZNK26DoubleBufferedEPOutHandler10_availableEv
                0x00006d74       0x72 C:/Users/siyan/DOCUME~1/MATLAB/R2023a/ARDUIN~1/ARDUIN~1/FASTER~1\libcore.a(USBCore.o)
                0x00006d74                DoubleBufferedEPOutHandler::_available() const
 *fill*         0x00006de6        0x2 
 .text._ZN26DoubleBufferedEPOutHandler7releaseEv
                0x00006de8       0x38 C:/Users/siyan/DOCUME~1/MATLAB/R2023a/ARDUIN~1/ARDUIN~1/FASTER~1\libcore.a(USBCore.o)
                0x00006de8                DoubleBufferedEPOutHandler::release()
 .text._ZN26DoubleBufferedEPOutHandler14handleEndpointEv
                0x00006e20       0xe4 C:/Users/siyan/DOCUME~1/MATLAB/R2023a/ARDUIN~1/ARDUIN~1/FASTER~1\libcore.a(USBCore.o)
                0x00006e20                DoubleBufferedEPOutHandler::handleEndpoint()
 .text._ZN26DoubleBufferedEPOutHandler5_recvEv
                0x00006f04      0x18e C:/Users/siyan/DOCUME~1/MATLAB/R2023a/ARDUIN~1/ARDUIN~1/FASTER~1\libcore.a(USBCore.o)
                0x00006f04                DoubleBufferedEPOutHandler::_recv()
 .text._ZN26DoubleBufferedEPOutHandler9availableEv
                0x00007092       0x18 C:/Users/siyan/DOCUME~1/MATLAB/R2023a/ARDUIN~1/ARDUIN~1/FASTER~1\libcore.a(USBCore.o)
                0x00007092                DoubleBufferedEPOutHandler::available()
 .text._ZN26DoubleBufferedEPOutHandler4peekEv
                0x000070aa       0x22 C:/Users/siyan/DOCUME~1/MATLAB/R2023a/ARDUIN~1/ARDUIN~1/FASTER~1\libcore.a(USBCore.o)
                0x000070aa                DoubleBufferedEPOutHandler::peek()
 .text._ZN26DoubleBufferedEPOutHandler4recvEPvm
                0x000070cc       0x66 C:/Users/siyan/DOCUME~1/MATLAB/R2023a/ARDUIN~1/ARDUIN~1/FASTER~1\libcore.a(USBCore.o)
                0x000070cc                DoubleBufferedEPOutHandler::recv(void*, unsigned long)
 .text._ZN14USBDeviceClass14SendInterfacesEPm
                0x00007132       0x20 C:/Users/siyan/DOCUME~1/MATLAB/R2023a/ARDUIN~1/ARDUIN~1/FASTER~1\libcore.a(USBCore.o)
                0x00007132                USBDeviceClass::SendInterfaces(unsigned long*)
 *fill*         0x00007152        0x2 
 .text._ZN14USBDeviceClass4initEv
                0x00007154      0x144 C:/Users/siyan/DOCUME~1/MATLAB/R2023a/ARDUIN~1/ARDUIN~1/FASTER~1\libcore.a(USBCore.o)
                0x00007154                USBDeviceClass::init()
 .text._ZN14USBDeviceClass6attachEv
                0x00007298       0x34 C:/Users/siyan/DOCUME~1/MATLAB/R2023a/ARDUIN~1/ARDUIN~1/FASTER~1\libcore.a(USBCore.o)
                0x00007298                USBDeviceClass::attach()
 .text._ZN14USBDeviceClass10setAddressEm
                0x000072cc       0x48 C:/Users/siyan/DOCUME~1/MATLAB/R2023a/ARDUIN~1/ARDUIN~1/FASTER~1\libcore.a(USBCore.o)
                0x000072cc                USBDeviceClass::setAddress(unsigned long)
 .text._ZN14USBDeviceClass25handleClassInterfaceSetupER8USBSetup
                0x00007314       0x24 C:/Users/siyan/DOCUME~1/MATLAB/R2023a/ARDUIN~1/ARDUIN~1/FASTER~1\libcore.a(USBCore.o)
                0x00007314                USBDeviceClass::handleClassInterfaceSetup(USBSetup&)
 .text._ZN14USBDeviceClass6initEPEmm
                0x00007338      0x124 C:/Users/siyan/DOCUME~1/MATLAB/R2023a/ARDUIN~1/ARDUIN~1/FASTER~1\libcore.a(USBCore.o)
                0x00007338                USBDeviceClass::initEP(unsigned long, unsigned long)
 .text._ZN14USBDeviceClass13initEndpointsEv
                0x0000745c       0x24 C:/Users/siyan/DOCUME~1/MATLAB/R2023a/ARDUIN~1/ARDUIN~1/FASTER~1\libcore.a(USBCore.o)
                0x0000745c                USBDeviceClass::initEndpoints()
 .text._ZN14USBDeviceClass5clearEm
                0x00007480       0x38 C:/Users/siyan/DOCUME~1/MATLAB/R2023a/ARDUIN~1/ARDUIN~1/FASTER~1\libcore.a(USBCore.o)
                0x00007480                USBDeviceClass::clear(unsigned long)
 .text._ZN14USBDeviceClass9availableEm
                0x000074b8       0x2c C:/Users/siyan/DOCUME~1/MATLAB/R2023a/ARDUIN~1/ARDUIN~1/FASTER~1\libcore.a(USBCore.o)
                0x000074b8                USBDeviceClass::available(unsigned long)
 .text._ZN14USBDeviceClass5flushEm
                0x000074e4       0x2c C:/Users/siyan/DOCUME~1/MATLAB/R2023a/ARDUIN~1/ARDUIN~1/FASTER~1\libcore.a(USBCore.o)
                0x000074e4                USBDeviceClass::flush(unsigned long)
 .text._ZN14USBDeviceClass4recvEmPvm
                0x00007510       0xc4 C:/Users/siyan/DOCUME~1/MATLAB/R2023a/ARDUIN~1/ARDUIN~1/FASTER~1\libcore.a(USBCore.o)
                0x00007510                USBDeviceClass::recv(unsigned long, void*, unsigned long)
 .text._ZN14USBDeviceClass4recvEm
                0x000075d4       0x1c C:/Users/siyan/DOCUME~1/MATLAB/R2023a/ARDUIN~1/ARDUIN~1/FASTER~1\libcore.a(USBCore.o)
                0x000075d4                USBDeviceClass::recv(unsigned long)
 .text._ZN14USBDeviceClass14armRecvCtrlOUTEm
                0x000075f0       0x60 C:/Users/siyan/DOCUME~1/MATLAB/R2023a/ARDUIN~1/ARDUIN~1/FASTER~1\libcore.a(USBCore.o)
                0x000075f0                USBDeviceClass::armRecvCtrlOUT(unsigned long)
 .text._ZN14USBDeviceClass11recvControlEPvm
                0x00007650       0x28 C:/Users/siyan/DOCUME~1/MATLAB/R2023a/ARDUIN~1/ARDUIN~1/FASTER~1\libcore.a(USBCore.o)
                0x00007650                USBDeviceClass::recvControl(void*, unsigned long)
 .text._ZN14USBDeviceClass4sendEmPKvm
                0x00007678      0x11c C:/Users/siyan/DOCUME~1/MATLAB/R2023a/ARDUIN~1/ARDUIN~1/FASTER~1\libcore.a(USBCore.o)
                0x00007678                USBDeviceClass::send(unsigned long, void const*, unsigned long)
 .text._ZN14USBDeviceClass7armSendEmPKvm
                0x00007794       0x48 C:/Users/siyan/DOCUME~1/MATLAB/R2023a/ARDUIN~1/ARDUIN~1/FASTER~1\libcore.a(USBCore.o)
                0x00007794                USBDeviceClass::armSend(unsigned long, void const*, unsigned long)
 .text._ZN14USBDeviceClass11sendControlEPKvm
                0x000077dc       0x58 C:/Users/siyan/DOCUME~1/MATLAB/R2023a/ARDUIN~1/ARDUIN~1/FASTER~1\libcore.a(USBCore.o)
                0x000077dc                USBDeviceClass::sendControl(void const*, unsigned long)
 .text._ZN14USBDeviceClass20sendStringDescriptorEPKhm
                0x00007834       0x68 C:/Users/siyan/DOCUME~1/MATLAB/R2023a/ARDUIN~1/ARDUIN~1/FASTER~1\libcore.a(USBCore.o)
                0x00007834                USBDeviceClass::sendStringDescriptor(unsigned char const*, unsigned long)
 .text._ZN14USBDeviceClass12packMessagesEb.part.6
                0x0000789c       0x20 C:/Users/siyan/DOCUME~1/MATLAB/R2023a/ARDUIN~1/ARDUIN~1/FASTER~1\libcore.a(USBCore.o)
 .text._ZN14USBDeviceClass17sendConfigurationEm
                0x000078bc       0x90 C:/Users/siyan/DOCUME~1/MATLAB/R2023a/ARDUIN~1/ARDUIN~1/FASTER~1\libcore.a(USBCore.o)
                0x000078bc                USBDeviceClass::sendConfiguration(unsigned long)
 .text._ZN14USBDeviceClass14sendDescriptorER8USBSetup
                0x0000794c       0xec C:/Users/siyan/DOCUME~1/MATLAB/R2023a/ARDUIN~1/ARDUIN~1/FASTER~1\libcore.a(USBCore.o)
                0x0000794c                USBDeviceClass::sendDescriptor(USBSetup&)
 .text._ZN14USBDeviceClass7sendZlpEm
                0x00007a38       0x18 C:/Users/siyan/DOCUME~1/MATLAB/R2023a/ARDUIN~1/ARDUIN~1/FASTER~1\libcore.a(USBCore.o)
                0x00007a38                USBDeviceClass::sendZlp(unsigned long)
 .text._ZN14USBDeviceClass19handleStandardSetupER8USBSetup
                0x00007a50       0xfc C:/Users/siyan/DOCUME~1/MATLAB/R2023a/ARDUIN~1/ARDUIN~1/FASTER~1\libcore.a(USBCore.o)
                0x00007a50                USBDeviceClass::handleStandardSetup(USBSetup&)
 .text._ZN14USBDeviceClass10ISRHandlerEv
                0x00007b4c      0x10c C:/Users/siyan/DOCUME~1/MATLAB/R2023a/ARDUIN~1/ARDUIN~1/FASTER~1\libcore.a(USBCore.o)
                0x00007b4c                USBDeviceClass::ISRHandler()
 .text.UDD_Handler
                0x00007c58       0x10 C:/Users/siyan/DOCUME~1/MATLAB/R2023a/ARDUIN~1/ARDUIN~1/FASTER~1\libcore.a(USBCore.o)
                0x00007c58                UDD_Handler
 .text.startup._GLOBAL__sub_I_usbd
                0x00007c68       0x10 C:/Users/siyan/DOCUME~1/MATLAB/R2023a/ARDUIN~1/ARDUIN~1/FASTER~1\libcore.a(USBCore.o)
 .text.SERCOM5_Handler
                0x00007c78       0x10 C:/Users/siyan/DOCUME~1/MATLAB/R2023a/ARDUIN~1/ARDUIN~1/FASTER~1\libcore.a(variant.o)
                0x00007c78                SERCOM5_Handler
 .text.SERCOM3_Handler
                0x00007c88       0x10 C:/Users/siyan/DOCUME~1/MATLAB/R2023a/ARDUIN~1/ARDUIN~1/FASTER~1\libcore.a(variant.o)
                0x00007c88                SERCOM3_Handler
 .text.SERCOM2_Handler
                0x00007c98       0x10 C:/Users/siyan/DOCUME~1/MATLAB/R2023a/ARDUIN~1/ARDUIN~1/FASTER~1\libcore.a(variant.o)
                0x00007c98                SERCOM2_Handler
 .text.startup._GLOBAL__sub_I_g_APinDescription
                0x00007ca8       0xbc C:/Users/siyan/DOCUME~1/MATLAB/R2023a/ARDUIN~1/ARDUIN~1/FASTER~1\libcore.a(variant.o)
 .text.countPulseASM
                0x00007d64       0x3c C:/Users/siyan/DOCUME~1/MATLAB/R2023a/ARDUIN~1/ARDUIN~1/FASTER~1\libcore.a(pulse_asm.S.o)
                0x00007d64                countPulseASM
 .text._Znwj    0x00007da0        0x8 C:/Users/siyan/DOCUME~1/MATLAB/R2023a/ARDUIN~1/ARDUIN~1/FASTER~1\libcore.a(new.o)
                0x00007da0                operator new(unsigned int)
 .text._ZdlPv   0x00007da8        0x8 C:/Users/siyan/DOCUME~1/MATLAB/R2023a/ARDUIN~1/ARDUIN~1/FASTER~1\libcore.a(new.o)
                0x00007da8                operator delete(void*)
 .text._ZN5Print5writeEPKhj
                0x00007db0       0x28 C:/Users/siyan/DOCUME~1/MATLAB/R2023a/ARDUIN~1/ARDUIN~1/FASTER~1\libcore.a(Print.o)
                0x00007db0                Print::write(unsigned char const*, unsigned int)
 .text._ZN6SERCOMC2EP6Sercom
                0x00007dd8        0x4 C:/Users/siyan/DOCUME~1/MATLAB/R2023a/ARDUIN~1/ARDUIN~1/FASTER~1\libcore.a(SERCOM.o)
                0x00007dd8                SERCOM::SERCOM(Sercom*)
                0x00007dd8                SERCOM::SERCOM(Sercom*)
 .text._ZN6SERCOM9initFrameE18SercomUartCharSize15SercomDataOrder16SercomParityMode19SercomNumberStopBit
                0x00007ddc       0x38 C:/Users/siyan/DOCUME~1/MATLAB/R2023a/ARDUIN~1/ARDUIN~1/FASTER~1\libcore.a(SERCOM.o)
                0x00007ddc                SERCOM::initFrame(SercomUartCharSize, SercomDataOrder, SercomParityMode, SercomNumberStopBit)
 .text._ZN6SERCOM8initPadsE15SercomUartTXPad11SercomRXPad
                0x00007e14       0x26 C:/Users/siyan/DOCUME~1/MATLAB/R2023a/ARDUIN~1/ARDUIN~1/FASTER~1\libcore.a(SERCOM.o)
                0x00007e14                SERCOM::initPads(SercomUartTXPad, SercomRXPad)
 .text._ZN6SERCOM9resetUARTEv
                0x00007e3a       0x1c C:/Users/siyan/DOCUME~1/MATLAB/R2023a/ARDUIN~1/ARDUIN~1/FASTER~1\libcore.a(SERCOM.o)
                0x00007e3a                SERCOM::resetUART()
 .text._ZN6SERCOM10enableUARTEv
                0x00007e56       0x14 C:/Users/siyan/DOCUME~1/MATLAB/R2023a/ARDUIN~1/ARDUIN~1/FASTER~1\libcore.a(SERCOM.o)
                0x00007e56                SERCOM::enableUART()
 .text._ZN6SERCOM9flushUARTEv
                0x00007e6a       0x10 C:/Users/siyan/DOCUME~1/MATLAB/R2023a/ARDUIN~1/ARDUIN~1/FASTER~1\libcore.a(SERCOM.o)
                0x00007e6a                SERCOM::flushUART()
 .text._ZN6SERCOM15clearStatusUARTEv
                0x00007e7a        0x8 C:/Users/siyan/DOCUME~1/MATLAB/R2023a/ARDUIN~1/ARDUIN~1/FASTER~1\libcore.a(SERCOM.o)
                0x00007e7a                SERCOM::clearStatusUART()
 .text._ZN6SERCOM17availableDataUARTEv
                0x00007e82        0xa C:/Users/siyan/DOCUME~1/MATLAB/R2023a/ARDUIN~1/ARDUIN~1/FASTER~1\libcore.a(SERCOM.o)
                0x00007e82                SERCOM::availableDataUART()
 .text._ZN6SERCOM11isUARTErrorEv
                0x00007e8c        0x8 C:/Users/siyan/DOCUME~1/MATLAB/R2023a/ARDUIN~1/ARDUIN~1/FASTER~1\libcore.a(SERCOM.o)
                0x00007e8c                SERCOM::isUARTError()
 .text._ZN6SERCOM20acknowledgeUARTErrorEv
                0x00007e94        0xe C:/Users/siyan/DOCUME~1/MATLAB/R2023a/ARDUIN~1/ARDUIN~1/FASTER~1\libcore.a(SERCOM.o)
                0x00007e94                SERCOM::acknowledgeUARTError()
 .text._ZN6SERCOM16isFrameErrorUARTEv
                0x00007ea2        0xa C:/Users/siyan/DOCUME~1/MATLAB/R2023a/ARDUIN~1/ARDUIN~1/FASTER~1\libcore.a(SERCOM.o)
                0x00007ea2                SERCOM::isFrameErrorUART()
 .text._ZN6SERCOM19clearFrameErrorUARTEv
                0x00007eac        0xc C:/Users/siyan/DOCUME~1/MATLAB/R2023a/ARDUIN~1/ARDUIN~1/FASTER~1\libcore.a(SERCOM.o)
                0x00007eac                SERCOM::clearFrameErrorUART()
 .text._ZN6SERCOM23isDataRegisterEmptyUARTEv
                0x00007eb8        0xa C:/Users/siyan/DOCUME~1/MATLAB/R2023a/ARDUIN~1/ARDUIN~1/FASTER~1\libcore.a(SERCOM.o)
                0x00007eb8                SERCOM::isDataRegisterEmptyUART()
 .text._ZN6SERCOM12readDataUARTEv
                0x00007ec2        0x8 C:/Users/siyan/DOCUME~1/MATLAB/R2023a/ARDUIN~1/ARDUIN~1/FASTER~1\libcore.a(SERCOM.o)
                0x00007ec2                SERCOM::readDataUART()
 .text._ZN6SERCOM13writeDataUARTEh
                0x00007eca        0xe C:/Users/siyan/DOCUME~1/MATLAB/R2023a/ARDUIN~1/ARDUIN~1/FASTER~1\libcore.a(SERCOM.o)
                0x00007eca                SERCOM::writeDataUART(unsigned char)
 .text._ZN6SERCOM36enableDataRegisterEmptyInterruptUARTEv
                0x00007ed8        0x8 C:/Users/siyan/DOCUME~1/MATLAB/R2023a/ARDUIN~1/ARDUIN~1/FASTER~1\libcore.a(SERCOM.o)
                0x00007ed8                SERCOM::enableDataRegisterEmptyInterruptUART()
 .text._ZN6SERCOM37disableDataRegisterEmptyInterruptUARTEv
                0x00007ee0        0x8 C:/Users/siyan/DOCUME~1/MATLAB/R2023a/ARDUIN~1/ARDUIN~1/FASTER~1\libcore.a(SERCOM.o)
                0x00007ee0                SERCOM::disableDataRegisterEmptyInterruptUART()
 .text._ZN6SERCOM13initClockNVICEv
                0x00007ee8       0xac C:/Users/siyan/DOCUME~1/MATLAB/R2023a/ARDUIN~1/ARDUIN~1/FASTER~1\libcore.a(SERCOM.o)
                0x00007ee8                SERCOM::initClockNVIC()
 .text._ZN6SERCOM8initUARTE14SercomUartMode20SercomUartSampleRatem
                0x00007f94       0x6c C:/Users/siyan/DOCUME~1/MATLAB/R2023a/ARDUIN~1/ARDUIN~1/FASTER~1\libcore.a(SERCOM.o)
                0x00007f94                SERCOM::initUART(SercomUartMode, SercomUartSampleRate, unsigned long)
 .text          0x00008000       0x14 c:/programdata/matlab/supportpackages/r2023a/aide/portable/packages/arduino/tools/arm-none-eabi-gcc/4.8.3-2014q1/bin/../lib/gcc/arm-none-eabi/4.8.3/armv6-m\libgcc.a(_thumb1_case_uqi.o)
                0x00008000                __gnu_thumb1_case_uqi
 .text          0x00008014       0x9c c:/programdata/matlab/supportpackages/r2023a/aide/portable/packages/arduino/tools/arm-none-eabi-gcc/4.8.3-2014q1/bin/../lib/gcc/arm-none-eabi/4.8.3/armv6-m\libgcc.a(_udivsi3.o)
                0x00008014                __aeabi_uidiv
                0x00008014                __udivsi3
                0x0000809c                __aeabi_uidivmod
 .text          0x000080b0       0xc0 c:/programdata/matlab/supportpackages/r2023a/aide/portable/packages/arduino/tools/arm-none-eabi-gcc/4.8.3-2014q1/bin/../lib/gcc/arm-none-eabi/4.8.3/armv6-m\libgcc.a(_divsi3.o)
                0x000080b0                __divsi3
                0x000080b0                __aeabi_idiv
                0x0000815c                __aeabi_idivmod
 .text          0x00008170        0x4 c:/programdata/matlab/supportpackages/r2023a/aide/portable/packages/arduino/tools/arm-none-eabi-gcc/4.8.3-2014q1/bin/../lib/gcc/arm-none-eabi/4.8.3/armv6-m\libgcc.a(_dvmd_tls.o)
                0x00008170                __aeabi_idiv0
                0x00008170                __aeabi_ldiv0
 .text          0x00008174       0x7c c:/programdata/matlab/supportpackages/r2023a/aide/portable/packages/arduino/tools/arm-none-eabi-gcc/4.8.3-2014q1/bin/../lib/gcc/arm-none-eabi/4.8.3/armv6-m\libgcc.a(_arm_cmpdf2.o)
                0x00008174                __aeabi_cdrcmple
                0x00008184                __aeabi_cdcmple
                0x00008184                __aeabi_cdcmpeq
                0x00008194                __aeabi_dcmpeq
                0x000081a0                __aeabi_dcmplt
                0x000081b4                __aeabi_dcmple
                0x000081c8                __aeabi_dcmpgt
                0x000081dc                __aeabi_dcmpge
 .text          0x000081f0       0x40 c:/programdata/matlab/supportpackages/r2023a/aide/portable/packages/arduino/tools/arm-none-eabi-gcc/4.8.3-2014q1/bin/../lib/gcc/arm-none-eabi/4.8.3/armv6-m\libgcc.a(_fixunsdfsi.o)
                0x000081f0                __aeabi_d2uiz
                0x000081f0                __fixunsdfsi
 .text          0x00008230      0x638 c:/programdata/matlab/supportpackages/r2023a/aide/portable/packages/arduino/tools/arm-none-eabi-gcc/4.8.3-2014q1/bin/../lib/gcc/arm-none-eabi/4.8.3/armv6-m\libgcc.a(adddf3.o)
                0x00008230                __aeabi_dadd
 .text          0x00008868      0x648 c:/programdata/matlab/supportpackages/r2023a/aide/portable/packages/arduino/tools/arm-none-eabi-gcc/4.8.3-2014q1/bin/../lib/gcc/arm-none-eabi/4.8.3/armv6-m\libgcc.a(divdf3.o)
                0x00008868                __aeabi_ddiv
 .text          0x00008eb0       0x94 c:/programdata/matlab/supportpackages/r2023a/aide/portable/packages/arduino/tools/arm-none-eabi-gcc/4.8.3-2014q1/bin/../lib/gcc/arm-none-eabi/4.8.3/armv6-m\libgcc.a(eqdf2.o)
                0x00008eb0                __nedf2
                0x00008eb0                __eqdf2
 .text          0x00008f44       0xfc c:/programdata/matlab/supportpackages/r2023a/aide/portable/packages/arduino/tools/arm-none-eabi-gcc/4.8.3-2014q1/bin/../lib/gcc/arm-none-eabi/4.8.3/armv6-m\libgcc.a(gedf2.o)
                0x00008f44                __gedf2
                0x00008f44                __gtdf2
 .text          0x00009040       0xfc c:/programdata/matlab/supportpackages/r2023a/aide/portable/packages/arduino/tools/arm-none-eabi-gcc/4.8.3-2014q1/bin/../lib/gcc/arm-none-eabi/4.8.3/armv6-m\libgcc.a(ledf2.o)
                0x00009040                __ledf2
                0x00009040                __ltdf2
 .text          0x0000913c      0x520 c:/programdata/matlab/supportpackages/r2023a/aide/portable/packages/arduino/tools/arm-none-eabi-gcc/4.8.3-2014q1/bin/../lib/gcc/arm-none-eabi/4.8.3/armv6-m\libgcc.a(muldf3.o)
                0x0000913c                __aeabi_dmul
 .text          0x0000965c      0x654 c:/programdata/matlab/supportpackages/r2023a/aide/portable/packages/arduino/tools/arm-none-eabi-gcc/4.8.3-2014q1/bin/../lib/gcc/arm-none-eabi/4.8.3/armv6-m\libgcc.a(subdf3.o)
                0x0000965c                __aeabi_dsub
 .text          0x00009cb0       0x68 c:/programdata/matlab/supportpackages/r2023a/aide/portable/packages/arduino/tools/arm-none-eabi-gcc/4.8.3-2014q1/bin/../lib/gcc/arm-none-eabi/4.8.3/armv6-m\libgcc.a(fixdfsi.o)
                0x00009cb0                __aeabi_d2iz
 .text          0x00009d18       0x68 c:/programdata/matlab/supportpackages/r2023a/aide/portable/packages/arduino/tools/arm-none-eabi-gcc/4.8.3-2014q1/bin/../lib/gcc/arm-none-eabi/4.8.3/armv6-m\libgcc.a(floatunsidf.o)
                0x00009d18                __aeabi_ui2d
 .text          0x00009d80       0x3c c:/programdata/matlab/supportpackages/r2023a/aide/portable/packages/arduino/tools/arm-none-eabi-gcc/4.8.3-2014q1/bin/../lib/gcc/arm-none-eabi/4.8.3/armv6-m\libgcc.a(_clzsi2.o)
                0x00009d80                __clzsi2
 .text.__errno  0x00009dbc        0xc c:/programdata/matlab/supportpackages/r2023a/aide/portable/packages/arduino/tools/arm-none-eabi-gcc/4.8.3-2014q1/bin/../lib/gcc/arm-none-eabi/4.8.3/../../../../arm-none-eabi/lib/armv6-m\libg_s.a(lib_a-errno.o)
                0x00009dbc                __errno
 .text.__libc_init_array
                0x00009dc8       0x4c c:/programdata/matlab/supportpackages/r2023a/aide/portable/packages/arduino/tools/arm-none-eabi-gcc/4.8.3-2014q1/bin/../lib/gcc/arm-none-eabi/4.8.3/../../../../arm-none-eabi/lib/armv6-m\libg_s.a(lib_a-init.o)
                0x00009dc8                __libc_init_array
 .text.malloc   0x00009e14       0x14 c:/programdata/matlab/supportpackages/r2023a/aide/portable/packages/arduino/tools/arm-none-eabi-gcc/4.8.3-2014q1/bin/../lib/gcc/arm-none-eabi/4.8.3/../../../../arm-none-eabi/lib/armv6-m\libg_s.a(lib_a-malloc.o)
                0x00009e14                malloc
 .text.free     0x00009e28       0x14 c:/programdata/matlab/supportpackages/r2023a/aide/portable/packages/arduino/tools/arm-none-eabi-gcc/4.8.3-2014q1/bin/../lib/gcc/arm-none-eabi/4.8.3/../../../../arm-none-eabi/lib/armv6-m\libg_s.a(lib_a-malloc.o)
                0x00009e28                free
 .text.memcpy   0x00009e3c       0x12 c:/programdata/matlab/supportpackages/r2023a/aide/portable/packages/arduino/tools/arm-none-eabi-gcc/4.8.3-2014q1/bin/../lib/gcc/arm-none-eabi/4.8.3/../../../../arm-none-eabi/lib/armv6-m\libg_s.a(lib_a-memcpy-stub.o)
                0x00009e3c                memcpy
 .text.memset   0x00009e4e       0x10 c:/programdata/matlab/supportpackages/r2023a/aide/portable/packages/arduino/tools/arm-none-eabi-gcc/4.8.3-2014q1/bin/../lib/gcc/arm-none-eabi/4.8.3/../../../../arm-none-eabi/lib/armv6-m\libg_s.a(lib_a-memset.o)
                0x00009e4e                memset
 *fill*         0x00009e5e        0x2 
 .text._free_r  0x00009e60       0x90 c:/programdata/matlab/supportpackages/r2023a/aide/portable/packages/arduino/tools/arm-none-eabi-gcc/4.8.3-2014q1/bin/../lib/gcc/arm-none-eabi/4.8.3/../../../../arm-none-eabi/lib/armv6-m\libg_s.a(lib_a-nano-freer.o)
                0x00009e60                _free_r
 .text._malloc_r
                0x00009ef0       0xa8 c:/programdata/matlab/supportpackages/r2023a/aide/portable/packages/arduino/tools/arm-none-eabi-gcc/4.8.3-2014q1/bin/../lib/gcc/arm-none-eabi/4.8.3/../../../../arm-none-eabi/lib/armv6-m\libg_s.a(lib_a-nano-mallocr.o)
                0x00009ef0                _malloc_r
 .text._sbrk_r  0x00009f98       0x24 c:/programdata/matlab/supportpackages/r2023a/aide/portable/packages/arduino/tools/arm-none-eabi-gcc/4.8.3-2014q1/bin/../lib/gcc/arm-none-eabi/4.8.3/../../../../arm-none-eabi/lib/armv6-m\libg_s.a(lib_a-sbrkr.o)
                0x00009f98                _sbrk_r
 .text.strlen   0x00009fbc        0xe c:/programdata/matlab/supportpackages/r2023a/aide/portable/packages/arduino/tools/arm-none-eabi-gcc/4.8.3-2014q1/bin/../lib/gcc/arm-none-eabi/4.8.3/../../../../arm-none-eabi/lib/armv6-m\libg_s.a(lib_a-strlen.o)
                0x00009fbc                strlen
 *fill*         0x00009fca        0x2 
 .text._sbrk    0x00009fcc       0x34 c:/programdata/matlab/supportpackages/r2023a/aide/portable/packages/arduino/tools/arm-none-eabi-gcc/4.8.3-2014q1/bin/../lib/gcc/arm-none-eabi/4.8.3/../../../../arm-none-eabi/lib/armv6-m\libnosys.a(sbrk.o)
                0x00009fcc                _sbrk
 *(.init)
 .init          0x0000a000        0x4 c:/programdata/matlab/supportpackages/r2023a/aide/portable/packages/arduino/tools/arm-none-eabi-gcc/4.8.3-2014q1/bin/../lib/gcc/arm-none-eabi/4.8.3/armv6-m/crti.o
                0x0000a000                _init
 .init          0x0000a004        0x8 c:/programdata/matlab/supportpackages/r2023a/aide/portable/packages/arduino/tools/arm-none-eabi-gcc/4.8.3-2014q1/bin/../lib/gcc/arm-none-eabi/4.8.3/armv6-m/crtn.o
 *(.fini)
 .fini          0x0000a00c        0x4 c:/programdata/matlab/supportpackages/r2023a/aide/portable/packages/arduino/tools/arm-none-eabi-gcc/4.8.3-2014q1/bin/../lib/gcc/arm-none-eabi/4.8.3/armv6-m/crti.o
                0x0000a00c                _fini
 .fini          0x0000a010        0x8 c:/programdata/matlab/supportpackages/r2023a/aide/portable/packages/arduino/tools/arm-none-eabi-gcc/4.8.3-2014q1/bin/../lib/gcc/arm-none-eabi/4.8.3/armv6-m/crtn.o
 *crtbegin.o(.ctors)
 *crtbegin?.o(.ctors)
 *(EXCLUDE_FILE(*crtend.o *crtend?.o) .ctors)
 *(SORT(.ctors.*))
 *(.ctors)
 *crtbegin.o(.dtors)
 *crtbegin?.o(.dtors)
 *(EXCLUDE_FILE(*crtend.o *crtend?.o) .dtors)
 *(SORT(.dtors.*))
 *(.dtors)
 *(.rodata*)
 .rodata        0x0000a018       0x10 MW_PWMDriver.o
 .rodata.untitled_M
                0x0000a028        0x4 untitled.o
                0x0000a028                untitled_M
 .rodata.rtAlwaysEnabled.12010
                0x0000a02c        0x1 untitled.o
 *fill*         0x0000a02d        0x3 
 .rodata.standardSupportedRxPacket
                0x0000a030       0x54 xcp_standard.o
 .rodata.daqSupportedRxPacket
                0x0000a084       0x90 xcp_daq.o
 .rodata.calibrationSupportedRxPacket
                0x0000a114       0x18 xcp_calibration.o
 .rodata.str1.4
                0x0000a12c        0x8 c:/programdata/matlab/supportpackages/r2023a/aide/portable/packages/arduino/tools/arm-none-eabi-gcc/4.8.3-2014q1/bin/../lib/gcc/arm-none-eabi/4.8.3/../../../../arm-none-eabi/lib/armv6-m\libm.a(lib_a-w_fmod.o)
 *fill*         0x0000a134        0x4 
 .rodata.Zero   0x0000a138       0x10 c:/programdata/matlab/supportpackages/r2023a/aide/portable/packages/arduino/tools/arm-none-eabi-gcc/4.8.3-2014q1/bin/../lib/gcc/arm-none-eabi/4.8.3/../../../../arm-none-eabi/lib/armv6-m\libm.a(lib_a-e_fmod.o)
 .rodata        0x0000a148       0x10 C:/Users/siyan/DOCUME~1/MATLAB/R2023a/ARDUIN~1/ARDUIN~1/FASTER~1\libcore.a(wiring_analog.o)
 .rodata._ZTV4Uart
                0x0000a158       0x38 C:/Users/siyan/DOCUME~1/MATLAB/R2023a/ARDUIN~1/ARDUIN~1/FASTER~1\libcore.a(Uart.o)
                0x0000a158                vtable for Uart
 .rodata._ZTV7Serial_
                0x0000a190       0x58 C:/Users/siyan/DOCUME~1/MATLAB/R2023a/ARDUIN~1/ARDUIN~1/FASTER~1\libcore.a(CDC.o)
                0x0000a190                vtable for Serial_
 .rodata._ZTV26DoubleBufferedEPOutHandler
                0x0000a1e8       0x28 C:/Users/siyan/DOCUME~1/MATLAB/R2023a/ARDUIN~1/ARDUIN~1/FASTER~1\libcore.a(USBCore.o)
                0x0000a1e8                vtable for DoubleBufferedEPOutHandler
 .rodata._ZL15STRING_LANGUAGE
                0x0000a210        0x4 C:/Users/siyan/DOCUME~1/MATLAB/R2023a/ARDUIN~1/ARDUIN~1/FASTER~1\libcore.a(USBCore.o)
 .rodata._ZL21USB_DeviceDescriptorB
                0x0000a214       0x12 C:/Users/siyan/DOCUME~1/MATLAB/R2023a/ARDUIN~1/ARDUIN~1/FASTER~1\libcore.a(USBCore.o)
 .rodata._ZL19STRING_MANUFACTURER
                0x0000a226        0xc C:/Users/siyan/DOCUME~1/MATLAB/R2023a/ARDUIN~1/ARDUIN~1/FASTER~1\libcore.a(USBCore.o)
 .rodata._ZL14STRING_PRODUCT
                0x0000a232       0x14 C:/Users/siyan/DOCUME~1/MATLAB/R2023a/ARDUIN~1/ARDUIN~1/FASTER~1\libcore.a(USBCore.o)
 *fill*         0x0000a246        0x2 
 .rodata.g_APinDescription
                0x0000a248      0x318 C:/Users/siyan/DOCUME~1/MATLAB/R2023a/ARDUIN~1/ARDUIN~1/FASTER~1\libcore.a(variant.o)
                0x0000a248                g_APinDescription
 .rodata        0x0000a560       0x40 c:/programdata/matlab/supportpackages/r2023a/aide/portable/packages/arduino/tools/arm-none-eabi-gcc/4.8.3-2014q1/bin/../lib/gcc/arm-none-eabi/4.8.3/armv6-m\libgcc.a(divdf3.o)
 .rodata        0x0000a5a0       0x40 c:/programdata/matlab/supportpackages/r2023a/aide/portable/packages/arduino/tools/arm-none-eabi-gcc/4.8.3-2014q1/bin/../lib/gcc/arm-none-eabi/4.8.3/armv6-m\libgcc.a(muldf3.o)
 .rodata.str1.1
                0x0000a5e0        0x2 c:/programdata/matlab/supportpackages/r2023a/aide/portable/packages/arduino/tools/arm-none-eabi-gcc/4.8.3-2014q1/bin/../lib/gcc/arm-none-eabi/4.8.3/../../../../arm-none-eabi/lib/armv6-m\libg_s.a(lib_a-impure.o)
 *(.eh_frame*)
 *fill*         0x0000a5e2        0x2 
 .eh_frame      0x0000a5e4        0x0 c:/programdata/matlab/supportpackages/r2023a/aide/portable/packages/arduino/tools/arm-none-eabi-gcc/4.8.3-2014q1/bin/../lib/gcc/arm-none-eabi/4.8.3/armv6-m/crtbegin.o
 .eh_frame      0x0000a5e4        0x4 c:/programdata/matlab/supportpackages/r2023a/aide/portable/packages/arduino/tools/arm-none-eabi-gcc/4.8.3-2014q1/bin/../lib/gcc/arm-none-eabi/4.8.3/armv6-m/crtend.o

.glue_7         0x0000a5e8        0x0
 .glue_7        0x00000000        0x0 linker stubs

.glue_7t        0x0000a5e8        0x0
 .glue_7t       0x00000000        0x0 linker stubs

.vfp11_veneer   0x0000a5e8        0x0
 .vfp11_veneer  0x00000000        0x0 linker stubs

.v4_bx          0x0000a5e8        0x0
 .v4_bx         0x00000000        0x0 linker stubs

.iplt           0x0000a5e8        0x0
 .iplt          0x00000000        0x0 c:/programdata/matlab/supportpackages/r2023a/aide/portable/packages/arduino/tools/arm-none-eabi-gcc/4.8.3-2014q1/bin/../lib/gcc/arm-none-eabi/4.8.3/armv6-m/crtbegin.o

.rel.dyn        0x0000a5e8        0x0
 .rel.iplt      0x00000000        0x0 c:/programdata/matlab/supportpackages/r2023a/aide/portable/packages/arduino/tools/arm-none-eabi-gcc/4.8.3-2014q1/bin/../lib/gcc/arm-none-eabi/4.8.3/armv6-m/crtbegin.o

.ARM.extab
 *(.ARM.extab* .gnu.linkonce.armextab.*)
                0x0000a5e8                __exidx_start = .

.ARM.exidx
 *(.ARM.exidx* .gnu.linkonce.armexidx.*)
                0x0000a5e8                __exidx_end = .
                0x0000a5e8                __etext = .

.data           0x20000000      0x10c load address 0x0000a5e8
                0x20000000                __data_start__ = .
 *(vtable)
 *(.data*)
 .data.untitled_P
                0x20000000       0x10 untitled_data.o
                0x20000000                untitled_P
 .data.xcpExtmodeFinalSimulationTime
                0x20000010        0x8 xcp_ext_common.o
                0x20000010                xcpExtmodeFinalSimulationTime
 .data.xcpClassicTriggerDuration
                0x20000018        0x4 xcp_ext_classic_trigger.o
                0x20000018                xcpClassicTriggerDuration
 .data.xcpClassicTriggerArmRequest
                0x2000001c        0x1 xcp_ext_classic_trigger.o
                0x2000001c                xcpClassicTriggerArmRequest
 *fill*         0x2000001d        0x3 
 .data.startStopDaqListId
                0x20000020        0x4 xcp_daq.o
 .data.xcpEventCustomMemoryManager
                0x20000024        0xc xcp_daq.o
 .data.xcpCurrentDaq
                0x20000030        0x4 xcp_daq.o
 .data.xcpCtoReservedMemPoolId
                0x20000034        0x4 xcp_transport.o
 .data.xcpMemMainBlockSizes
                0x20000038        0xc xcp_mem_default.o
 .data.xcpMemMainBlocksNumber
                0x20000044        0xc xcp_mem_default.o
 .data.drvID    0x20000050        0x4 xcp_drv_rtiostream.o
 .data.xcpCtoReservedMemPoolId
                0x20000054        0x4 xcp_frame_serial.o
 .data.__fdlib_version
                0x20000058        0x1 c:/programdata/matlab/supportpackages/r2023a/aide/portable/packages/arduino/tools/arm-none-eabi-gcc/4.8.3-2014q1/bin/../lib/gcc/arm-none-eabi/4.8.3/../../../../arm-none-eabi/lib/armv6-m\libm.a(lib_a-s_lib_ver.o)
                0x20000058                __fdlib_version
 *fill*         0x20000059        0x3 
 .data.SystemCoreClock
                0x2000005c        0x4 C:/Users/siyan/DOCUME~1/MATLAB/R2023a/ARDUIN~1/ARDUIN~1/FASTER~1\libcore.a(wiring.o)
                0x2000005c                SystemCoreClock
 .data._writeResolution
                0x20000060        0x4 C:/Users/siyan/DOCUME~1/MATLAB/R2023a/ARDUIN~1/ARDUIN~1/FASTER~1\libcore.a(wiring_analog.o)
 .data._ZL5ticks
                0x20000064        0x4 C:/Users/siyan/DOCUME~1/MATLAB/R2023a/ARDUIN~1/ARDUIN~1/FASTER~1\libcore.a(Reset.o)
 .data._serialPeek
                0x20000068        0x4 C:/Users/siyan/DOCUME~1/MATLAB/R2023a/ARDUIN~1/ARDUIN~1/FASTER~1\libcore.a(CDC.o)
                0x20000068                _serialPeek
 .data._ZL10breakValue
                0x2000006c        0x4 C:/Users/siyan/DOCUME~1/MATLAB/R2023a/ARDUIN~1/ARDUIN~1/FASTER~1\libcore.a(CDC.o)
 .data._ZL12_usbLineInfo
                0x20000070        0x8 C:/Users/siyan/DOCUME~1/MATLAB/R2023a/ARDUIN~1/ARDUIN~1/FASTER~1\libcore.a(CDC.o)
 .data.g_apTCInstances
                0x20000078       0x18 C:/Users/siyan/DOCUME~1/MATLAB/R2023a/ARDUIN~1/ARDUIN~1/FASTER~1\libcore.a(variant.o)
                0x20000078                g_apTCInstances
 .data.impure_data
                0x20000090       0x60 c:/programdata/matlab/supportpackages/r2023a/aide/portable/packages/arduino/tools/arm-none-eabi-gcc/4.8.3-2014q1/bin/../lib/gcc/arm-none-eabi/4.8.3/../../../../arm-none-eabi/lib/armv6-m\libg_s.a(lib_a-impure.o)
 .data._impure_ptr
                0x200000f0        0x4 c:/programdata/matlab/supportpackages/r2023a/aide/portable/packages/arduino/tools/arm-none-eabi-gcc/4.8.3-2014q1/bin/../lib/gcc/arm-none-eabi/4.8.3/../../../../arm-none-eabi/lib/armv6-m\libg_s.a(lib_a-impure.o)
                0x200000f0                _impure_ptr
                0x200000f4                . = ALIGN (0x4)
                0x200000f4                PROVIDE (__preinit_array_start, .)
 *(.preinit_array)
                0x200000f4                PROVIDE (__preinit_array_end, .)
                0x200000f4                . = ALIGN (0x4)
                0x200000f4                PROVIDE (__init_array_start, .)
 *(SORT(.init_array.*))
 *(.init_array)
 .init_array    0x200000f4        0x4 c:/programdata/matlab/supportpackages/r2023a/aide/portable/packages/arduino/tools/arm-none-eabi-gcc/4.8.3-2014q1/bin/../lib/gcc/arm-none-eabi/4.8.3/armv6-m/crtbegin.o
 .init_array    0x200000f8        0x4 C:/Users/siyan/DOCUME~1/MATLAB/R2023a/ARDUIN~1/ARDUIN~1/FASTER~1\libcore.a(CDC.o)
 .init_array    0x200000fc        0x4 C:/Users/siyan/DOCUME~1/MATLAB/R2023a/ARDUIN~1/ARDUIN~1/FASTER~1\libcore.a(USBCore.o)
 .init_array    0x20000100        0x4 C:/Users/siyan/DOCUME~1/MATLAB/R2023a/ARDUIN~1/ARDUIN~1/FASTER~1\libcore.a(variant.o)
                0x20000104                PROVIDE (__init_array_end, .)
                0x20000104                . = ALIGN (0x4)
                0x20000104                PROVIDE (__fini_array_start, .)
 *(SORT(.fini_array.*))
 *(.fini_array)
 .fini_array    0x20000104        0x4 c:/programdata/matlab/supportpackages/r2023a/aide/portable/packages/arduino/tools/arm-none-eabi-gcc/4.8.3-2014q1/bin/../lib/gcc/arm-none-eabi/4.8.3/armv6-m/crtbegin.o
                0x20000108                PROVIDE (__fini_array_end, .)
 *(.jcr*)
 .jcr           0x20000108        0x0 c:/programdata/matlab/supportpackages/r2023a/aide/portable/packages/arduino/tools/arm-none-eabi-gcc/4.8.3-2014q1/bin/../lib/gcc/arm-none-eabi/4.8.3/armv6-m/crtbegin.o
 .jcr           0x20000108        0x4 c:/programdata/matlab/supportpackages/r2023a/aide/portable/packages/arduino/tools/arm-none-eabi-gcc/4.8.3-2014q1/bin/../lib/gcc/arm-none-eabi/4.8.3/armv6-m/crtend.o
                0x2000010c                . = ALIGN (0x4)
                0x2000010c                __data_end__ = .

.igot.plt       0x2000010c        0x0 load address 0x0000a6f4
 .igot.plt      0x00000000        0x0 c:/programdata/matlab/supportpackages/r2023a/aide/portable/packages/arduino/tools/arm-none-eabi-gcc/4.8.3-2014q1/bin/../lib/gcc/arm-none-eabi/4.8.3/armv6-m/crtbegin.o

.bss            0x20000110     0x12a8 load address 0x0000a6f8
                0x20000110                . = ALIGN (0x4)
                0x20000110                __bss_start__ = .
 *(.bss*)
 .bss           0x20000110       0x1c c:/programdata/matlab/supportpackages/r2023a/aide/portable/packages/arduino/tools/arm-none-eabi-gcc/4.8.3-2014q1/bin/../lib/gcc/arm-none-eabi/4.8.3/armv6-m/crtbegin.o
 .bss.tcEnabled.12408
                0x2000012c        0x6 MW_PWMDriver.o
 .bss.PWMPinHandleMap
                0x20000132        0x9 ArduinoPinHandleMap.o
                0x20000132                PWMPinHandleMap
 *fill*         0x2000013b        0x1 
 .bss.xcpCustomTriggerFunction
                0x2000013c        0x8 xcp_ext_mode.o
 .bss.systemRan.12012
                0x20000144        0xc untitled.o
 .bss.untitled_M_
                0x20000150       0x48 untitled.o
 .bss.rt_ExtModeInfo.12011
                0x20000198       0x14 untitled.o
 .bss.xcpModelChecksum0
                0x200001ac        0x4 xcp_ext_common.o
                0x200001ac                xcpModelChecksum0
 .bss.xcpModelStartRequest
                0x200001b0        0x1 xcp_ext_common.o
                0x200001b0                xcpModelStartRequest
 *fill*         0x200001b1        0x3 
 .bss.xcpModelChecksum1
                0x200001b4        0x4 xcp_ext_common.o
                0x200001b4                xcpModelChecksum1
 .bss.xcpModelChecksum3
                0x200001b8        0x4 xcp_ext_common.o
                0x200001b8                xcpModelChecksum3
 .bss.xcpModelChecksum2
                0x200001bc        0x4 xcp_ext_common.o
                0x200001bc                xcpModelChecksum2
 .bss.xcpModelIntegerCode
                0x200001c0        0x4 xcp_ext_common.o
                0x200001c0                xcpModelIntegerCode
 *fill*         0x200001c4        0x4 
 .bss.xcpDummyDoubleVariable
                0x200001c8        0x8 xcp_ext_common.o
                0x200001c8                xcpDummyDoubleVariable
 .bss.xcpModelStopRequest
                0x200001d0        0x1 xcp_ext_common.o
                0x200001d0                xcpModelStopRequest
 *fill*         0x200001d1        0x7 
 .bss.xcpBaseRateSimulationTime
                0x200001d8        0x8 xcp_ext_common.o
 .bss.xcpCurrentSimulationTimeInMs
                0x200001e0        0x8 xcp_ext_common.o
                0x200001e0                xcpCurrentSimulationTimeInMs
 .bss.xcpExtmodeSimulationComplete
                0x200001e8        0x1 xcp_ext_common.o
                0x200001e8                xcpExtmodeSimulationComplete
 .bss.xcpModelStatus
                0x200001e9        0x1 xcp_ext_common.o
                0x200001e9                xcpModelStatus
 .bss.xcpClassicTriggerDirection
                0x200001ea        0x1 xcp_ext_classic_trigger.o
                0x200001ea                xcpClassicTriggerDirection
 *fill*         0x200001eb        0x5 
 .bss.xcpOldSignalValue
                0x200001f0        0x8 xcp_ext_classic_trigger.o
 .bss.xcpClassicTriggerSignalAddressExtension
                0x200001f8        0x1 xcp_ext_classic_trigger.o
                0x200001f8                xcpClassicTriggerSignalAddressExtension
 *fill*         0x200001f9        0x3 
 .bss.xcpTriggerCount
                0x200001fc        0x4 xcp_ext_classic_trigger.o
 .bss.xcpOldSignalValueAvailable
                0x20000200        0x1 xcp_ext_classic_trigger.o
 *fill*         0x20000201        0x3 
 .bss.xcpClassicTriggerDelay
                0x20000204        0x4 xcp_ext_classic_trigger.o
                0x20000204                xcpClassicTriggerDelay
 .bss.xcpClassicTriggerSignalAddress
                0x20000208        0x4 xcp_ext_classic_trigger.o
                0x20000208                xcpClassicTriggerSignalAddress
 .bss.xcpClassicTriggerEventId
                0x2000020c        0x2 xcp_ext_classic_trigger.o
                0x2000020c                xcpClassicTriggerEventId
 .bss.xcpClassicTriggerCancelRequest
                0x2000020e        0x1 xcp_ext_classic_trigger.o
                0x2000020e                xcpClassicTriggerCancelRequest
 .bss.xcpOldClassicTriggerSource
                0x2000020f        0x1 xcp_ext_classic_trigger.o
 .bss.xcpClassicTriggerSource
                0x20000210        0x1 xcp_ext_classic_trigger.o
                0x20000210                xcpClassicTriggerSource
 .bss.xcpForceTriggerEnableRequest
                0x20000211        0x1 xcp_ext_classic_trigger.o
 .bss.xcpSignalTriggerFired
                0x20000212        0x1 xcp_ext_classic_trigger.o
 .bss.xcpClassicTriggerStatus
                0x20000213        0x1 xcp_ext_classic_trigger.o
                0x20000213                xcpClassicTriggerStatus
 .bss.xcpClassicTriggerMode
                0x20000214        0x1 xcp_ext_classic_trigger.o
                0x20000214                xcpClassicTriggerMode
 .bss.xcpForcedTriggerEnabled
                0x20000215        0x1 xcp_ext_classic_trigger.o
 *fill*         0x20000216        0x2 
 .bss.xcpClassicTriggerHoldOff
                0x20000218        0x4 xcp_ext_classic_trigger.o
                0x20000218                xcpClassicTriggerHoldOff
 *fill*         0x2000021c        0x4 
 .bss.xcpClassicTriggerLevel
                0x20000220        0x8 xcp_ext_classic_trigger.o
                0x20000220                xcpClassicTriggerLevel
 .bss.xcpTriggerEnabled
                0x20000228        0x1 xcp_ext_classic_trigger.o
 .bss.xcpResourceProtectionStatus
                0x20000229        0x1 xcp.o
 .bss.initialized
                0x2000022a        0x1 xcp.o
 .bss.xcpSessionStatus
                0x2000022b        0x1 xcp.o
 .bss.xcpStatus
                0x2000022c        0x1 xcp.o
 *fill*         0x2000022d        0x1 
 .bss.xcpSessionConfigurationId
                0x2000022e        0x2 xcp.o
 .bss.groupPacketLookup
                0x20000230       0x10 xcp.o
 .bss.xcpUploadSize
                0x20000240        0x1 xcp_standard.o
 *fill*         0x20000241        0x3 
 .bss.xcpMta    0x20000244        0x8 xcp_standard.o
 .bss.packetLookup
                0x2000024c        0x4 xcp_standard.o
 .bss.daqLock   0x20000250        0x4 xcp_daq.o
 .bss.packetLookup
                0x20000254        0x4 xcp_daq.o
 .bss.xcpDynamicDaqLists
                0x20000258        0x8 xcp_daq.o
 .bss.xcpRunningEventCounter
                0x20000260        0x4 xcp_daq.o
 .bss.packetLookup
                0x20000264        0x4 xcp_calibration.o
 .bss.rxLock    0x20000268        0x4 xcp_transport.o
 .bss.txFifo    0x2000026c       0x10 xcp_transport.o
 .bss.initialized
                0x2000027c        0x1 xcp_transport.o
 *fill*         0x2000027d        0x3 
 .bss.txLock    0x20000280        0x4 xcp_transport.o
 .bss.rxFifo    0x20000284        0x8 xcp_transport.o
 .bss.xcpMemMainChunk
                0x2000028c       0x6f xcp_mem_default.o
 .bss.xcpMemReservedPoolsChunk
                0x200002fb      0x2d6 xcp_mem_default.o
 *fill*         0x200005d1        0x3 
 .bss.xcpMemLock
                0x200005d4        0x4 xcp_mem_default.o
 .bss.xcpMemPoolDescriptors
                0x200005d8       0x78 xcp_mem_default.o
 .bss.xcpMemReservedPoolsChunkUsedBytes
                0x20000650        0x4 xcp_mem_default.o
 .bss.xcpMemCustomPoolDescriptors
                0x20000654        0x8 xcp_mem_default.o
 .bss.forceBlocking
                0x2000065c        0x1 xcp_drv_rtiostream.o
 *fill*         0x2000065d        0x1 
 .bss.rxCounter
                0x2000065e        0x2 xcp_frame_serial.o
 .bss.initialized
                0x20000660        0x1 xcp_frame_serial.o
 *fill*         0x20000661        0x3 
 .bss.firstRxCounterReceived
                0x20000664        0x4 xcp_frame_serial.o
 .bss.txCounter
                0x20000668        0x2 xcp_frame_serial.o
 *fill*         0x2000066a        0x2 
 .bss._ZZ12Serial_beginE10serialInit
                0x2000066c        0x4 io_wrappers.o
 .bss.receivedSyncByteE
                0x20000670        0x1 rtiostream_serial_daemon.o
                0x20000670                receivedSyncByteE
 .bss.OverrunFlag
                0x20000671        0x1 ert_main.o
 *fill*         0x20000672        0x2 
 .bss.IsrOverrun
                0x20000674        0x4 ert_main.o
                0x20000674                IsrOverrun
 .bss.usb_isr   0x20000678        0x4 C:/Users/siyan/DOCUME~1/MATLAB/R2023a/ARDUIN~1/ARDUIN~1/FASTER~1\libcore.a(cortex_handlers.o)
 .bss._ulTickCount
                0x2000067c        0x4 C:/Users/siyan/DOCUME~1/MATLAB/R2023a/ARDUIN~1/ARDUIN~1/FASTER~1\libcore.a(delay.o)
 .bss.tcEnabled.12353
                0x20000680        0x6 C:/Users/siyan/DOCUME~1/MATLAB/R2023a/ARDUIN~1/ARDUIN~1/FASTER~1\libcore.a(wiring_analog.o)
 *fill*         0x20000686        0x2 
 .bss.SerialUSB
                0x20000688       0x34 C:/Users/siyan/DOCUME~1/MATLAB/R2023a/ARDUIN~1/ARDUIN~1/FASTER~1\libcore.a(CDC.o)
                0x20000688                SerialUSB
 .bss._ZZ12PluggableUSBvE3obj
                0x200006bc        0x8 C:/Users/siyan/DOCUME~1/MATLAB/R2023a/ARDUIN~1/ARDUIN~1/FASTER~1\libcore.a(PluggableUSB.o)
 .bss._ZGVZ12PluggableUSBvE3obj
                0x200006c4        0x4 C:/Users/siyan/DOCUME~1/MATLAB/R2023a/ARDUIN~1/ARDUIN~1/FASTER~1\libcore.a(PluggableUSB.o)
 .bss._ZL14isEndpointHalt
                0x200006c8        0x1 C:/Users/siyan/DOCUME~1/MATLAB/R2023a/ARDUIN~1/ARDUIN~1/FASTER~1\libcore.a(USBCore.o)
 *fill*         0x200006c9        0x3 
 .bss.EndPoints
                0x200006cc       0x28 C:/Users/siyan/DOCUME~1/MATLAB/R2023a/ARDUIN~1/ARDUIN~1/FASTER~1\libcore.a(USBCore.o)
                0x200006cc                EndPoints
 .bss._pack_buffer
                0x200006f4      0x100 C:/Users/siyan/DOCUME~1/MATLAB/R2023a/ARDUIN~1/ARDUIN~1/FASTER~1\libcore.a(USBCore.o)
                0x200006f4                _pack_buffer
 .bss._pack_size
                0x200007f4        0x2 C:/Users/siyan/DOCUME~1/MATLAB/R2023a/ARDUIN~1/ARDUIN~1/FASTER~1\libcore.a(USBCore.o)
                0x200007f4                _pack_size
 .bss._ZL20LastTransmitTimedOut
                0x200007f6        0x7 C:/Users/siyan/DOCUME~1/MATLAB/R2023a/ARDUIN~1/ARDUIN~1/FASTER~1\libcore.a(USBCore.o)
 *fill*         0x200007fd        0x3 
 .bss._ZL22udd_ep_in_cache_buffer
                0x20000800      0x1c0 C:/Users/siyan/DOCUME~1/MATLAB/R2023a/ARDUIN~1/ARDUIN~1/FASTER~1\libcore.a(USBCore.o)
 .bss._ZL23udd_ep_out_cache_buffer
                0x200009c0      0x1c0 C:/Users/siyan/DOCUME~1/MATLAB/R2023a/ARDUIN~1/ARDUIN~1/FASTER~1\libcore.a(USBCore.o)
 .bss._ZL10epHandlers
                0x20000b80       0x1c C:/Users/siyan/DOCUME~1/MATLAB/R2023a/ARDUIN~1/ARDUIN~1/FASTER~1\libcore.a(USBCore.o)
 .bss._pack_message
                0x20000b9c        0x1 C:/Users/siyan/DOCUME~1/MATLAB/R2023a/ARDUIN~1/ARDUIN~1/FASTER~1\libcore.a(USBCore.o)
                0x20000b9c                _pack_message
 .bss._ZL21isRemoteWakeUpEnabled
                0x20000b9d        0x1 C:/Users/siyan/DOCUME~1/MATLAB/R2023a/ARDUIN~1/ARDUIN~1/FASTER~1\libcore.a(USBCore.o)
 .bss._dry_run  0x20000b9e        0x1 C:/Users/siyan/DOCUME~1/MATLAB/R2023a/ARDUIN~1/ARDUIN~1/FASTER~1\libcore.a(USBCore.o)
                0x20000b9e                _dry_run
 .bss.USBDevice
                0x20000b9f        0x1 C:/Users/siyan/DOCUME~1/MATLAB/R2023a/ARDUIN~1/ARDUIN~1/FASTER~1\libcore.a(USBCore.o)
                0x20000b9f                USBDevice
 .bss._usbSetInterface
                0x20000ba0        0x4 C:/Users/siyan/DOCUME~1/MATLAB/R2023a/ARDUIN~1/ARDUIN~1/FASTER~1\libcore.a(USBCore.o)
                0x20000ba0                _usbSetInterface
 .bss.usbd      0x20000ba4      0x104 C:/Users/siyan/DOCUME~1/MATLAB/R2023a/ARDUIN~1/ARDUIN~1/FASTER~1\libcore.a(USBCore.o)
                0x20000ba4                usbd
 .bss._usbConfiguration