Archive member included because of file (symbol)

c:/programdata/matlab/supportpackages/r2023a/aide/tools/arm-none-eabi-gcc/4.8.3-2014q1/bin/../lib/gcc/arm-none-eabi/4.8.3/../../../../arm-none-eabi/lib/armv6-m\libm.a(lib_a-s_ceil.o)
                              meter1.o (ceil)
c:/programdata/matlab/supportpackages/r2023a/aide/tools/arm-none-eabi-gcc/4.8.3-2014q1/bin/../lib/gcc/arm-none-eabi/4.8.3/../../../../arm-none-eabi/lib/armv6-m\libm.a(lib_a-s_floor.o)
                              meter1.o (floor)
C:/Users/siyan/DOCUME~1/MATLAB/R2023a/ARDUIN~1/ARDUIN~1/FASTER~1\libcore.a(cortex_handlers.o)
                              (Reset_Handler)
C:/Users/siyan/DOCUME~1/MATLAB/R2023a/ARDUIN~1/ARDUIN~1/FASTER~1\libcore.a(hooks.o)
                              C:/Users/siyan/DOCUME~1/MATLAB/R2023a/ARDUIN~1/ARDUIN~1/FASTER~1\libcore.a(cortex_handlers.o) (sysTickHook)
C:/Users/siyan/DOCUME~1/MATLAB/R2023a/ARDUIN~1/ARDUIN~1/FASTER~1\libcore.a(delay.o)
                              io_wrappers.o (millis)
C:/Users/siyan/DOCUME~1/MATLAB/R2023a/ARDUIN~1/ARDUIN~1/FASTER~1\libcore.a(startup.o)
                              C:/Users/siyan/DOCUME~1/MATLAB/R2023a/ARDUIN~1/ARDUIN~1/FASTER~1\libcore.a(cortex_handlers.o) (SystemInit)
C:/Users/siyan/DOCUME~1/MATLAB/R2023a/ARDUIN~1/ARDUIN~1/FASTER~1\libcore.a(wiring.o)
                              ert_main.o (init)
C:/Users/siyan/DOCUME~1/MATLAB/R2023a/ARDUIN~1/ARDUIN~1/FASTER~1\libcore.a(wiring_analog.o)
                              C:/Users/siyan/DOCUME~1/MATLAB/R2023a/ARDUIN~1/ARDUIN~1/FASTER~1\libcore.a(wiring.o) (analogReference)
C:/Users/siyan/DOCUME~1/MATLAB/R2023a/ARDUIN~1/ARDUIN~1/FASTER~1\libcore.a(wiring_digital.o)
                              MW_arduino_digitalio.o (pinMode)
C:/Users/siyan/DOCUME~1/MATLAB/R2023a/ARDUIN~1/ARDUIN~1/FASTER~1\libcore.a(wiring_private.o)
                              MW_PWMDriver.o (pinPeripheral)
C:/Users/siyan/DOCUME~1/MATLAB/R2023a/ARDUIN~1/ARDUIN~1/FASTER~1\libcore.a(Reset.o)
                              C:/Users/siyan/DOCUME~1/MATLAB/R2023a/ARDUIN~1/ARDUIN~1/FASTER~1\libcore.a(delay.o) (tickReset)
C:/Users/siyan/DOCUME~1/MATLAB/R2023a/ARDUIN~1/ARDUIN~1/FASTER~1\libcore.a(Uart.o)
                              io_wrappers.o (Uart::begin(unsigned long, unsigned short))
C:/Users/siyan/DOCUME~1/MATLAB/R2023a/ARDUIN~1/ARDUIN~1/FASTER~1\libcore.a(CDC.o)
                              io_wrappers.o (Serial_::write(unsigned char const*, unsigned int))
C:/Users/siyan/DOCUME~1/MATLAB/R2023a/ARDUIN~1/ARDUIN~1/FASTER~1\libcore.a(PluggableUSB.o)
                              C:/Users/siyan/DOCUME~1/MATLAB/R2023a/ARDUIN~1/ARDUIN~1/FASTER~1\libcore.a(CDC.o) (PluggableUSB_::plug(PluggableUSBModule*))
C:/Users/siyan/DOCUME~1/MATLAB/R2023a/ARDUIN~1/ARDUIN~1/FASTER~1\libcore.a(USBCore.o)
                              io_wrappers.o (USBDeviceClass::init())
C:/Users/siyan/DOCUME~1/MATLAB/R2023a/ARDUIN~1/ARDUIN~1/FASTER~1\libcore.a(variant.o)
                              io_wrappers.o (Serial1)
C:/Users/siyan/DOCUME~1/MATLAB/R2023a/ARDUIN~1/ARDUIN~1/FASTER~1\libcore.a(abi.o)
                              C:/Users/siyan/DOCUME~1/MATLAB/R2023a/ARDUIN~1/ARDUIN~1/FASTER~1\libcore.a(Uart.o) (__cxa_pure_virtual)
C:/Users/siyan/DOCUME~1/MATLAB/R2023a/ARDUIN~1/ARDUIN~1/FASTER~1\libcore.a(new.o)
                              C:/Users/siyan/DOCUME~1/MATLAB/R2023a/ARDUIN~1/ARDUIN~1/FASTER~1\libcore.a(USBCore.o) (operator new(unsigned int))
C:/Users/siyan/DOCUME~1/MATLAB/R2023a/ARDUIN~1/ARDUIN~1/FASTER~1\libcore.a(Print.o)
                              C:/Users/siyan/DOCUME~1/MATLAB/R2023a/ARDUIN~1/ARDUIN~1/FASTER~1\libcore.a(Uart.o) (Print::write(unsigned char const*, unsigned int))
C:/Users/siyan/DOCUME~1/MATLAB/R2023a/ARDUIN~1/ARDUIN~1/FASTER~1\libcore.a(SERCOM.o)
                              C:/Users/siyan/DOCUME~1/MATLAB/R2023a/ARDUIN~1/ARDUIN~1/FASTER~1\libcore.a(variant.o) (SERCOM::SERCOM(Sercom*))
c:/programdata/matlab/supportpackages/r2023a/aide/tools/arm-none-eabi-gcc/4.8.3-2014q1/bin/../lib/gcc/arm-none-eabi/4.8.3/armv6-m\libgcc.a(_thumb1_case_uqi.o)
                              io_wrappers.o (__gnu_thumb1_case_uqi)
c:/programdata/matlab/supportpackages/r2023a/aide/tools/arm-none-eabi-gcc/4.8.3-2014q1/bin/../lib/gcc/arm-none-eabi/4.8.3/armv6-m\libgcc.a(_udivsi3.o)
                              C:/Users/siyan/DOCUME~1/MATLAB/R2023a/ARDUIN~1/ARDUIN~1/FASTER~1\libcore.a(wiring.o) (__aeabi_uidiv)
c:/programdata/matlab/supportpackages/r2023a/aide/tools/arm-none-eabi-gcc/4.8.3-2014q1/bin/../lib/gcc/arm-none-eabi/4.8.3/armv6-m\libgcc.a(_divsi3.o)
                              C:/Users/siyan/DOCUME~1/MATLAB/R2023a/ARDUIN~1/ARDUIN~1/FASTER~1\libcore.a(SERCOM.o) (__aeabi_idiv)
c:/programdata/matlab/supportpackages/r2023a/aide/tools/arm-none-eabi-gcc/4.8.3-2014q1/bin/../lib/gcc/arm-none-eabi/4.8.3/armv6-m\libgcc.a(_dvmd_tls.o)
[...]
Memory Configuration

Name             Origin             Length             Attributes
FLASH            0x00002000         0x0003e000         xr
RAM              0x20000000         0x00008000         xrw
*default*        0x00000000         0xffffffff

Linker script and memory map

LOAD c:/programdata/matlab/supportpackages/r2023a/aide/tools/arm-none-eabi-gcc/4.8.3-2014q1/bin/../lib/gcc/arm-none-eabi/4.8.3/armv6-m/crti.o
LOAD c:/programdata/matlab/supportpackages/r2023a/aide/tools/arm-none-eabi-gcc/4.8.3-2014q1/bin/../lib/gcc/arm-none-eabi/4.8.3/armv6-m/crtbegin.o
LOAD c:/programdata/matlab/supportpackages/r2023a/aide/tools/arm-none-eabi-gcc/4.8.3-2014q1/bin/../lib/gcc/arm-none-eabi/4.8.3/../../../../arm-none-eabi/lib/armv6-m/crt0.o
START GROUP
LOAD C:/ProgramData/MATLAB/SupportPackages/R2023a/aIDE/portable/packages/arduino/tools/CMSIS/4.5.0/CMSIS/Lib/GCC\libarm_cortexM0l_math.a
LOAD MW_arduino_digitalio.o
LOAD MW_PWM.o
LOAD MW_PWMDriver.o
LOAD ArduinoPinHandleMap.o
LOAD meter1.o
LOAD meter1_data.o
LOAD MW_ArduinoHWInit.o
LOAD io_wrappers.o
LOAD arduinoARM_M0plusScheduler.o
LOAD m0m1m0plus_multitasking.o
LOAD ert_main.o
LOAD C:/Users/siyan/DOCUME~1/MATLAB/R2023a/ARDUIN~1/ARDUIN~1/FASTER~1/MW_RebuildSrc_Core.o
END GROUP
LOAD c:/programdata/matlab/supportpackages/r2023a/aide/tools/arm-none-eabi-gcc/4.8.3-2014q1/bin/../lib/gcc/arm-none-eabi/4.8.3/../../../../arm-none-eabi/lib/armv6-m\libm.a
LOAD C:/Users/siyan/DOCUME~1/MATLAB/R2023a/ARDUIN~1/ARDUIN~1/FASTER~1\libcore.a
START GROUP
LOAD c:/programdata/matlab/supportpackages/r2023a/aide/tools/arm-none-eabi-gcc/4.8.3-2014q1/bin/../lib/gcc/arm-none-eabi/4.8.3/armv6-m\libgcc.a
LOAD c:/programdata/matlab/supportpackages/r2023a/aide/tools/arm-none-eabi-gcc/4.8.3-2014q1/bin/../lib/gcc/arm-none-eabi/4.8.3/../../../../arm-none-eabi/lib/armv6-m\libg_s.a
LOAD c:/programdata/matlab/supportpackages/r2023a/aide/tools/arm-none-eabi-gcc/4.8.3-2014q1/bin/../lib/gcc/arm-none-eabi/4.8.3/../../../../arm-none-eabi/lib/armv6-m\libc_s.a
END GROUP
START GROUP
LOAD c:/programdata/matlab/supportpackages/r2023a/aide/tools/arm-none-eabi-gcc/4.8.3-2014q1/bin/../lib/gcc/arm-none-eabi/4.8.3/armv6-m\libgcc.a
LOAD c:/programdata/matlab/supportpackages/r2023a/aide/tools/arm-none-eabi-gcc/4.8.3-2014q1/bin/../lib/gcc/arm-none-eabi/4.8.3/../../../../arm-none-eabi/lib/armv6-m\libc_s.a
LOAD c:/programdata/matlab/supportpackages/r2023a/aide/tools/arm-none-eabi-gcc/4.8.3-2014q1/bin/../lib/gcc/arm-none-eabi/4.8.3/../../../../arm-none-eabi/lib/armv6-m\libnosys.a
END GROUP
START GROUP
LOAD c:/programdata/matlab/supportpackages/r2023a/aide/tools/arm-none-eabi-gcc/4.8.3-2014q1/bin/../lib/gcc/arm-none-eabi/4.8.3/armv6-m\libgcc.a
LOAD c:/programdata/matlab/supportpackages/r2023a/aide/tools/arm-none-eabi-gcc/4.8.3-2014q1/bin/../lib/gcc/arm-none-eabi/4.8.3/../../../../arm-none-eabi/lib/armv6-m\libc_s.a
LOAD c:/programdata/matlab/supportpackages/r2023a/aide/tools/arm-none-eabi-gcc/4.8.3-2014q1/bin/../lib/gcc/arm-none-eabi/4.8.3/../../../../arm-none-eabi/lib/armv6-m\libnosys.a
END GROUP
LOAD c:/programdata/matlab/supportpackages/r2023a/aide/tools/arm-none-eabi-gcc/4.8.3-2014q1/bin/../lib/gcc/arm-none-eabi/4.8.3/armv6-m/crtend.o
LOAD c:/programdata/matlab/supportpackages/r2023a/aide/tools/arm-none-eabi-gcc/4.8.3-2014q1/bin/../lib/gcc/arm-none-eabi/4.8.3/armv6-m/crtn.o

.text           0x00002000     0x5bb0
                0x00002000                __text_start__ = .
 *(.sketch_boot)
                0x00002000                . = ALIGN (0x2000)
 *(.isr_vector)
 .isr_vector    0x00002000       0xb4 C:/Users/siyan/DOCUME~1/MATLAB/R2023a/ARDUIN~1/ARDUIN~1/FASTER~1\libcore.a(cortex_handlers.o)
                0x00002000                exception_table
 *(.text*)
 .text          0x000020b4       0x60 c:/programdata/matlab/supportpackages/r2023a/aide/tools/arm-none-eabi-gcc/4.8.3-2014q1/bin/../lib/gcc/arm-none-eabi/4.8.3/armv6-m/crtbegin.o
 .text.digitalIOSetup
                0x00002114       0x12 MW_arduino_digitalio.o
                0x00002114                digitalIOSetup
 .text.writeDigitalPin
                0x00002126        0xe MW_arduino_digitalio.o
                0x00002126                writeDigitalPin
 .text.readDigitalPin
                0x00002134       0x10 MW_arduino_digitalio.o
                0x00002134                readDigitalPin
 *fill*         0x00002144        0x4 
 .text.MW_PWM_SetDutyCycle
                0x00002148       0x58 MW_PWM.o
                0x00002148                MW_PWM_SetDutyCycle
 .text.MW_PWM_GetHandle
                0x000021a0       0x24 MW_PWM.o
                0x000021a0                MW_PWM_GetHandle
 .text.setPWMHandle
                0x000021c4       0x2c MW_PWM.o
                0x000021c4                setPWMHandle
 .text.MW_PWM_Open
                0x000021f0       0x58 MW_PWM.o
                0x000021f0                MW_PWM_Open
 .text.MW_PWM_Close
                0x00002248       0x16 MW_PWM.o
                0x00002248                MW_PWM_Close
 *fill*         0x0000225e        0x2 
 .text.MW_analogWrite
                0x00002260       0xd4 MW_PWMDriver.o
                0x00002260                MW_analogWrite
 .text.MW_setAnalogFrequency
                0x00002334      0x13c MW_PWMDriver.o
                0x00002334                MW_setAnalogFrequency
 .text.binsearch_u32d
                0x00002470       0x38 meter1.o
                0x00002470                binsearch_u32d
 .text.plook_u32d_binckan
                0x000024a8       0x84 meter1.o
                0x000024a8                plook_u32d_binckan
 *fill*         0x0000252c        0x4 
 .text.rt_roundd_snf
                0x00002530       0x90 meter1.o
                0x00002530                rt_roundd_snf
 .text.meter1_step
                0x000025c0      0x5e8 meter1.o
                0x000025c0                meter1_step
 .text.meter1_initialize
                0x00002ba8      0x1a8 meter1.o
                0x00002ba8                meter1_initialize
 .text.meter1_terminate
                0x00002d50       0xe0 meter1.o
                0x00002d50                meter1_terminate
 .text.MW_Arduino_Init
                0x00002e30       0x14 MW_ArduinoHWInit.o
                0x00002e30                MW_Arduino_Init
 .text.MW_Arduino_Terminate
                0x00002e44        0x8 MW_ArduinoHWInit.o
                0x00002e44                MW_Arduino_Terminate
 .text.MW_usbattach
                0x00002e4c       0x1c io_wrappers.o
                0x00002e4c                MW_usbattach
 .text.Serial_begin
                0x00002e68       0x48 io_wrappers.o
                0x00002e68                Serial_begin
 .text.resetExternalChip
                0x00002eb0        0x2 arduinoARM_M0plusScheduler.o
                0x00002eb0                resetExternalChip
 .text.configureArduinoARM_M0plusTimer
                0x00002eb2        0x2 arduinoARM_M0plusScheduler.o
                0x00002eb2                configureArduinoARM_M0plusTimer
 .text.disable_rt_OneStep
                0x00002eb4        0x4 arduinoARM_M0plusScheduler.o
                0x00002eb4                disable_rt_OneStep
 .text.MW_Arduino_Loop
                0x00002eb8       0x2c arduinoARM_M0plusScheduler.o
                0x00002eb8                MW_Arduino_Loop
 .text.SVC_Handler
                0x00002ee4       0x2c m0m1m0plus_multitasking.o
                0x00002ee4                SVC_Handler
 .text.rt_OneStep
                0x00002f10       0x2c ert_main.o
                0x00002f10                rt_OneStep
 .text.startup.main
                0x00002f3c       0x74 ert_main.o
                0x00002f3c                main
 .text.ceil     0x00002fb0      0x168 c:/programdata/matlab/supportpackages/r2023a/aide/tools/arm-none-eabi-gcc/4.8.3-2014q1/bin/../lib/gcc/arm-none-eabi/4.8.3/../../../../arm-none-eabi/lib/armv6-m\libm.a(lib_a-s_ceil.o)
                0x00002fb0                ceil
 .text.floor    0x00003118      0x170 c:/programdata/matlab/supportpackages/r2023a/aide/tools/arm-none-eabi-gcc/4.8.3-2014q1/bin/../lib/gcc/arm-none-eabi/4.8.3/../../../../arm-none-eabi/lib/armv6-m\libm.a(lib_a-s_floor.o)
                0x00003118                floor
 .text.Dummy_Handler
                0x00003288        0x2 C:/Users/siyan/DOCUME~1/MATLAB/R2023a/ARDUIN~1/ARDUIN~1/FASTER~1\libcore.a(cortex_handlers.o)
                0x00003288                DMAC_Handler
                0x00003288                HardFault_Handler
                0x00003288                AC_Handler
                0x00003288                PendSV_Handler
                0x00003288                NMI_Handler
                0x00003288                TC7_Handler
                0x00003288                SERCOM1_Handler
                0x00003288                ADC_Handler
                0x00003288                TCC1_Handler
                0x00003288                TCC0_Handler
                0x00003288                RTC_Handler
                0x00003288                EIC_Handler
                0x00003288                TC6_Handler
                0x00003288                WDT_Handler
                0x00003288                TC4_Handler
                0x00003288                TC3_Handler
                0x00003288                Dummy_Handler
                0x00003288                PM_Handler
                0x00003288                TCC2_Handler
                0x00003288                EVSYS_Handler
                0x00003288                SERCOM4_Handler
                0x00003288                I2S_Handler
                0x00003288                NVMCTRL_Handler
                0x00003288                SERCOM0_Handler
                0x00003288                DAC_Handler
                0x00003288                PTC_Handler
                0x00003288                SYSCTRL_Handler
 *fill*         0x0000328a        0x2 
 .text.USB_Handler
                0x0000328c       0x14 C:/Users/siyan/DOCUME~1/MATLAB/R2023a/ARDUIN~1/ARDUIN~1/FASTER~1\libcore.a(cortex_handlers.o)
                0x0000328c                USB_Handler
 .text.Reset_Handler
                0x000032a0       0x54 C:/Users/siyan/DOCUME~1/MATLAB/R2023a/ARDUIN~1/ARDUIN~1/FASTER~1\libcore.a(cortex_handlers.o)
                0x000032a0                Reset_Handler
 .text.SysTick_Handler
                0x000032f4       0x10 C:/Users/siyan/DOCUME~1/MATLAB/R2023a/ARDUIN~1/ARDUIN~1/FASTER~1\libcore.a(cortex_handlers.o)
                0x000032f4                SysTick_Handler
 .text.USB_SetHandler
                0x00003304        0xc C:/Users/siyan/DOCUME~1/MATLAB/R2023a/ARDUIN~1/ARDUIN~1/FASTER~1\libcore.a(cortex_handlers.o)
                0x00003304                USB_SetHandler
 .text.__false  0x00003310        0x4 C:/Users/siyan/DOCUME~1/MATLAB/R2023a/ARDUIN~1/ARDUIN~1/FASTER~1\libcore.a(hooks.o)
                0x00003310                sysTickHook
 .text.micros   0x00003314       0x64 C:/Users/siyan/DOCUME~1/MATLAB/R2023a/ARDUIN~1/ARDUIN~1/FASTER~1\libcore.a(delay.o)
                0x00003314                micros
 .text.SysTick_DefaultHandler
                0x00003378       0x14 C:/Users/siyan/DOCUME~1/MATLAB/R2023a/ARDUIN~1/ARDUIN~1/FASTER~1\libcore.a(delay.o)
                0x00003378                SysTick_DefaultHandler
 .text.SystemInit
                0x0000338c      0x198 C:/Users/siyan/DOCUME~1/MATLAB/R2023a/ARDUIN~1/ARDUIN~1/FASTER~1\libcore.a(startup.o)
                0x0000338c                SystemInit
 .text.init     0x00003524       0xf0 C:/Users/siyan/DOCUME~1/MATLAB/R2023a/ARDUIN~1/ARDUIN~1/FASTER~1\libcore.a(wiring.o)
                0x00003524                init
 .text.mapResolution
                0x00003614       0x12 C:/Users/siyan/DOCUME~1/MATLAB/R2023a/ARDUIN~1/ARDUIN~1/FASTER~1\libcore.a(wiring_analog.o)
 *fill*         0x00003626        0x2 
 .text.analogReference
                0x00003628       0x5c C:/Users/siyan/DOCUME~1/MATLAB/R2023a/ARDUIN~1/ARDUIN~1/FASTER~1\libcore.a(wiring_analog.o)
                0x00003628                analogReference
 .text.analogWrite
                0x00003684      0x1e4 C:/Users/siyan/DOCUME~1/MATLAB/R2023a/ARDUIN~1/ARDUIN~1/FASTER~1\libcore.a(wiring_analog.o)
                0x00003684                analogWrite
 .text.pinMode  0x00003868       0xb4 C:/Users/siyan/DOCUME~1/MATLAB/R2023a/ARDUIN~1/ARDUIN~1/FASTER~1\libcore.a(wiring_digital.o)
                0x00003868                pinMode
 .text.digitalWrite
                0x0000391c       0x60 C:/Users/siyan/DOCUME~1/MATLAB/R2023a/ARDUIN~1/ARDUIN~1/FASTER~1\libcore.a(wiring_digital.o)
                0x0000391c                digitalWrite
 .text.digitalRead
                0x0000397c       0x30 C:/Users/siyan/DOCUME~1/MATLAB/R2023a/ARDUIN~1/ARDUIN~1/FASTER~1\libcore.a(wiring_digital.o)
                0x0000397c                digitalRead
 .text.pinPeripheral
                0x000039ac       0xc4 C:/Users/siyan/DOCUME~1/MATLAB/R2023a/ARDUIN~1/ARDUIN~1/FASTER~1\libcore.a(wiring_private.o)
                0x000039ac                pinPeripheral
 .text.initiateReset
                0x00003a70       0x14 C:/Users/siyan/DOCUME~1/MATLAB/R2023a/ARDUIN~1/ARDUIN~1/FASTER~1\libcore.a(Reset.o)
                0x00003a70                initiateReset
 .text.cancelReset
                0x00003a84       0x10 C:/Users/siyan/DOCUME~1/MATLAB/R2023a/ARDUIN~1/ARDUIN~1/FASTER~1\libcore.a(Reset.o)
                0x00003a84                cancelReset
 .text.tickReset
                0x00003a94       0x74 C:/Users/siyan/DOCUME~1/MATLAB/R2023a/ARDUIN~1/ARDUIN~1/FASTER~1\libcore.a(Reset.o)
                0x00003a94                tickReset
 .text._ZN4UartcvbEv
                0x00003b08        0x4 C:/Users/siyan/DOCUME~1/MATLAB/R2023a/ARDUIN~1/ARDUIN~1/FASTER~1\libcore.a(Uart.o)
                0x00003b08                Uart::operator bool()
 .text._ZN4Uart5beginEm
                0x00003b0c       0x10 C:/Users/siyan/DOCUME~1/MATLAB/R2023a/ARDUIN~1/ARDUIN~1/FASTER~1\libcore.a(Uart.o)
                0x00003b0c                Uart::begin(unsigned long)
 .text._ZN4Uart4peekEv
                0x00003b1c       0x1a C:/Users/siyan/DOCUME~1/MATLAB/R2023a/ARDUIN~1/ARDUIN~1/FASTER~1\libcore.a(Uart.o)
                0x00003b1c                Uart::peek()
 .text._ZN4Uart3endEv
                0x00003b36       0x20 C:/Users/siyan/DOCUME~1/MATLAB/R2023a/ARDUIN~1/ARDUIN~1/FASTER~1\libcore.a(Uart.o)
                0x00003b36                Uart::end()
 *fill*         0x00003b56        0x2 
 .text._ZN4UartC2EP6SERCOMhh11SercomRXPad15SercomUartTXPadhh
                0x00003b58       0xa4 C:/Users/siyan/DOCUME~1/MATLAB/R2023a/ARDUIN~1/ARDUIN~1/FASTER~1\libcore.a(Uart.o)
                0x00003b58                Uart::Uart(SERCOM*, unsigned char, unsigned char, SercomRXPad, SercomUartTXPad, unsigned char, unsigned char)
                0x00003b58                Uart::Uart(SERCOM*, unsigned char, unsigned char, SercomRXPad, SercomUartTXPad, unsigned char, unsigned char)
 .text._ZN4UartC2EP6SERCOMhh11SercomRXPad15SercomUartTXPad
                0x00003bfc       0x24 C:/Users/siyan/DOCUME~1/MATLAB/R2023a/ARDUIN~1/ARDUIN~1/FASTER~1\libcore.a(Uart.o)
                0x00003bfc                Uart::Uart(SERCOM*, unsigned char, unsigned char, SercomRXPad, SercomUartTXPad)
                0x00003bfc                Uart::Uart(SERCOM*, unsigned char, unsigned char, SercomRXPad, SercomUartTXPad)
 .text._ZN4Uart16extractNbStopBitEt
                0x00003c20        0xe C:/Users/siyan/DOCUME~1/MATLAB/R2023a/ARDUIN~1/ARDUIN~1/FASTER~1\libcore.a(Uart.o)
                0x00003c20                Uart::extractNbStopBit(unsigned short)
 .text._ZN4Uart15extractCharSizeEt
                0x00003c2e       0x2c C:/Users/siyan/DOCUME~1/MATLAB/R2023a/ARDUIN~1/ARDUIN~1/FASTER~1\libcore.a(Uart.o)
                0x00003c2e                Uart::extractCharSize(unsigned short)
 .text._ZN4Uart13extractParityEt
                0x00003c5a       0x18 C:/Users/siyan/DOCUME~1/MATLAB/R2023a/ARDUIN~1/ARDUIN~1/FASTER~1\libcore.a(Uart.o)
                0x00003c5a                Uart::extractParity(unsigned short)
 *fill*         0x00003c72        0x2 
 .text._ZN4Uart5beginEmt
                0x00003c74       0xf8 C:/Users/siyan/DOCUME~1/MATLAB/R2023a/ARDUIN~1/ARDUIN~1/FASTER~1\libcore.a(Uart.o)
                0x00003c74                Uart::begin(unsigned long, unsigned short)
 .text._ZN11RingBufferNILi256EE9availableEv
                0x00003d6c       0x12 C:/Users/siyan/DOCUME~1/MATLAB/R2023a/ARDUIN~1/ARDUIN~1/FASTER~1\libcore.a(Uart.o)
                0x00003d6c                RingBufferN<256>::available()
 .text._ZN4Uart5flushEv
                0x00003d7e       0x1a C:/Users/siyan/DOCUME~1/MATLAB/R2023a/ARDUIN~1/ARDUIN~1/FASTER~1\libcore.a(Uart.o)
                0x00003d7e                Uart::flush()
 .text._ZN4Uart9availableEv
                0x00003d98        0xa C:/Users/siyan/DOCUME~1/MATLAB/R2023a/ARDUIN~1/ARDUIN~1/FASTER~1\libcore.a(Uart.o)
                0x00003d98                Uart::available()
 .text._ZN11RingBufferNILi256EE17availableForStoreEv
                0x00003da2       0x1e C:/Users/siyan/DOCUME~1/MATLAB/R2023a/ARDUIN~1/ARDUIN~1/FASTER~1\libcore.a(Uart.o)
                0x00003da2                RingBufferN<256>::availableForStore()
 .text._ZN4Uart17availableForWriteEv
                0x00003dc0        0xc C:/Users/siyan/DOCUME~1/MATLAB/R2023a/ARDUIN~1/ARDUIN~1/FASTER~1\libcore.a(Uart.o)
                0x00003dc0                Uart::availableForWrite()
 .text._ZN4Uart10IrqHandlerEv
                0x00003dcc       0xc8 C:/Users/siyan/DOCUME~1/MATLAB/R2023a/ARDUIN~1/ARDUIN~1/FASTER~1\libcore.a(Uart.o)
                0x00003dcc                Uart::IrqHandler()
 .text._ZN4Uart5writeEh
                0x00003e94       0xb4 C:/Users/siyan/DOCUME~1/MATLAB/R2023a/ARDUIN~1/ARDUIN~1/FASTER~1\libcore.a(Uart.o)
                0x00003e94                Uart::write(unsigned char)
 .text._ZN4Uart4readEv
                0x00003f48       0x4c C:/Users/siyan/DOCUME~1/MATLAB/R2023a/ARDUIN~1/ARDUIN~1/FASTER~1\libcore.a(Uart.o)
                0x00003f48                Uart::read()
 .text._ZN7Serial_13getDescriptorER8USBSetup
                0x00003f94        0x4 C:/Users/siyan/DOCUME~1/MATLAB/R2023a/ARDUIN~1/ARDUIN~1/FASTER~1\libcore.a(CDC.o)
                0x00003f94                Serial_::getDescriptor(USBSetup&)
 .text._ZThn16_N7Serial_13getDescriptorER8USBSetup
                0x00003f98       0x10 C:/Users/siyan/DOCUME~1/MATLAB/R2023a/ARDUIN~1/ARDUIN~1/FASTER~1\libcore.a(CDC.o)
                0x00003f98                non-virtual thunk to Serial_::getDescriptor(USBSetup&)
 .text._ZL5utox8mPc
                0x00003fa8       0x1c C:/Users/siyan/DOCUME~1/MATLAB/R2023a/ARDUIN~1/ARDUIN~1/FASTER~1\libcore.a(CDC.o)
 .text._ZN7Serial_12getShortNameEPc
                0x00003fc4       0x44 C:/Users/siyan/DOCUME~1/MATLAB/R2023a/ARDUIN~1/ARDUIN~1/FASTER~1\libcore.a(CDC.o)
                0x00003fc4                Serial_::getShortName(char*)
 .text._ZThn16_N7Serial_12getShortNameEPc
                0x00004008       0x10 C:/Users/siyan/DOCUME~1/MATLAB/R2023a/ARDUIN~1/ARDUIN~1/FASTER~1\libcore.a(CDC.o)
                0x00004008                non-virtual thunk to Serial_::getShortName(char*)
 .text._ZN7Serial_14handleEndpointEi
                0x00004018        0x2 C:/Users/siyan/DOCUME~1/MATLAB/R2023a/ARDUIN~1/ARDUIN~1/FASTER~1\libcore.a(CDC.o)
                0x00004018                Serial_::handleEndpoint(int)
 *fill*         0x0000401a        0x2 
 .text._ZThn16_N7Serial_14handleEndpointEi
                0x0000401c       0x10 C:/Users/siyan/DOCUME~1/MATLAB/R2023a/ARDUIN~1/ARDUIN~1/FASTER~1\libcore.a(CDC.o)
                0x0000401c                non-virtual thunk to Serial_::handleEndpoint(int)
 .text._ZN7Serial_17availableForWriteEv
                0x0000402c        0x4 C:/Users/siyan/DOCUME~1/MATLAB/R2023a/ARDUIN~1/ARDUIN~1/FASTER~1\libcore.a(CDC.o)
                0x0000402c                Serial_::availableForWrite()
 .text._ZN7Serial_5writeEh
                0x00004030       0x14 C:/Users/siyan/DOCUME~1/MATLAB/R2023a/ARDUIN~1/ARDUIN~1/FASTER~1\libcore.a(CDC.o)
                0x00004030                Serial_::write(unsigned char)
 .text._ZN7Serial_12getInterfaceEPh
                0x00004044      0x104 C:/Users/siyan/DOCUME~1/MATLAB/R2023a/ARDUIN~1/ARDUIN~1/FASTER~1\libcore.a(CDC.o)
                0x00004044                Serial_::getInterface(unsigned char*)
 .text._ZThn16_N7Serial_12getInterfaceEPh
                0x00004148       0x10 C:/Users/siyan/DOCUME~1/MATLAB/R2023a/ARDUIN~1/ARDUIN~1/FASTER~1\libcore.a(CDC.o)
                0x00004148                non-virtual thunk to Serial_::getInterface(unsigned char*)
 .text._ZN7Serial_5setupER8USBSetup
                0x00004158       0x98 C:/Users/siyan/DOCUME~1/MATLAB/R2023a/ARDUIN~1/ARDUIN~1/FASTER~1\libcore.a(CDC.o)
                0x00004158                Serial_::setup(USBSetup&)
 .text._ZThn16_N7Serial_5setupER8USBSetup
                0x000041f0       0x10 C:/Users/siyan/DOCUME~1/MATLAB/R2023a/ARDUIN~1/ARDUIN~1/FASTER~1\libcore.a(CDC.o)
                0x000041f0                non-virtual thunk to Serial_::setup(USBSetup&)
 .text._ZN7Serial_9availableEv
                0x00004200       0x20 C:/Users/siyan/DOCUME~1/MATLAB/R2023a/ARDUIN~1/ARDUIN~1/FASTER~1\libcore.a(CDC.o)
                0x00004200                Serial_::available()
 .text._ZN7Serial_5flushEv
                0x00004220       0x10 C:/Users/siyan/DOCUME~1/MATLAB/R2023a/ARDUIN~1/ARDUIN~1/FASTER~1\libcore.a(CDC.o)
                0x00004220                Serial_::flush()
 .text._ZN7Serial_5clearEv
                0x00004230       0x10 C:/Users/siyan/DOCUME~1/MATLAB/R2023a/ARDUIN~1/ARDUIN~1/FASTER~1\libcore.a(CDC.o)
                0x00004230                Serial_::clear()
 .text._ZN7Serial_5writeEPKhj
                0x00004240       0x1e C:/Users/siyan/DOCUME~1/MATLAB/R2023a/ARDUIN~1/ARDUIN~1/FASTER~1\libcore.a(CDC.o)
                0x00004240                Serial_::write(unsigned char const*, unsigned int)
 *fill*         0x0000425e        0x2 
 .text._ZN7Serial_4peekEv
                0x00004260       0x1c C:/Users/siyan/DOCUME~1/MATLAB/R2023a/ARDUIN~1/ARDUIN~1/FASTER~1\libcore.a(CDC.o)
                0x00004260                Serial_::peek()
 .text._ZN7Serial_4readEv
                0x0000427c       0x24 C:/Users/siyan/DOCUME~1/MATLAB/R2023a/ARDUIN~1/ARDUIN~1/FASTER~1\libcore.a(CDC.o)
                0x0000427c                Serial_::read()
 .text._ZN7Serial_C2ER14USBDeviceClass
                0x000042a0       0x4c C:/Users/siyan/DOCUME~1/MATLAB/R2023a/ARDUIN~1/ARDUIN~1/FASTER~1\libcore.a(CDC.o)
                0x000042a0                Serial_::Serial_(USBDeviceClass&)
                0x000042a0                Serial_::Serial_(USBDeviceClass&)
 .text._ZN7Serial_15enableInterruptEv
                0x000042ec       0x30 C:/Users/siyan/DOCUME~1/MATLAB/R2023a/ARDUIN~1/ARDUIN~1/FASTER~1\libcore.a(CDC.o)
                0x000042ec                Serial_::enableInterrupt()
 .text._ZN7Serial_5beginEm
                0x0000431c        0x2 C:/Users/siyan/DOCUME~1/MATLAB/R2023a/ARDUIN~1/ARDUIN~1/FASTER~1\libcore.a(CDC.o)
                0x0000431c                Serial_::begin(unsigned long)
 .text._ZN7Serial_5beginEmh
                0x0000431e        0x2 C:/Users/siyan/DOCUME~1/MATLAB/R2023a/ARDUIN~1/ARDUIN~1/FASTER~1\libcore.a(CDC.o)
                0x0000431e                Serial_::begin(unsigned long, unsigned char)
 .text.startup._GLOBAL__sub_I__ZN7Serial_12getInterfaceEPh
                0x00004320       0x14 C:/Users/siyan/DOCUME~1/MATLAB/R2023a/ARDUIN~1/ARDUIN~1/FASTER~1\libcore.a(CDC.o)
 .text._ZN13PluggableUSB_12getInterfaceEPh
                0x00004334       0x2a C:/Users/siyan/DOCUME~1/MATLAB/R2023a/ARDUIN~1/ARDUIN~1/FASTER~1\libcore.a(PluggableUSB.o)
                0x00004334                PluggableUSB_::getInterface(unsigned char*)
 .text._ZN13PluggableUSB_13getDescriptorER8USBSetup
                0x0000435e       0x20 C:/Users/siyan/DOCUME~1/MATLAB/R2023a/ARDUIN~1/ARDUIN~1/FASTER~1\libcore.a(PluggableUSB.o)
                0x0000435e                PluggableUSB_::getDescriptor(USBSetup&)
 .text._ZN13PluggableUSB_12getShortNameEPc
                0x0000437e       0x26 C:/Users/siyan/DOCUME~1/MATLAB/R2023a/ARDUIN~1/ARDUIN~1/FASTER~1\libcore.a(PluggableUSB.o)
                0x0000437e                PluggableUSB_::getShortName(char*)
 .text._ZN13PluggableUSB_5setupER8USBSetup
                0x000043a4       0x24 C:/Users/siyan/DOCUME~1/MATLAB/R2023a/ARDUIN~1/ARDUIN~1/FASTER~1\libcore.a(PluggableUSB.o)
                0x000043a4                PluggableUSB_::setup(USBSetup&)
 .text._ZN13PluggableUSB_14handleEndpointEi
                0x000043c8       0x1a C:/Users/siyan/DOCUME~1/MATLAB/R2023a/ARDUIN~1/ARDUIN~1/FASTER~1\libcore.a(PluggableUSB.o)
                0x000043c8                PluggableUSB_::handleEndpoint(int)
 *fill*         0x000043e2        0x2 
 .text._ZN13PluggableUSB_4plugEP18PluggableUSBModule
                0x000043e4       0x60 C:/Users/siyan/DOCUME~1/MATLAB/R2023a/ARDUIN~1/ARDUIN~1/FASTER~1\libcore.a(PluggableUSB.o)
                0x000043e4                PluggableUSB_::plug(PluggableUSBModule*)
 .text._Z12PluggableUSBv
                0x00004444       0x20 C:/Users/siyan/DOCUME~1/MATLAB/R2023a/ARDUIN~1/ARDUIN~1/FASTER~1\libcore.a(PluggableUSB.o)
                0x00004444                PluggableUSB()
 .text._ZN26DoubleBufferedEPOutHandlerD2Ev
                0x00004464        0xc C:/Users/siyan/DOCUME~1/MATLAB/R2023a/ARDUIN~1/ARDUIN~1/FASTER~1\libcore.a(USBCore.o)
                0x00004464                DoubleBufferedEPOutHandler::~DoubleBufferedEPOutHandler()
                0x00004464                DoubleBufferedEPOutHandler::~DoubleBufferedEPOutHandler()
 .text._ZN26DoubleBufferedEPOutHandlerD0Ev
                0x00004470       0x14 C:/Users/siyan/DOCUME~1/MATLAB/R2023a/ARDUIN~1/ARDUIN~1/FASTER~1\libcore.a(USBCore.o)
                0x00004470                DoubleBufferedEPOutHandler::~DoubleBufferedEPOutHandler()
 .text._ZN14USBDeviceClass6initEPEmm.part.7
                0x00004484       0xbc C:/Users/siyan/DOCUME~1/MATLAB/R2023a/ARDUIN~1/ARDUIN~1/FASTER~1\libcore.a(USBCore.o)
 .text._ZN7__GuardC2Ev
                0x00004540        0xe C:/Users/siyan/DOCUME~1/MATLAB/R2023a/ARDUIN~1/ARDUIN~1/FASTER~1\libcore.a(USBCore.o)
                0x00004540                __Guard::__Guard()
                0x00004540                __Guard::__Guard()
 .text._ZN7__GuardD2Ev
                0x0000454e        0xe C:/Users/siyan/DOCUME~1/MATLAB/R2023a/ARDUIN~1/ARDUIN~1/FASTER~1\libcore.a(USBCore.o)
                0x0000454e                __Guard::~__Guard()
                0x0000454e                __Guard::~__Guard()
 .text._ZNK26DoubleBufferedEPOutHandler10_availableEv
                0x0000455c       0x72 C:/Users/siyan/DOCUME~1/MATLAB/R2023a/ARDUIN~1/ARDUIN~1/FASTER~1\libcore.a(USBCore.o)
                0x0000455c                DoubleBufferedEPOutHandler::_available() const
 *fill*         0x000045ce        0x2 
 .text._ZN26DoubleBufferedEPOutHandler7releaseEv
                0x000045d0       0x38 C:/Users/siyan/DOCUME~1/MATLAB/R2023a/ARDUIN~1/ARDUIN~1/FASTER~1\libcore.a(USBCore.o)
                0x000045d0                DoubleBufferedEPOutHandler::release()
 .text._ZN26DoubleBufferedEPOutHandler14handleEndpointEv
                0x00004608       0xe4 C:/Users/siyan/DOCUME~1/MATLAB/R2023a/ARDUIN~1/ARDUIN~1/FASTER~1\libcore.a(USBCore.o)
                0x00004608                DoubleBufferedEPOutHandler::handleEndpoint()
 .text._ZN26DoubleBufferedEPOutHandler5_recvEv
                0x000046ec      0x18e C:/Users/siyan/DOCUME~1/MATLAB/R2023a/ARDUIN~1/ARDUIN~1/FASTER~1\libcore.a(USBCore.o)
                0x000046ec                DoubleBufferedEPOutHandler::_recv()
 .text._ZN26DoubleBufferedEPOutHandler9availableEv
                0x0000487a       0x18 C:/Users/siyan/DOCUME~1/MATLAB/R2023a/ARDUIN~1/ARDUIN~1/FASTER~1\libcore.a(USBCore.o)
                0x0000487a                DoubleBufferedEPOutHandler::available()
 .text._ZN26DoubleBufferedEPOutHandler4peekEv
                0x00004892       0x22 C:/Users/siyan/DOCUME~1/MATLAB/R2023a/ARDUIN~1/ARDUIN~1/FASTER~1\libcore.a(USBCore.o)
                0x00004892                DoubleBufferedEPOutHandler::peek()
 .text._ZN26DoubleBufferedEPOutHandler4recvEPvm
                0x000048b4       0x66 C:/Users/siyan/DOCUME~1/MATLAB/R2023a/ARDUIN~1/ARDUIN~1/FASTER~1\libcore.a(USBCore.o)
                0x000048b4                DoubleBufferedEPOutHandler::recv(void*, unsigned long)
 .text._ZN14USBDeviceClass14SendInterfacesEPm
                0x0000491a       0x20 C:/Users/siyan/DOCUME~1/MATLAB/R2023a/ARDUIN~1/ARDUIN~1/FASTER~1\libcore.a(USBCore.o)
                0x0000491a                USBDeviceClass::SendInterfaces(unsigned long*)
 *fill*         0x0000493a        0x2 
 .text._ZN14USBDeviceClass4initEv
                0x0000493c      0x144 C:/Users/siyan/DOCUME~1/MATLAB/R2023a/ARDUIN~1/ARDUIN~1/FASTER~1\libcore.a(USBCore.o)
                0x0000493c                USBDeviceClass::init()
 .text._ZN14USBDeviceClass6attachEv
                0x00004a80       0x34 C:/Users/siyan/DOCUME~1/MATLAB/R2023a/ARDUIN~1/ARDUIN~1/FASTER~1\libcore.a(USBCore.o)
                0x00004a80                USBDeviceClass::attach()
 .text._ZN14USBDeviceClass10setAddressEm
                0x00004ab4       0x48 C:/Users/siyan/DOCUME~1/MATLAB/R2023a/ARDUIN~1/ARDUIN~1/FASTER~1\libcore.a(USBCore.o)
                0x00004ab4                USBDeviceClass::setAddress(unsigned long)
 .text._ZN14USBDeviceClass25handleClassInterfaceSetupER8USBSetup
                0x00004afc       0x24 C:/Users/siyan/DOCUME~1/MATLAB/R2023a/ARDUIN~1/ARDUIN~1/FASTER~1\libcore.a(USBCore.o)
                0x00004afc                USBDeviceClass::handleClassInterfaceSetup(USBSetup&)
 .text._ZN14USBDeviceClass6initEPEmm
                0x00004b20      0x124 C:/Users/siyan/DOCUME~1/MATLAB/R2023a/ARDUIN~1/ARDUIN~1/FASTER~1\libcore.a(USBCore.o)
                0x00004b20                USBDeviceClass::initEP(unsigned long, unsigned long)
 .text._ZN14USBDeviceClass13initEndpointsEv
                0x00004c44       0x24 C:/Users/siyan/DOCUME~1/MATLAB/R2023a/ARDUIN~1/ARDUIN~1/FASTER~1\libcore.a(USBCore.o)
                0x00004c44                USBDeviceClass::initEndpoints()
 .text._ZN14USBDeviceClass5clearEm
                0x00004c68       0x38 C:/Users/siyan/DOCUME~1/MATLAB/R2023a/ARDUIN~1/ARDUIN~1/FASTER~1\libcore.a(USBCore.o)
                0x00004c68                USBDeviceClass::clear(unsigned long)
 .text._ZN14USBDeviceClass9availableEm
                0x00004ca0       0x2c C:/Users/siyan/DOCUME~1/MATLAB/R2023a/ARDUIN~1/ARDUIN~1/FASTER~1\libcore.a(USBCore.o)
                0x00004ca0                USBDeviceClass::available(unsigned long)
 .text._ZN14USBDeviceClass5flushEm
                0x00004ccc       0x2c C:/Users/siyan/DOCUME~1/MATLAB/R2023a/ARDUIN~1/ARDUIN~1/FASTER~1\libcore.a(USBCore.o)
                0x00004ccc                USBDeviceClass::flush(unsigned long)
 .text._ZN14USBDeviceClass4recvEmPvm
                0x00004cf8       0xc4 C:/Users/siyan/DOCUME~1/MATLAB/R2023a/ARDUIN~1/ARDUIN~1/FASTER~1\libcore.a(USBCore.o)
                0x00004cf8                USBDeviceClass::recv(unsigned long, void*, unsigned long)
 .text._ZN14USBDeviceClass4recvEm
                0x00004dbc       0x1c C:/Users/siyan/DOCUME~1/MATLAB/R2023a/ARDUIN~1/ARDUIN~1/FASTER~1\libcore.a(USBCore.o)
                0x00004dbc                USBDeviceClass::recv(unsigned long)
 .text._ZN14USBDeviceClass14armRecvCtrlOUTEm
                0x00004dd8       0x60 C:/Users/siyan/DOCUME~1/MATLAB/R2023a/ARDUIN~1/ARDUIN~1/FASTER~1\libcore.a(USBCore.o)
                0x00004dd8                USBDeviceClass::armRecvCtrlOUT(unsigned long)
 .text._ZN14USBDeviceClass11recvControlEPvm
                0x00004e38       0x28 C:/Users/siyan/DOCUME~1/MATLAB/R2023a/ARDUIN~1/ARDUIN~1/FASTER~1\libcore.a(USBCore.o)
                0x00004e38                USBDeviceClass::recvControl(void*, unsigned long)
 .text._ZN14USBDeviceClass4sendEmPKvm
                0x00004e60      0x11c C:/Users/siyan/DOCUME~1/MATLAB/R2023a/ARDUIN~1/ARDUIN~1/FASTER~1\libcore.a(USBCore.o)
                0x00004e60                USBDeviceClass::send(unsigned long, void const*, unsigned long)
 .text._ZN14USBDeviceClass7armSendEmPKvm
                0x00004f7c       0x48 C:/Users/siyan/DOCUME~1/MATLAB/R2023a/ARDUIN~1/ARDUIN~1/FASTER~1\libcore.a(USBCore.o)
                0x00004f7c                USBDeviceClass::armSend(unsigned long, void const*, unsigned long)
 .text._ZN14USBDeviceClass11sendControlEPKvm
                0x00004fc4       0x58 C:/Users/siyan/DOCUME~1/MATLAB/R2023a/ARDUIN~1/ARDUIN~1/FASTER~1\libcore.a(USBCore.o)
                0x00004fc4                USBDeviceClass::sendControl(void const*, unsigned long)
 .text._ZN14USBDeviceClass20sendStringDescriptorEPKhm
                0x0000501c       0x68 C:/Users/siyan/DOCUME~1/MATLAB/R2023a/ARDUIN~1/ARDUIN~1/FASTER~1\libcore.a(USBCore.o)
                0x0000501c                USBDeviceClass::sendStringDescriptor(unsigned char const*, unsigned long)
 .text._ZN14USBDeviceClass12packMessagesEb.part.6
                0x00005084       0x20 C:/Users/siyan/DOCUME~1/MATLAB/R2023a/ARDUIN~1/ARDUIN~1/FASTER~1\libcore.a(USBCore.o)
 .text._ZN14USBDeviceClass17sendConfigurationEm
                0x000050a4       0x90 C:/Users/siyan/DOCUME~1/MATLAB/R2023a/ARDUIN~1/ARDUIN~1/FASTER~1\libcore.a(USBCore.o)
                0x000050a4                USBDeviceClass::sendConfiguration(unsigned long)
 .text._ZN14USBDeviceClass14sendDescriptorER8USBSetup
                0x00005134       0xec C:/Users/siyan/DOCUME~1/MATLAB/R2023a/ARDUIN~1/ARDUIN~1/FASTER~1\libcore.a(USBCore.o)
                0x00005134                USBDeviceClass::sendDescriptor(USBSetup&)
 .text._ZN14USBDeviceClass7sendZlpEm
                0x00005220       0x18 C:/Users/siyan/DOCUME~1/MATLAB/R2023a/ARDUIN~1/ARDUIN~1/FASTER~1\libcore.a(USBCore.o)
                0x00005220                USBDeviceClass::sendZlp(unsigned long)
 .text._ZN14USBDeviceClass19handleStandardSetupER8USBSetup
                0x00005238       0xfc C:/Users/siyan/DOCUME~1/MATLAB/R2023a/ARDUIN~1/ARDUIN~1/FASTER~1\libcore.a(USBCore.o)
                0x00005238                USBDeviceClass::handleStandardSetup(USBSetup&)
 .text._ZN14USBDeviceClass10ISRHandlerEv
                0x00005334      0x10c C:/Users/siyan/DOCUME~1/MATLAB/R2023a/ARDUIN~1/ARDUIN~1/FASTER~1\libcore.a(USBCore.o)
                0x00005334                USBDeviceClass::ISRHandler()
 .text.UDD_Handler
                0x00005440       0x10 C:/Users/siyan/DOCUME~1/MATLAB/R2023a/ARDUIN~1/ARDUIN~1/FASTER~1\libcore.a(USBCore.o)
                0x00005440                UDD_Handler
 .text.startup._GLOBAL__sub_I_usbd
                0x00005450       0x10 C:/Users/siyan/DOCUME~1/MATLAB/R2023a/ARDUIN~1/ARDUIN~1/FASTER~1\libcore.a(USBCore.o)
 .text.SERCOM5_Handler
                0x00005460       0x10 C:/Users/siyan/DOCUME~1/MATLAB/R2023a/ARDUIN~1/ARDUIN~1/FASTER~1\libcore.a(variant.o)
                0x00005460                SERCOM5_Handler
 .text.SERCOM3_Handler
                0x00005470       0x10 C:/Users/siyan/DOCUME~1/MATLAB/R2023a/ARDUIN~1/ARDUIN~1/FASTER~1\libcore.a(variant.o)
                0x00005470                SERCOM3_Handler
 .text.SERCOM2_Handler
                0x00005480       0x10 C:/Users/siyan/DOCUME~1/MATLAB/R2023a/ARDUIN~1/ARDUIN~1/FASTER~1\libcore.a(variant.o)
                0x00005480                SERCOM2_Handler
 .text.startup._GLOBAL__sub_I_g_APinDescription
                0x00005490       0xbc C:/Users/siyan/DOCUME~1/MATLAB/R2023a/ARDUIN~1/ARDUIN~1/FASTER~1\libcore.a(variant.o)
 .text._Znwj    0x0000554c        0x8 C:/Users/siyan/DOCUME~1/MATLAB/R2023a/ARDUIN~1/ARDUIN~1/FASTER~1\libcore.a(new.o)
                0x0000554c                operator new(unsigned int)
 .text._ZdlPv   0x00005554        0x8 C:/Users/siyan/DOCUME~1/MATLAB/R2023a/ARDUIN~1/ARDUIN~1/FASTER~1\libcore.a(new.o)
                0x00005554                operator delete(void*)
 .text._ZN5Print5writeEPKhj
                0x0000555c       0x28 C:/Users/siyan/DOCUME~1/MATLAB/R2023a/ARDUIN~1/ARDUIN~1/FASTER~1\libcore.a(Print.o)
                0x0000555c                Print::write(unsigned char const*, unsigned int)
 .text._ZN6SERCOMC2EP6Sercom
                0x00005584        0x4 C:/Users/siyan/DOCUME~1/MATLAB/R2023a/ARDUIN~1/ARDUIN~1/FASTER~1\libcore.a(SERCOM.o)
                0x00005584                SERCOM::SERCOM(Sercom*)
                0x00005584                SERCOM::SERCOM(Sercom*)
 .text._ZN6SERCOM9initFrameE18SercomUartCharSize15SercomDataOrder16SercomParityMode19SercomNumberStopBit
                0x00005588       0x38 C:/Users/siyan/DOCUME~1/MATLAB/R2023a/ARDUIN~1/ARDUIN~1/FASTER~1\libcore.a(SERCOM.o)
                0x00005588                SERCOM::initFrame(SercomUartCharSize, SercomDataOrder, SercomParityMode, SercomNumberStopBit)
 .text._ZN6SERCOM8initPadsE15SercomUartTXPad11SercomRXPad
                0x000055c0       0x26 C:/Users/siyan/DOCUME~1/MATLAB/R2023a/ARDUIN~1/ARDUIN~1/FASTER~1\libcore.a(SERCOM.o)
                0x000055c0                SERCOM::initPads(SercomUartTXPad, SercomRXPad)
 .text._ZN6SERCOM9resetUARTEv
                0x000055e6       0x1c C:/Users/siyan/DOCUME~1/MATLAB/R2023a/ARDUIN~1/ARDUIN~1/FASTER~1\libcore.a(SERCOM.o)
                0x000055e6                SERCOM::resetUART()
 .text._ZN6SERCOM10enableUARTEv
                0x00005602       0x14 C:/Users/siyan/DOCUME~1/MATLAB/R2023a/ARDUIN~1/ARDUIN~1/FASTER~1\libcore.a(SERCOM.o)
                0x00005602                SERCOM::enableUART()
 .text._ZN6SERCOM9flushUARTEv
                0x00005616       0x10 C:/Users/siyan/DOCUME~1/MATLAB/R2023a/ARDUIN~1/ARDUIN~1/FASTER~1\libcore.a(SERCOM.o)
                0x00005616                SERCOM::flushUART()
 .text._ZN6SERCOM15clearStatusUARTEv
                0x00005626        0x8 C:/Users/siyan/DOCUME~1/MATLAB/R2023a/ARDUIN~1/ARDUIN~1/FASTER~1\libcore.a(SERCOM.o)
                0x00005626                SERCOM::clearStatusUART()
 .text._ZN6SERCOM17availableDataUARTEv
                0x0000562e        0xa C:/Users/siyan/DOCUME~1/MATLAB/R2023a/ARDUIN~1/ARDUIN~1/FASTER~1\libcore.a(SERCOM.o)
                0x0000562e                SERCOM::availableDataUART()
 .text._ZN6SERCOM11isUARTErrorEv
                0x00005638        0x8 C:/Users/siyan/DOCUME~1/MATLAB/R2023a/ARDUIN~1/ARDUIN~1/FASTER~1\libcore.a(SERCOM.o)
                0x00005638                SERCOM::isUARTError()
 .text._ZN6SERCOM20acknowledgeUARTErrorEv
                0x00005640        0xe C:/Users/siyan/DOCUME~1/MATLAB/R2023a/ARDUIN~1/ARDUIN~1/FASTER~1\libcore.a(SERCOM.o)
                0x00005640                SERCOM::acknowledgeUARTError()
 .text._ZN6SERCOM16isFrameErrorUARTEv
                0x0000564e        0xa C:/Users/siyan/DOCUME~1/MATLAB/R2023a/ARDUIN~1/ARDUIN~1/FASTER~1\libcore.a(SERCOM.o)
                0x0000564e                SERCOM::isFrameErrorUART()
 .text._ZN6SERCOM19clearFrameErrorUARTEv
                0x00005658        0xc C:/Users/siyan/DOCUME~1/MATLAB/R2023a/ARDUIN~1/ARDUIN~1/FASTER~1\libcore.a(SERCOM.o)
                0x00005658                SERCOM::clearFrameErrorUART()
 .text._ZN6SERCOM23isDataRegisterEmptyUARTEv
                0x00005664        0xa C:/Users/siyan/DOCUME~1/MATLAB/R2023a/ARDUIN~1/ARDUIN~1/FASTER~1\libcore.a(SERCOM.o)
                0x00005664                SERCOM::isDataRegisterEmptyUART()
 .text._ZN6SERCOM12readDataUARTEv
                0x0000566e        0x8 C:/Users/siyan/DOCUME~1/MATLAB/R2023a/ARDUIN~1/ARDUIN~1/FASTER~1\libcore.a(SERCOM.o)
                0x0000566e                SERCOM::readDataUART()
 .text._ZN6SERCOM13writeDataUARTEh
                0x00005676        0xe C:/Users/siyan/DOCUME~1/MATLAB/R2023a/ARDUIN~1/ARDUIN~1/FASTER~1\libcore.a(SERCOM.o)
                0x00005676                SERCOM::writeDataUART(unsigned char)
 .text._ZN6SERCOM36enableDataRegisterEmptyInterruptUARTEv
                0x00005684        0x8 C:/Users/siyan/DOCUME~1/MATLAB/R2023a/ARDUIN~1/ARDUIN~1/FASTER~1\libcore.a(SERCOM.o)
                0x00005684                SERCOM::enableDataRegisterEmptyInterruptUART()
 .text._ZN6SERCOM37disableDataRegisterEmptyInterruptUARTEv
                0x0000568c        0x8 C:/Users/siyan/DOCUME~1/MATLAB/R2023a/ARDUIN~1/ARDUIN~1/FASTER~1\libcore.a(SERCOM.o)
                0x0000568c                SERCOM::disableDataRegisterEmptyInterruptUART()
 .text._ZN6SERCOM13initClockNVICEv
                0x00005694       0xac C:/Users/siyan/DOCUME~1/MATLAB/R2023a/ARDUIN~1/ARDUIN~1/FASTER~1\libcore.a(SERCOM.o)
                0x00005694                SERCOM::initClockNVIC()
 .text._ZN6SERCOM8initUARTE14SercomUartMode20SercomUartSampleRatem
                0x00005740       0x6c C:/Users/siyan/DOCUME~1/MATLAB/R2023a/ARDUIN~1/ARDUIN~1/FASTER~1\libcore.a(SERCOM.o)
                0x00005740                SERCOM::initUART(SercomUartMode, SercomUartSampleRate, unsigned long)
 .text          0x000057ac       0x14 c:/programdata/matlab/supportpackages/r2023a/aide/tools/arm-none-eabi-gcc/4.8.3-2014q1/bin/../lib/gcc/arm-none-eabi/4.8.3/armv6-m\libgcc.a(_thumb1_case_uqi.o)
                0x000057ac                __gnu_thumb1_case_uqi
 .text          0x000057c0       0x9c c:/programdata/matlab/supportpackages/r2023a/aide/tools/arm-none-eabi-gcc/4.8.3-2014q1/bin/../lib/gcc/arm-none-eabi/4.8.3/armv6-m\libgcc.a(_udivsi3.o)
                0x000057c0                __aeabi_uidiv
                0x000057c0                __udivsi3
                0x00005848                __aeabi_uidivmod
 .text          0x0000585c        0x4 c:/programdata/matlab/supportpackages/r2023a/aide/tools/arm-none-eabi-gcc/4.8.3-2014q1/bin/../lib/gcc/arm-none-eabi/4.8.3/armv6-m\libgcc.a(_dvmd_tls.o)
                0x0000585c                __aeabi_idiv0
                0x0000585c                __aeabi_ldiv0
 .text          0x00005860       0x7c c:/programdata/matlab/supportpackages/r2023a/aide/tools/arm-none-eabi-gcc/4.8.3-2014q1/bin/../lib/gcc/arm-none-eabi/4.8.3/armv6-m\libgcc.a(_arm_cmpdf2.o)
                0x00005860                __aeabi_cdrcmple
                0x00005870                __aeabi_cdcmple
                0x00005870                __aeabi_cdcmpeq
                0x00005880                __aeabi_dcmpeq
                0x0000588c                __aeabi_dcmplt
                0x000058a0                __aeabi_dcmple
                0x000058b4                __aeabi_dcmpgt
                0x000058c8                __aeabi_dcmpge
 *fill*         0x000058dc        0x4 
 .text          0x000058e0       0x40 c:/programdata/matlab/supportpackages/r2023a/aide/tools/arm-none-eabi-gcc/4.8.3-2014q1/bin/../lib/gcc/arm-none-eabi/4.8.3/armv6-m\libgcc.a(_fixunsdfsi.o)
                0x000058e0                __aeabi_d2uiz
                0x000058e0                __fixunsdfsi
 .text          0x00005920      0x638 c:/programdata/matlab/supportpackages/r2023a/aide/tools/arm-none-eabi-gcc/4.8.3-2014q1/bin/../lib/gcc/arm-none-eabi/4.8.3/armv6-m\libgcc.a(adddf3.o)
                0x00005920                __aeabi_dadd
 .text          0x00005f58      0x648 c:/programdata/matlab/supportpackages/r2023a/aide/tools/arm-none-eabi-gcc/4.8.3-2014q1/bin/../lib/gcc/arm-none-eabi/4.8.3/armv6-m\libgcc.a(divdf3.o)
                0x00005f58                __aeabi_ddiv
 .text          0x000065a0       0x94 c:/programdata/matlab/supportpackages/r2023a/aide/tools/arm-none-eabi-gcc/4.8.3-2014q1/bin/../lib/gcc/arm-none-eabi/4.8.3/armv6-m\libgcc.a(eqdf2.o)
                0x000065a0                __nedf2
                0x000065a0                __eqdf2
 .text          0x00006634       0xfc c:/programdata/matlab/supportpackages/r2023a/aide/tools/arm-none-eabi-gcc/4.8.3-2014q1/bin/../lib/gcc/arm-none-eabi/4.8.3/armv6-m\libgcc.a(gedf2.o)
                0x00006634                __gedf2
                0x00006634                __gtdf2
 .text          0x00006730       0xfc c:/programdata/matlab/supportpackages/r2023a/aide/tools/arm-none-eabi-gcc/4.8.3-2014q1/bin/../lib/gcc/arm-none-eabi/4.8.3/armv6-m\libgcc.a(ledf2.o)
                0x00006730                __ledf2
                0x00006730                __ltdf2
 .text          0x0000682c      0x520 c:/programdata/matlab/supportpackages/r2023a/aide/tools/arm-none-eabi-gcc/4.8.3-2014q1/bin/../lib/gcc/arm-none-eabi/4.8.3/armv6-m\libgcc.a(muldf3.o)
                0x0000682c                __aeabi_dmul
 .text          0x00006d4c      0x654 c:/programdata/matlab/supportpackages/r2023a/aide/tools/arm-none-eabi-gcc/4.8.3-2014q1/bin/../lib/gcc/arm-none-eabi/4.8.3/armv6-m\libgcc.a(subdf3.o)
                0x00006d4c                __aeabi_dsub
 .text          0x000073a0       0x68 c:/programdata/matlab/supportpackages/r2023a/aide/tools/arm-none-eabi-gcc/4.8.3-2014q1/bin/../lib/gcc/arm-none-eabi/4.8.3/armv6-m\libgcc.a(fixdfsi.o)
                0x000073a0                __aeabi_d2iz
 .text          0x00007408       0x68 c:/programdata/matlab/supportpackages/r2023a/aide/tools/arm-none-eabi-gcc/4.8.3-2014q1/bin/../lib/gcc/arm-none-eabi/4.8.3/armv6-m\libgcc.a(floatunsidf.o)
                0x00007408                __aeabi_ui2d
 .text          0x00007470       0x3c c:/programdata/matlab/supportpackages/r2023a/aide/tools/arm-none-eabi-gcc/4.8.3-2014q1/bin/../lib/gcc/arm-none-eabi/4.8.3/armv6-m\libgcc.a(_clzsi2.o)
                0x00007470                __clzsi2
 .text.__libc_init_array
                0x000074ac       0x4c c:/programdata/matlab/supportpackages/r2023a/aide/tools/arm-none-eabi-gcc/4.8.3-2014q1/bin/../lib/gcc/arm-none-eabi/4.8.3/../../../../arm-none-eabi/lib/armv6-m\libg_s.a(lib_a-init.o)
                0x000074ac                __libc_init_array
 .text.malloc   0x000074f8       0x14 c:/programdata/matlab/supportpackages/r2023a/aide/tools/arm-none-eabi-gcc/4.8.3-2014q1/bin/../lib/gcc/arm-none-eabi/4.8.3/../../../../arm-none-eabi/lib/armv6-m\libg_s.a(lib_a-malloc.o)
                0x000074f8                malloc
 .text.free     0x0000750c       0x14 c:/programdata/matlab/supportpackages/r2023a/aide/tools/arm-none-eabi-gcc/4.8.3-2014q1/bin/../lib/gcc/arm-none-eabi/4.8.3/../../../../arm-none-eabi/lib/armv6-m\libg_s.a(lib_a-malloc.o)
                0x0000750c                free
 .text.memcpy   0x00007520       0x12 c:/programdata/matlab/supportpackages/r2023a/aide/tools/arm-none-eabi-gcc/4.8.3-2014q1/bin/../lib/gcc/arm-none-eabi/4.8.3/../../../../arm-none-eabi/lib/armv6-m\libg_s.a(lib_a-memcpy-stub.o)
                0x00007520                memcpy
 .text.memset   0x00007532       0x10 c:/programdata/matlab/supportpackages/r2023a/aide/tools/arm-none-eabi-gcc/4.8.3-2014q1/bin/../lib/gcc/arm-none-eabi/4.8.3/../../../../arm-none-eabi/lib/armv6-m\libg_s.a(lib_a-memset.o)
                0x00007532                memset
 *fill*         0x00007542        0x2 
 .text._free_r  0x00007544       0x90 c:/programdata/matlab/supportpackages/r2023a/aide/tools/arm-none-eabi-gcc/4.8.3-2014q1/bin/../lib/gcc/arm-none-eabi/4.8.3/../../../../arm-none-eabi/lib/armv6-m\libg_s.a(lib_a-nano-freer.o)
                0x00007544                _free_r
 .text._malloc_r
                0x000075d4       0xa8 c:/programdata/matlab/supportpackages/r2023a/aide/tools/arm-none-eabi-gcc/4.8.3-2014q1/bin/../lib/gcc/arm-none-eabi/4.8.3/../../../../arm-none-eabi/lib/armv6-m\libg_s.a(lib_a-nano-mallocr.o)
                0x000075d4                _malloc_r
 .text._sbrk_r  0x0000767c       0x24 c:/programdata/matlab/supportpackages/r2023a/aide/tools/arm-none-eabi-gcc/4.8.3-2014q1/bin/../lib/gcc/arm-none-eabi/4.8.3/../../../../arm-none-eabi/lib/armv6-m\libg_s.a(lib_a-sbrkr.o)
                0x0000767c                _sbrk_r
 .text.strlen   0x000076a0        0xe c:/programdata/matlab/supportpackages/r2023a/aide/tools/arm-none-eabi-gcc/4.8.3-2014q1/bin/../lib/gcc/arm-none-eabi/4.8.3/../../../../arm-none-eabi/lib/armv6-m\libg_s.a(lib_a-strlen.o)
                0x000076a0                strlen
 *fill*         0x000076ae        0x2 
 .text._sbrk    0x000076b0       0x34 c:/programdata/matlab/supportpackages/r2023a/aide/tools/arm-none-eabi-gcc/4.8.3-2014q1/bin/../lib/gcc/arm-none-eabi/4.8.3/../../../../arm-none-eabi/lib/armv6-m\libnosys.a(sbrk.o)
                0x000076b0                _sbrk
 *(.init)
 .init          0x000076e4        0x4 c:/programdata/matlab/supportpackages/r2023a/aide/tools/arm-none-eabi-gcc/4.8.3-2014q1/bin/../lib/gcc/arm-none-eabi/4.8.3/armv6-m/crti.o
                0x000076e4                _init
 .init          0x000076e8        0x8 c:/programdata/matlab/supportpackages/r2023a/aide/tools/arm-none-eabi-gcc/4.8.3-2014q1/bin/../lib/gcc/arm-none-eabi/4.8.3/armv6-m/crtn.o
 *(.fini)
 .fini          0x000076f0        0x4 c:/programdata/matlab/supportpackages/r2023a/aide/tools/arm-none-eabi-gcc/4.8.3-2014q1/bin/../lib/gcc/arm-none-eabi/4.8.3/armv6-m/crti.o
                0x000076f0                _fini
 .fini          0x000076f4        0x8 c:/programdata/matlab/supportpackages/r2023a/aide/tools/arm-none-eabi-gcc/4.8.3-2014q1/bin/../lib/gcc/arm-none-eabi/4.8.3/armv6-m/crtn.o
 *crtbegin.o(.ctors)
 *crtbegin?.o(.ctors)
 *(EXCLUDE_FILE(*crtend.o *crtend?.o) .ctors)
 *(SORT(.ctors.*))
 *(.ctors)
 *crtbegin.o(.dtors)
 *crtbegin?.o(.dtors)
 *(EXCLUDE_FILE(*crtend.o *crtend?.o) .dtors)
 *(SORT(.dtors.*))
 *(.dtors)
 *(.rodata*)
 .rodata        0x000076fc       0x10 MW_PWMDriver.o
 .rodata.meter1_M
                0x0000770c        0x4 meter1.o
                0x0000770c                meter1_M
 .rodata        0x00007710       0x10 C:/Users/siyan/DOCUME~1/MATLAB/R2023a/ARDUIN~1/ARDUIN~1/FASTER~1\libcore.a(wiring_analog.o)
 .rodata._ZTV4Uart
                0x00007720       0x38 C:/Users/siyan/DOCUME~1/MATLAB/R2023a/ARDUIN~1/ARDUIN~1/FASTER~1\libcore.a(Uart.o)
                0x00007720                vtable for Uart
 .rodata._ZTV7Serial_
                0x00007758       0x58 C:/Users/siyan/DOCUME~1/MATLAB/R2023a/ARDUIN~1/ARDUIN~1/FASTER~1\libcore.a(CDC.o)
                0x00007758                vtable for Serial_
 .rodata._ZTV26DoubleBufferedEPOutHandler
                0x000077b0       0x28 C:/Users/siyan/DOCUME~1/MATLAB/R2023a/ARDUIN~1/ARDUIN~1/FASTER~1\libcore.a(USBCore.o)
                0x000077b0                vtable for DoubleBufferedEPOutHandler
 .rodata._ZL15STRING_LANGUAGE
                0x000077d8        0x4 C:/Users/siyan/DOCUME~1/MATLAB/R2023a/ARDUIN~1/ARDUIN~1/FASTER~1\libcore.a(USBCore.o)
 .rodata._ZL21USB_DeviceDescriptorB
                0x000077dc       0x12 C:/Users/siyan/DOCUME~1/MATLAB/R2023a/ARDUIN~1/ARDUIN~1/FASTER~1\libcore.a(USBCore.o)
 .rodata._ZL19STRING_MANUFACTURER
                0x000077ee        0xc C:/Users/siyan/DOCUME~1/MATLAB/R2023a/ARDUIN~1/ARDUIN~1/FASTER~1\libcore.a(USBCore.o)
 .rodata._ZL14STRING_PRODUCT
                0x000077fa       0x14 C:/Users/siyan/DOCUME~1/MATLAB/R2023a/ARDUIN~1/ARDUIN~1/FASTER~1\libcore.a(USBCore.o)
 *fill*         0x0000780e        0x2 
 .rodata.g_APinDescription
                0x00007810      0x318 C:/Users/siyan/DOCUME~1/MATLAB/R2023a/ARDUIN~1/ARDUIN~1/FASTER~1\libcore.a(variant.o)
                0x00007810                g_APinDescription
 .rodata        0x00007b28       0x40 c:/programdata/matlab/supportpackages/r2023a/aide/tools/arm-none-eabi-gcc/4.8.3-2014q1/bin/../lib/gcc/arm-none-eabi/4.8.3/armv6-m\libgcc.a(divdf3.o)
 .rodata        0x00007b68       0x40 c:/programdata/matlab/supportpackages/r2023a/aide/tools/arm-none-eabi-gcc/4.8.3-2014q1/bin/../lib/gcc/arm-none-eabi/4.8.3/armv6-m\libgcc.a(muldf3.o)
 .rodata.str1.1
                0x00007ba8        0x2 c:/programdata/matlab/supportpackages/r2023a/aide/tools/arm-none-eabi-gcc/4.8.3-2014q1/bin/../lib/gcc/arm-none-eabi/4.8.3/../../../../arm-none-eabi/lib/armv6-m\libg_s.a(lib_a-impure.o)
 *(.eh_frame*)
 *fill*         0x00007baa        0x2 
 .eh_frame      0x00007bac        0x0 c:/programdata/matlab/supportpackages/r2023a/aide/tools/arm-none-eabi-gcc/4.8.3-2014q1/bin/../lib/gcc/arm-none-eabi/4.8.3/armv6-m/crtbegin.o
 .eh_frame      0x00007bac        0x4 c:/programdata/matlab/supportpackages/r2023a/aide/tools/arm-none-eabi-gcc/4.8.3-2014q1/bin/../lib/gcc/arm-none-eabi/4.8.3/armv6-m/crtend.o

.glue_7         0x00007bb0        0x0
 .glue_7        0x00000000        0x0 linker stubs

.glue_7t        0x00007bb0        0x0
 .glue_7t       0x00000000        0x0 linker stubs

.vfp11_veneer   0x00007bb0        0x0
 .vfp11_veneer  0x00000000        0x0 linker stubs

.v4_bx          0x00007bb0        0x0
 .v4_bx         0x00000000        0x0 linker stubs

.iplt           0x00007bb0        0x0
 .iplt          0x00000000        0x0 c:/programdata/matlab/supportpackages/r2023a/aide/tools/arm-none-eabi-gcc/4.8.3-2014q1/bin/../lib/gcc/arm-none-eabi/4.8.3/armv6-m/crtbegin.o

.rel.dyn        0x00007bb0        0x0
 .rel.iplt      0x00000000        0x0 c:/programdata/matlab/supportpackages/r2023a/aide/tools/arm-none-eabi-gcc/4.8.3-2014q1/bin/../lib/gcc/arm-none-eabi/4.8.3/armv6-m/crtbegin.o

.ARM.extab
 *(.ARM.extab* .gnu.linkonce.armextab.*)
                0x00007bb0                __exidx_start = .

.ARM.exidx
 *(.ARM.exidx* .gnu.linkonce.armexidx.*)
                0x00007bb0                __exidx_end = .
                0x00007bb0                __etext = .

.data           0x20000000      0xc70 load address 0x00007bb0
                0x20000000                __data_start__ = .
 *(vtable)
 *(.data*)
 .data.meter1_P
                0x20000000      0xbc0 meter1_data.o
                0x20000000                meter1_P
 .data.SystemCoreClock
                0x20000bc0        0x4 C:/Users/siyan/DOCUME~1/MATLAB/R2023a/ARDUIN~1/ARDUIN~1/FASTER~1\libcore.a(wiring.o)
                0x20000bc0                SystemCoreClock
 .data._writeResolution
                0x20000bc4        0x4 C:/Users/siyan/DOCUME~1/MATLAB/R2023a/ARDUIN~1/ARDUIN~1/FASTER~1\libcore.a(wiring_analog.o)
 .data._ZL5ticks
                0x20000bc8        0x4 C:/Users/siyan/DOCUME~1/MATLAB/R2023a/ARDUIN~1/ARDUIN~1/FASTER~1\libcore.a(Reset.o)
 .data._serialPeek
                0x20000bcc        0x4 C:/Users/siyan/DOCUME~1/MATLAB/R2023a/ARDUIN~1/ARDUIN~1/FASTER~1\libcore.a(CDC.o)
                0x20000bcc                _serialPeek
 .data._ZL10breakValue
                0x20000bd0        0x4 C:/Users/siyan/DOCUME~1/MATLAB/R2023a/ARDUIN~1/ARDUIN~1/FASTER~1\libcore.a(CDC.o)
 .data._ZL12_usbLineInfo
                0x20000bd4        0x8 C:/Users/siyan/DOCUME~1/MATLAB/R2023a/ARDUIN~1/ARDUIN~1/FASTER~1\libcore.a(CDC.o)
 .data.g_apTCInstances
                0x20000bdc       0x18 C:/Users/siyan/DOCUME~1/MATLAB/R2023a/ARDUIN~1/ARDUIN~1/FASTER~1\libcore.a(variant.o)
                0x20000bdc                g_apTCInstances
 .data.impure_data
                0x20000bf4       0x60 c:/programdata/matlab/supportpackages/r2023a/aide/tools/arm-none-eabi-gcc/4.8.3-2014q1/bin/../lib/gcc/arm-none-eabi/4.8.3/../../../../arm-none-eabi/lib/armv6-m\libg_s.a(lib_a-impure.o)
 .data._impure_ptr
                0x20000c54        0x4 c:/programdata/matlab/supportpackages/r2023a/aide/tools/arm-none-eabi-gcc/4.8.3-2014q1/bin/../lib/gcc/arm-none-eabi/4.8.3/../../../../arm-none-eabi/lib/armv6-m\libg_s.a(lib_a-impure.o)
                0x20000c54                _impure_ptr
                0x20000c58                . = ALIGN (0x4)
                0x20000c58                PROVIDE (__preinit_array_start, .)
 *(.preinit_array)
                0x20000c58                PROVIDE (__preinit_array_end, .)
                0x20000c58                . = ALIGN (0x4)
                0x20000c58                PROVIDE (__init_array_start, .)
 *(SORT(.init_array.*))
 *(.init_array)
 .init_array    0x20000c58        0x4 c:/programdata/matlab/supportpackages/r2023a/aide/tools/arm-none-eabi-gcc/4.8.3-2014q1/bin/../lib/gcc/arm-none-eabi/4.8.3/armv6-m/crtbegin.o
 .init_array    0x20000c5c        0x4 C:/Users/siyan/DOCUME~1/MATLAB/R2023a/ARDUIN~1/ARDUIN~1/FASTER~1\libcore.a(CDC.o)
 .init_array    0x20000c60        0x4 C:/Users/siyan/DOCUME~1/MATLAB/R2023a/ARDUIN~1/ARDUIN~1/FASTER~1\libcore.a(USBCore.o)
 .init_array    0x20000c64        0x4 C:/Users/siyan/DOCUME~1/MATLAB/R2023a/ARDUIN~1/ARDUIN~1/FASTER~1\libcore.a(variant.o)
                0x20000c68                PROVIDE (__init_array_end, .)
                0x20000c68                . = ALIGN (0x4)
                0x20000c68                PROVIDE (__fini_array_start, .)
 *(SORT(.fini_array.*))
 *(.fini_array)
 .fini_array    0x20000c68        0x4 c:/programdata/matlab/supportpackages/r2023a/aide/tools/arm-none-eabi-gcc/4.8.3-2014q1/bin/../lib/gcc/arm-none-eabi/4.8.3/armv6-m/crtbegin.o
                0x20000c6c                PROVIDE (__fini_array_end, .)
 *(.jcr*)
 .jcr           0x20000c6c        0x0 c:/programdata/matlab/supportpackages/r2023a/aide/tools/arm-none-eabi-gcc/4.8.3-2014q1/bin/../lib/gcc/arm-none-eabi/4.8.3/armv6-m/crtbegin.o
 .jcr           0x20000c6c        0x4 c:/programdata/matlab/supportpackages/r2023a/aide/tools/arm-none-eabi-gcc/4.8.3-2014q1/bin/../lib/gcc/arm-none-eabi/4.8.3/armv6-m/crtend.o
                0x20000c70                . = ALIGN (0x4)
                0x20000c70                __data_end__ = .

.igot.plt       0x20000c70        0x0 load address 0x00008820
 .igot.plt      0x00000000        0x0 c:/programdata/matlab/supportpackages/r2023a/aide/tools/arm-none-eabi-gcc/4.8.3-2014q1/bin/../lib/gcc/arm-none-eabi/4.8.3/armv6-m/crtbegin.o

.bss            0x20000c70      0xe10 load address 0x00008820
                0x20000c70                . = ALIGN (0x4)
                0x20000c70                __bss_start__ = .
 *(.bss*)
 .bss           0x20000c70       0x1c c:/programdata/matlab/supportpackages/r2023a/aide/tools/arm-none-eabi-gcc/4.8.3-2014q1/bin/../lib/gcc/arm-none-eabi/4.8.3/armv6-m/crtbegin.o
 .bss.tcEnabled.12408
                0x20000c8c        0x6 MW_PWMDriver.o
 .bss.PWMPinHandleMap
                0x20000c92        0x9 ArduinoPinHandleMap.o
                0x20000c92                PWMPinHandleMap
 *fill*         0x20000c9b        0x1 
 .bss.meter1_M_
                0x20000c9c        0x8 meter1.o
 .bss._ZZ12Serial_beginE10serialInit
                0x20000ca4        0x4 io_wrappers.o
 .bss.actualtime
                0x20000ca8        0x4 arduinoARM_M0plusScheduler.o
                0x20000ca8                actualtime
 .bss.oldtime   0x20000cac        0x4 arduinoARM_M0plusScheduler.o
                0x20000cac                oldtime
 .bss.OverrunFlag
                0x20000cb0        0x1 ert_main.o
 *fill*         0x20000cb1        0x3 
 .bss.IsrOverrun
                0x20000cb4        0x4 ert_main.o
                0x20000cb4                IsrOverrun
 .bss.usb_isr   0x20000cb8        0x4 C:/Users/siyan/DOCUME~1/MATLAB/R2023a/ARDUIN~1/ARDUIN~1/FASTER~1\libcore.a(cortex_handlers.o)
 .bss._ulTickCount
                0x20000cbc        0x4 C:/Users/siyan/DOCUME~1/MATLAB/R2023a/ARDUIN~1/ARDUIN~1/FASTER~1\libcore.a(delay.o)
 .bss.tcEnabled.12353
                0x20000cc0        0x6 C:/Users/siyan/DOCUME~1/MATLAB/R2023a/ARDUIN~1/ARDUIN~1/FASTER~1\libcore.a(wiring_analog.o)
 *fill*         0x20000cc6        0x2 
 .bss.SerialUSB
                0x20000cc8       0x34 C:/Users/siyan/DOCUME~1/MATLAB/R2023a/ARDUIN~1/ARDUIN~1/FASTER~1\libcore.a(CDC.o)
                0x20000cc8                SerialUSB
 .bss._ZZ12PluggableUSBvE3obj
                0x20000cfc        0x8 C:/Users/siyan/DOCUME~1/MATLAB/R2023a/ARDUIN~1/ARDUIN~1/FASTER~1\libcore.a(PluggableUSB.o)
 .bss._ZGVZ12PluggableUSBvE3obj
                0x20000d04        0x4 C:/Users/siyan/DOCUME~1/MATLAB/R2023a/ARDUIN~1/ARDUIN~1/FASTER~1\libcore.a(PluggableUSB.o)
 .bss._ZL14isEndpointHalt
                0x20000d08        0x1 C:/Users/siyan/DOCUME~1/MATLAB/R2023a/ARDUIN~1/ARDUIN~1/FASTER~1\libcore.a(USBCore.o)
 *fill*         0x20000d09        0x3 
 .bss.EndPoints
                0x20000d0c       0x28 C:/Users/siyan/DOCUME~1/MATLAB/R2023a/ARDUIN~1/ARDUIN~1/FASTER~1\libcore.a(USBCore.o)
                0x20000d0c                EndPoints
 .bss._pack_buffer
                0x20000d34      0x100 C:/Users/siyan/DOCUME~1/MATLAB/R2023a/ARDUIN~1/ARDUIN~1/FASTER~1\libcore.a(USBCore.o)
                0x20000d34                _pack_buffer
 .bss._pack_size
                0x20000e34        0x2 C:/Users/siyan/DOCUME~1/MATLAB/R2023a/ARDUIN~1/ARDUIN~1/FASTER~1\libcore.a(USBCore.o)
                0x20000e34                _pack_size
 .bss._ZL20LastTransmitTimedOut
                0x20000e36        0x7 C:/Users/siyan/DOCUME~1/MATLAB/R2023a/ARDUIN~1/ARDUIN~1/FASTER~1\libcore.a(USBCore.o)
 *fill*         0x20000e3d        0x3 
 .bss._ZL22udd_ep_in_cache_buffer
                0x20000e40      0x1c0 C:/Users/siyan/DOCUME~1/MATLAB/R2023a/ARDUIN~1/ARDUIN~1/FASTER~1\libcore.a(USBCore.o)
 .bss._ZL23udd_ep_out_cache_buffer
                0x20001000      0x1c0 C:/Users/siyan/DOCUME~1/MATLAB/R2023a/ARDUIN~1/ARDUIN~1/FASTER~1\libcore.a(USBCore.o)
 .bss._ZL10epHandlers
                0x200011c0       0x1c C:/Users/siyan/DOCUME~1/MATLAB/R2023a/ARDUIN~1/ARDUIN~1/FASTER~1\libcore.a(USBCore.o)
 .bss._pack_message
                0x200011dc        0x1 C:/Users/siyan/DOCUME~1/MATLAB/R2023a/ARDUIN~1/ARDUIN~1/FASTER~1\libcore.a(USBCore.o)
                0x200011dc                _pack_message
 .bss._ZL21isRemoteWakeUpEnabled
                0x200011dd        0x1 C:/Users/siyan/DOCUME~1/MATLAB/R2023a/ARDUIN~1/ARDUIN~1/FASTER~1\libcore.a(USBCore.o)
 .bss._dry_run  0x200011de        0x1 C:/Users/siyan/DOCUME~1/MATLAB/R2023a/ARDUIN~1/ARDUIN~1/FASTER~1\libcore.a(USBCore.o)
                0x200011de                _dry_run
 .bss.USBDevice
                0x200011df        0x1 C:/Users/siyan/DOCUME~1/MATLAB/R2023a/ARDUIN~1/ARDUIN~1/FASTER~1\libcore.a(USBCore.o)
                0x200011df                USBDevice
 .bss._usbSetInterface
                0x200011e0        0x4 C:/Users/siyan/DOCUME~1/MATLAB/R2023a/ARDUIN~1/ARDUIN~1/FASTER~1\libcore.a(USBCore.o)
                0x200011e0                _usbSetInterface
 .bss.usbd      0x200011e4      0x104 C:/Users/siyan/DOCUME~1/MATLAB/R2023a/ARDUIN~1/ARDUIN~1/FASTER~1\libcore.a(USBCore.o)
                0x200011e4                usbd
 .bss._usbConfiguration
                0x200012e8        0x4 C:/Users/siyan/DOCUME~1/MATLAB/R2023a/ARDUIN~1/ARDUIN~1/FASTER~1\libcore.a(USBCore.o)
                0x200012e8                _usbConfiguration
 .bss.SerialHCI
                0x200012ec      0x23c C:/Users/siyan/DOCUME~1/MATLAB/R2023a/ARDUIN~1/ARDUIN~1/FASTER~1\libcore.a(variant.o)
                0x200012ec                SerialHCI
 .bss.Serial1   0x20001528      0x23c C:/Users/siyan/DOCUME~1/MATLAB/R2023a/ARDUIN~1/ARDUIN~1/FASTER~1\libcore.a(variant.o)
                0x20001528                Serial1
 .bss.Serial2   0x20001764      0x23c C:/Users/siyan/DOCUME~1/MATLAB/R2023a/ARDUIN~1/ARDUIN~1/FASTER~1\libcore.a(variant.o)
                0x20001764                Serial2
 .bss.sercom3   0x200019a0        0x4 C:/Users/siyan/DOCUME~1/MATLAB/R2023a/ARDUIN~1/ARDUIN~1/FASTER~1\libcore.a(variant.o)
                0x200019a0                sercom3
 .bss.sercom0   0x200019a4        0x4 C:/Users/siyan/DOCUME~1/MATLAB/R2023a/ARDUIN~1/ARDUIN~1/FASTER~1\libcore.a(variant.o)
                0x200019a4                sercom0
 .bss.sercom1   0x200019a8        0x4 C:/Users/siyan/DOCUME~1/MATLAB/R2023a/ARDUIN~1/ARDUIN~1/FASTER~1\libcore.a(variant.o)
                0x200019a8                sercom1
 .bss.sercom2   0x200019ac        0x4 C:/Users/siyan/DOCUME~1/MATLAB/R2023a/ARDUIN~1/ARDUIN~1/FASTER~1\libcore.a(variant.o)
                0x200019ac                sercom2
 .bss.sercom4   0x200019b0        0x4 C:/Users/siyan/DOCUME~1/MATLAB/R2023a/ARDUIN~1/ARDUIN~1/FASTER~1\libcore.a(variant.o)
                0x200019b0                sercom4
 .bss.sercom5   0x200019b4        0x4 C:/Users/siyan/DOCUME~1/MATLAB/R2023a/ARDUIN~1/ARDUIN~1/FASTER~1\libcore.a(variant.o)
                0x200019b4                sercom5
 .bss.__malloc_sbrk_start
                0x200019b8        0x4 c:/programdata/matlab/supportpackages/r2023a/aide/tools/arm-none-eabi-gcc/4.8.3-2014q1/bin/../lib/gcc/arm-none-eabi/4.8.3/../../../../arm-none-eabi/lib/armv6-m\libg_s.a(lib_a-nano-mallocr.o)
                0x200019b8                __malloc_sbrk_start
 .bss.__malloc_free_list
                0x200019bc        0x4 c:/programdata/matlab/supportpackages/r2023a/aide/tools/arm-none-eabi-gcc/4.8.3-2014q1/bin/../lib/gcc/arm-none-eabi/4.8.3/../../../../arm-none-eabi/lib/armv6-m\libg_s.a(lib_a-nano-mallocr.o)
                0x200019bc                __malloc_free_list
 .bss.heap_end.4243
                0x200019c0        0x4 c:/programdata/matlab/supportpackages/r2023a/aide/tools/arm-none-eabi-gcc/4.8.3-2014q1/bin/../lib/gcc/arm-none-eabi/4.8.3/../../../../arm-none-eabi/lib/armv6-m\libnosys.a(sbrk.o)
 *(COMMON)
 *fill*         0x200019c4        0x4 
 COMMON         0x200019c8       0xb0 meter1.o
                0x200019c8                meter1_DW
 COMMON         0x20001a78        0x2 ert_main.o
                0x20001a78                runModel
                0x20001a79                stopRequested
 *fill*         0x20001a7a        0x2 
 COMMON         0x20001a7c        0x4 c:/programdata/matlab/supportpackages/r2023a/aide/tools/arm-none-eabi-gcc/4.8.3-2014q1/bin/../lib/gcc/arm-none-eabi/4.8.3/../../../../arm-none-eabi/lib/armv6-m\libg_s.a(lib_a-reent.o)
                0x20001a7c                errno
                0x20001a80                . = ALIGN (0x4)
                0x20001a80                __bss_end__ = .

.heap           0x20001a80        0x0
                0x20001a80                __end__ = .
                0x20001a80                PROVIDE (end, .)
 *(.heap*)
                0x20001a80                __HeapLimit = .

.stack_dummy    0x20001a80        0x0
 *(.stack*)
                0x20008000                __StackTop = (ORIGIN (RAM) + 0x8000)
                0x20008000                __StackLimit = (__StackTop - SIZEOF (.stack_dummy))
                0x20008000                PROVIDE (__stack, __StackTop)
                0x20007fff                __ram_end__ = ((ORIGIN (RAM) + 0x8000) - 0x1)
                0x00000001                ASSERT ((__StackLimit >= __HeapLimit), region RAM overflowed with stack)
OUTPUT(../meter1.elf elf32-littlearm)

.ARM.attributes
                0x00000000       0x28
 .ARM.attributes
                0x00000000       0x1e c:/programdata/matlab/supportpackages/r2023a/aide/tools/arm-none-eabi-gcc/4.8.3-2014q1/bin/../lib/gcc/arm-none-eabi/4.8.3/armv6-m/crti.o
 .ARM.attributes
                0x0000001e       0x2c c:/programdata/matlab/supportpackages/r2023a/aide/tools/arm-none-eabi-gcc/4.8.3-2014q1/bin/../lib/gcc/arm-none-eabi/4.8.3/armv6-m/crtbegin.o
 .ARM.attributes
                0x0000004a       0x32 MW_arduino_digitalio.o
 .ARM.attributes
                0x0000007c       0x32 MW_PWM.o
 .ARM.attributes
                0x000000ae       0x32 MW_PWMDriver.o
 .ARM.attributes
                0x000000e0       0x32 ArduinoPinHandleMap.o
 .ARM.attributes
                0x00000112       0x32 meter1.o
 .ARM.attributes
                0x00000144       0x32 meter1_data.o
 .ARM.attributes
                0x00000176       0x32 MW_ArduinoHWInit.o
 .ARM.attributes
                0x000001a8       0x32 io_wrappers.o
 .ARM.attributes
                0x000001da       0x32 arduinoARM_M0plusScheduler.o
 .ARM.attributes
                0x0000020c       0x32 m0m1m0plus_multitasking.o
 .ARM.attributes
                0x0000023e       0x32 ert_main.o
 .ARM.attributes
                0x00000270       0x2c c:/programdata/matlab/supportpackages/r2023a/aide/tools/arm-none-eabi-gcc/4.8.3-2014q1/bin/../lib/gcc/arm-none-eabi/4.8.3/../../../../arm-none-eabi/lib/armv6-m\libm.a(lib_a-s_ceil.o)
 .ARM.attributes
                0x0000029c       0x2c c:/programdata/matlab/supportpackages/r2023a/aide/tools/arm-none-eabi-gcc/4.8.3-2014q1/bin/../lib/gcc/arm-none-eabi/4.8.3/../../../../arm-none-eabi/lib/armv6-m\libm.a(lib_a-s_floor.o)
 .ARM.attributes
                0x000002c8       0x32 C:/Users/siyan/DOCUME~1/MATLAB/R2023a/ARDUIN~1/ARDUIN~1/FASTER~1\libcore.a(cortex_handlers.o)
 .ARM.attributes
                0x000002fa       0x32 C:/Users/siyan/DOCUME~1/MATLAB/R2023a/ARDUIN~1/ARDUIN~1/FASTER~1\libcore.a(hooks.o)
 .ARM.attributes
                0x0000032c       0x32 C:/Users/siyan/DOCUME~1/MATLAB/R2023a/ARDUIN~1/ARDUIN~1/FASTER~1\libcore.a(delay.o)
 .ARM.attributes
                0x0000035e       0x32 C:/Users/siyan/DOCUME~1/MATLAB/R2023a/ARDUIN~1/ARDUIN~1/FASTER~1\libcore.a(startup.o)
 .ARM.attributes
                0x00000390       0x32 C:/Users/siyan/DOCUME~1/MATLAB/R2023a/ARDUIN~1/ARDUIN~1/FASTER~1\libcore.a(wiring.o)
 .ARM.attributes
                0x000003c2       0x32 C:/Users/siyan/DOCUME~1/MATLAB/R2023a/ARDUIN~1/ARDUIN~1/FASTER~1\libcore.a(wiring_analog.o)
 .ARM.attributes
                0x000003f4       0x32 C:/Users/siyan/DOCUME~1/MATLAB/R2023a/ARDUIN~1/ARDUIN~1/FASTER~1\libcore.a(wiring_digital.o)
 .ARM.attributes
                0x00000426       0x32 C:/Users/siyan/DOCUME~1/MATLAB/R2023a/ARDUIN~1/ARDUIN~1/FASTER~1\libcore.a(wiring_private.o)
 .ARM.attributes
                0x00000458       0x32 C:/Users/siyan/DOCUME~1/MATLAB/R2023a/ARDUIN~1/ARDUIN~1/FASTER~1\libcore.a(Reset.o)
 .ARM.attributes
                0x0000048a       0x32 C:/Users/siyan/DOCUME~1/MATLAB/R2023a/ARDUIN~1/ARDUIN~1/FASTER~1\libcore.a(Uart.o)
 .ARM.attributes
                0x000004bc       0x32 C:/Users/siyan/DOCUME~1/MATLAB/R2023a/ARDUIN~1/ARDUIN~1/FASTER~1\libcore.a(CDC.o)
 .ARM.attributes
                0x000004ee       0x32 C:/Users/siyan/DOCUME~1/MATLAB/R2023a/ARDUIN~1/ARDUIN~1/FASTER~1\libcore.a(PluggableUSB.o)
 .ARM.attributes
                0x00000520       0x32 C:/Users/siyan/DOCUME~1/MATLAB/R2023a/ARDUIN~1/ARDUIN~1/FASTER~1\libcore.a(USBCore.o)
 .ARM.attributes
                0x00000552       0x32 C:/Users/siyan/DOCUME~1/MATLAB/R2023a/ARDUIN~1/ARDUIN~1/FASTER~1\libcore.a(variant.o)
 .ARM.attributes
                0x00000584       0x32 C:/Users/siyan/DOCUME~1/MATLAB/R2023a/ARDUIN~1/ARDUIN~1/FASTER~1\libcore.a(new.o)
 .ARM.attributes
                0x000005b6       0x32 C:/Users/siyan/DOCUME~1/MATLAB/R2023a/ARDUIN~1/ARDUIN~1/FASTER~1\libcore.a(Print.o)
 .ARM.attributes
                0x000005e8       0x32 C:/Users/siyan/DOCUME~1/MATLAB/R2023a/ARDUIN~1/ARDUIN~1/FASTER~1\libcore.a(SERCOM.o)
 .ARM.attributes
                0x0000061a       0x1e c:/programdata/matlab/supportpackages/r2023a/aide/tools/arm-none-eabi-gcc/4.8.3-2014q1/bin/../lib/gcc/arm-none-eabi/4.8.3/armv6-m\libgcc.a(_thumb1_case_uqi.o)
 .ARM.attributes
                0x00000638       0x1e c:/programdata/matlab/supportpackages/r2023a/aide/tools/arm-none-eabi-gcc/4.8.3-2014q1/bin/../lib/gcc/arm-none-eabi/4.8.3/armv6-m\libgcc.a(_udivsi3.o)
 .ARM.attributes
                0x00000656       0x1e c:/programdata/matlab/supportpackages/r2023a/aide/tools/arm-none-eabi-gcc/4.8.3-2014q1/bin/../lib/gcc/arm-none-eabi/4.8.3/armv6-m\libgcc.a(_dvmd_tls.o)
 .ARM.attributes
                0x00000674       0x1e c:/programdata/matlab/supportpackages/r2023a/aide/tools/arm-none-eabi-gcc/4.8.3-2014q1/bin/../lib/gcc/arm-none-eabi/4.8.3/armv6-m\libgcc.a(_arm_cmpdf2.o)
 .ARM.attributes
                0x00000692       0x2c c:/programdata/matlab/supportpackages/r2023a/aide/tools/arm-none-eabi-gcc/4.8.3-2014q1/bin/../lib/gcc/arm-none-eabi/4.8.3/armv6-m\libgcc.a(_fixunsdfsi.o)
 .ARM.attributes
                0x000006be       0x2c c:/programdata/matlab/supportpackages/r2023a/aide/tools/arm-none-eabi-gcc/4.8.3-2014q1/bin/../lib/gcc/arm-none-eabi/4.8.3/armv6-m\libgcc.a(adddf3.o)
 .ARM.attributes
                0x000006ea       0x2c c:/programdata/matlab/supportpackages/r2023a/aide/tools/arm-none-eabi-gcc/4.8.3-2014q1/bin/../lib/gcc/arm-none-eabi/4.8.3/armv6-m\libgcc.a(divdf3.o)
 .ARM.attributes
                0x00000716       0x2c c:/programdata/matlab/supportpackages/r2023a/aide/tools/arm-none-eabi-gcc/4.8.3-2014q1/bin/../lib/gcc/arm-none-eabi/4.8.3/armv6-m\libgcc.a(eqdf2.o)
 .ARM.attributes
                0x00000742       0x2c c:/programdata/matlab/supportpackages/r2023a/aide/tools/arm-none-eabi-gcc/4.8.3-2014q1/bin/../lib/gcc/arm-none-eabi/4.8.3/armv6-m\libgcc.a(gedf2.o)
 .ARM.attributes
                0x0000076e       0x2c c:/programdata/matlab/supportpackages/r2023a/aide/tools/arm-none-eabi-gcc/4.8.3-2014q1/bin/../lib/gcc/arm-none-eabi/4.8.3/armv6-m\libgcc.a(ledf2.o)
 .ARM.attributes
                0x0000079a       0x2c c:/programdata/matlab/supportpackages/r2023a/aide/tools/arm-none-eabi-gcc/4.8.3-2014q1/bin/../lib/gcc/arm-none-eabi/4.8.3/armv6-m\libgcc.a(muldf3.o)
 .ARM.attributes
                0x000007c6       0x2c c:/programdata/matlab/supportpackages/r2023a/aide/tools/arm-none-eabi-gcc/4.8.3-2014q1/bin/../lib/gcc/arm-none-eabi/4.8.3/armv6-m\libgcc.a(subdf3.o)
 .ARM.attributes
                0x000007f2       0x2c c:/programdata/matlab/supportpackages/r2023a/aide/tools/arm-none-eabi-gcc/4.8.3-2014q1/bin/../lib/gcc/arm-none-eabi/4.8.3/armv6-m\libgcc.a(fixdfsi.o)
 .ARM.attributes
                0x0000081e       0x2c c:/programdata/matlab/supportpackages/r2023a/aide/tools/arm-none-eabi-gcc/4.8.3-2014q1/bin/../lib/gcc/arm-none-eabi/4.8.3/armv6-m\libgcc.a(floatunsidf.o)
 .ARM.attributes
                0x0000084a       0x1e c:/programdata/matlab/supportpackages/r2023a/aide/tools/arm-none-eabi-gcc/4.8.3-2014q1/bin/../lib/gcc/arm-none-eabi/4.8.3/armv6-m\libgcc.a(_clzsi2.o)
 .ARM.attributes
                0x00000868       0x2c c:/programdata/matlab/supportpackages/r2023a/aide/tools/arm-none-eabi-gcc/4.8.3-2014q1/bin/../lib/gcc/arm-none-eabi/4.8.3/../../../../arm-none-eabi/lib/armv6-m\libg_s.a(lib_a-impure.o)
 .ARM.attributes
                0x00000894       0x2c c:/programdata/matlab/supportpackages/r2023a/aide/tools/arm-none-eabi-gcc/4.8.3-2014q1/bin/../lib/gcc/arm-none-eabi/4.8.3/../../../../arm-none-eabi/lib/armv6-m\libg_s.a(lib_a-init.o)
 .ARM.attributes
                0x000008c0       0x2c c:/programdata/matlab/supportpackages/r2023a/aide/tools/arm-none-eabi-gcc/4.8.3-2014q1/bin/../lib/gcc/arm-none-eabi/4.8.3/../../../../arm-none-eabi/lib/armv6-m\libg_s.a(lib_a-malloc.o)
 .ARM.attributes
                0x000008ec       0x2c c:/programdata/matlab/supportpackages/r2023a/aide/tools/arm-none-eabi-gcc/4.8.3-2014q1/bin/../lib/gcc/arm-none-eabi/4.8.3/../../../../arm-none-eabi/lib/armv6-m\libg_s.a(lib_a-memcpy-stub.o)
 .ARM.attributes
                0x00000918       0x2c c:/programdata/matlab/supportpackages/r2023a/aide/tools/arm-none-eabi-gcc/4.8.3-2014q1/bin/../lib/gcc/arm-none-eabi/4.8.3/../../../../arm-none-eabi/lib/armv6-m\libg_s.a(lib_a-memset.o)
 .ARM.attributes
                0x00000944       0x2c c:/programdata/matlab/supportpackages/r2023a/aide/tools/arm-none-eabi-gcc/4.8.3-2014q1/bin/../lib/gcc/arm-none-eabi/4.8.3/../../../../arm-none-eabi/lib/armv6-m\libg_s.a(lib_a-nano-freer.o)
 .ARM.attributes
                0x00000970       0x2c c:/programdata/matlab/supportpackages/r2023a/aide/tools/arm-none-eabi-gcc/4.8.3-2014q1/bin/../lib/gcc/arm-none-eabi/4.8.3/../../../../arm-none-eabi/lib/armv6-m\libg_s.a(lib_a-nano-mallocr.o)
 .ARM.attributes
                0x0000099c       0x2c c:/programdata/matlab/supportpackages/r2023a/aide/tools/arm-none-eabi-gcc/4.8.3-2014q1/bin/../lib/gcc/arm-none-eabi/4.8.3/../../../../arm-none-eabi/lib/armv6-m\libg_s.a(lib_a-sbrkr.o)
 .ARM.attributes
                0x000009c8       0x2c c:/programdata/matlab/supportpackages/r2023a/aide/tools/arm-none-eabi-gcc/4.8.3-2014q1/bin/../lib/gcc/arm-none-eabi/4.8.3/../../../../arm-none-eabi/lib/armv6-m\libg_s.a(lib_a-strlen.o)
 .ARM.attributes
                0x000009f4       0x2c c:/programdata/matlab/supportpackages/r2023a/aide/tools/arm-none-eabi-gcc/4.8.3-2014q1/bin/../lib/gcc/arm-none-eabi/4.8.3/../../../../arm-none-eabi/lib/armv6-m\libg_s.a(lib_a-reent.o)
 .ARM.attributes
                0x00000a20       0x2c c:/programdata/matlab/supportpackages/r2023a/aide/tools/arm-none-eabi-gcc/4.8.3-2014q1/bin/../lib/gcc/arm-none-eabi/4.8.3/../../../../arm-none-eabi/lib/armv6-m\libnosys.a(sbrk.o)
 .ARM.attributes
                0x00000a4c       0x2c c:/programdata/matlab/supportpackages/r2023a/aide/tools/arm-none-eabi-gcc/4.8.3-2014q1/bin/../lib/gcc/arm-none-eabi/4.8.3/armv6-m/crtend.o
 .ARM.attributes
                0x00000a78       0x1e c:/programdata/matlab/supportpackages/r2023a/aide/tools/arm-none-eabi-gcc/4.8.3-2014q1/bin/../lib/gcc/arm-none-eabi/4.8.3/armv6-m/crtn.o

.comment        0x00000000       0x70
 .comment       0x00000000       0x70 MW_arduino_digitalio.o
                                 0x71 (size before relaxing)
 .comment       0x00000000       0x71 MW_PWM.o
 .comment       0x00000000       0x71 MW_PWMDriver.o
 .comment       0x00000000       0x71 ArduinoPinHandleMap.o
 .comment       0x00000000       0x71 meter1.o
 .comment       0x00000000       0x71 meter1_data.o
 .comment       0x00000000       0x71 MW_ArduinoHWInit.o
 .comment       0x00000000       0x71 io_wrappers.o
 .comment       0x00000000       0x71 arduinoARM_M0plusScheduler.o
 .comment       0x00000000       0x71 m0m1m0plus_multitasking.o
 .comment       0x00000000       0x71 ert_main.o
 .comment       0x00000000       0x71 C:/Users/siyan/DOCUME~1/MATLAB/R2023a/ARDUIN~1/ARDUIN~1/FASTER~1\libcore.a(cortex_handlers.o)
 .comment       0x00000000       0x71 C:/Users/siyan/DOCUME~1/MATLAB/R2023a/ARDUIN~1/ARDUIN~1/FASTER~1\libcore.a(hooks.o)
 .comment       0x00000000       0x71 C:/Users/siyan/DOCUME~1/MATLAB/R2023a/ARDUIN~1/ARDUIN~1/FASTER~1\libcore.a(delay.o)
 .comment       0x00000000       0x71 C:/Users/siyan/DOCUME~1/MATLAB/R2023a/ARDUIN~1/ARDUIN~1/FASTER~1\libcore.a(startup.o)
 .comment       0x00000000       0x71 C:/Users/siyan/DOCUME~1/MATLAB/R2023a/ARDUIN~1/ARDUIN~1/FASTER~1\libcore.a(wiring.o)
 .comment       0x00000000       0x71 C:/Users/siyan/DOCUME~1/MATLAB/R2023a/ARDUIN~1/ARDUIN~1/FASTER~1\libcore.a(wiring_analog.o)
 .comment       0x00000000       0x71 C:/Users/siyan/DOCUME~1/MATLAB/R2023a/ARDUIN~1/ARDUIN~1/FASTER~1\libcore.a(wiring_digital.o)
 .comment       0x00000000       0x71 C:/Users/siyan/DOCUME~1/MATLAB/R2023a/ARDUIN~1/ARDUIN~1/FASTER~1\libcore.a(wiring_private.o)
 .comment       0x00000000       0x71 C:/Users/siyan/DOCUME~1/MATLAB/R2023a/ARDUIN~1/ARDUIN~1/FASTER~1\libcore.a(Reset.o)
 .comment       0x00000000       0x71 C:/Users/siyan/DOCUME~1/MATLAB/R2023a/ARDUIN~1/ARDUIN~1/FASTER~1\libcore.a(Uart.o)
 .comment       0x00000000       0x71 C:/Users/siyan/DOCUME~1/MATLAB/R2023a/ARDUIN~1/ARDUIN~1/FASTER~1\libcore.a(CDC.o)
 .comment       0x00000000       0x71 C:/Users/siyan/DOCUME~1/MATLAB/R2023a/ARDUIN~1/ARDUIN~1/FASTER~1\libcore.a(PluggableUSB.o)
 .comment       0x00000000       0x71 C:/Users/siyan/DOCUME~1/MATLAB/R2023a/ARDUIN~1/ARDUIN~1/FASTER~1\libcore.a(USBCore.o)
 .comment       0x00000000       0x71 C:/Users/siyan/DOCUME~1/MATLAB/R2023a/ARDUIN~1/ARDUIN~1/FASTER~1\libcore.a(variant.o)
 .comment       0x00000000       0x71 C:/Users/siyan/DOCUME~1/MATLAB/R2023a/ARDUIN~1/ARDUIN~1/FASTER~1\libcore.a(new.o)
 .comment       0x00000000       0x71 C:/Users/siyan/DOCUME~1/MATLAB/R2023a/ARDUIN~1/ARDUIN~1/FASTER~1\libcore.a(Print.o)
 .comment       0x00000000       0x71 C:/Users/siyan/DOCUME~1/MATLAB/R2023a/ARDUIN~1/ARDUIN~1/FASTER~1\libcore.a(SERCOM.o)

.debug_frame    0x00000000      0x478
 .debug_frame   0x00000000       0x3c c:/programdata/matlab/supportpackages/r2023a/aide/tools/arm-none-eabi-gcc/4.8.3-2014q1/bin/../lib/gcc/arm-none-eabi/4.8.3/../../../../arm-none-eabi/lib/armv6-m\libm.a(lib_a-s_ceil.o)
 .debug_frame   0x0000003c       0x3c c:/programdata/matlab/supportpackages/r2023a/aide/tools/arm-none-eabi-gcc/4.8.3-2014q1/bin/../lib/gcc/arm-none-eabi/4.8.3/../../../../arm-none-eabi/lib/armv6-m\libm.a(lib_a-s_floor.o)
 .debug_frame   0x00000078       0x20 c:/programdata/matlab/supportpackages/r2023a/aide/tools/arm-none-eabi-gcc/4.8.3-2014q1/bin/../lib/gcc/arm-none-eabi/4.8.3/armv6-m\libgcc.a(_udivsi3.o)
 .debug_frame   0x00000098       0x2c c:/programdata/matlab/supportpackages/r2023a/aide/tools/arm-none-eabi-gcc/4.8.3-2014q1/bin/../lib/gcc/arm-none-eabi/4.8.3/armv6-m\libgcc.a(_fixunsdfsi.o)
 .debug_frame   0x000000c4       0x3c c:/programdata/matlab/supportpackages/r2023a/aide/tools/arm-none-eabi-gcc/4.8.3-2014q1/bin/../lib/gcc/arm-none-eabi/4.8.3/armv6-m\libgcc.a(adddf3.o)
 .debug_frame   0x00000100       0x3c c:/programdata/matlab/supportpackages/r2023a/aide/tools/arm-none-eabi-gcc/4.8.3-2014q1/bin/../lib/gcc/arm-none-eabi/4.8.3/armv6-m\libgcc.a(divdf3.o)
 .debug_frame   0x0000013c       0x3c c:/programdata/matlab/supportpackages/r2023a/aide/tools/arm-none-eabi-gcc/4.8.3-2014q1/bin/../lib/gcc/arm-none-eabi/4.8.3/armv6-m\libgcc.a(eqdf2.o)
 .debug_frame   0x00000178       0x38 c:/programdata/matlab/supportpackages/r2023a/aide/tools/arm-none-eabi-gcc/4.8.3-2014q1/bin/../lib/gcc/arm-none-eabi/4.8.3/armv6-m\libgcc.a(gedf2.o)
 .debug_frame   0x000001b0       0x3c c:/programdata/matlab/supportpackages/r2023a/aide/tools/arm-none-eabi-gcc/4.8.3-2014q1/bin/../lib/gcc/arm-none-eabi/4.8.3/armv6-m\libgcc.a(ledf2.o)
 .debug_frame   0x000001ec       0x3c c:/programdata/matlab/supportpackages/r2023a/aide/tools/arm-none-eabi-gcc/4.8.3-2014q1/bin/../lib/gcc/arm-none-eabi/4.8.3/armv6-m\libgcc.a(muldf3.o)
 .debug_frame   0x00000228       0x3c c:/programdata/matlab/supportpackages/r2023a/aide/tools/arm-none-eabi-gcc/4.8.3-2014q1/bin/../lib/gcc/arm-none-eabi/4.8.3/armv6-m\libgcc.a(subdf3.o)
 .debug_frame   0x00000264       0x2c c:/programdata/matlab/supportpackages/r2023a/aide/tools/arm-none-eabi-gcc/4.8.3-2014q1/bin/../lib/gcc/arm-none-eabi/4.8.3/armv6-m\libgcc.a(fixdfsi.o)
 .debug_frame   0x00000290       0x28 c:/programdata/matlab/supportpackages/r2023a/aide/tools/arm-none-eabi-gcc/4.8.3-2014q1/bin/../lib/gcc/arm-none-eabi/4.8.3/armv6-m\libgcc.a(floatunsidf.o)
 .debug_frame   0x000002b8       0x2c c:/programdata/matlab/supportpackages/r2023a/aide/tools/arm-none-eabi-gcc/4.8.3-2014q1/bin/../lib/gcc/arm-none-eabi/4.8.3/../../../../arm-none-eabi/lib/armv6-m\libg_s.a(lib_a-init.o)
 .debug_frame   0x000002e4       0x40 c:/programdata/matlab/supportpackages/r2023a/aide/tools/arm-none-eabi-gcc/4.8.3-2014q1/bin/../lib/gcc/arm-none-eabi/4.8.3/../../../../arm-none-eabi/lib/armv6-m\libg_s.a(lib_a-malloc.o)
 .debug_frame   0x00000324       0x28 c:/programdata/matlab/supportpackages/r2023a/aide/tools/arm-none-eabi-gcc/4.8.3-2014q1/bin/../lib/gcc/arm-none-eabi/4.8.3/../../../../arm-none-eabi/lib/armv6-m\libg_s.a(lib_a-memcpy-stub.o)
 .debug_frame   0x0000034c       0x20 c:/programdata/matlab/supportpackages/r2023a/aide/tools/arm-none-eabi-gcc/4.8.3-2014q1/bin/../lib/gcc/arm-none-eabi/4.8.3/../../../../arm-none-eabi/lib/armv6-m\libg_s.a(lib_a-memset.o)
 .debug_frame   0x0000036c       0x2c c:/programdata/matlab/supportpackages/r2023a/aide/tools/arm-none-eabi-gcc/4.8.3-2014q1/bin/../lib/gcc/arm-none-eabi/4.8.3/../../../../arm-none-eabi/lib/armv6-m\libg_s.a(lib_a-nano-freer.o)
 .debug_frame   0x00000398       0x2c c:/programdata/matlab/supportpackages/r2023a/aide/tools/arm-none-eabi-gcc/4.8.3-2014q1/bin/../lib/gcc/arm-none-eabi/4.8.3/../../../../arm-none-eabi/lib/armv6-m\libg_s.a(lib_a-nano-mallocr.o)
 .debug_frame   0x000003c4       0x2c c:/programdata/matlab/supportpackages/r2023a/aide/tools/arm-none-eabi-gcc/4.8.3-2014q1/bin/../lib/gcc/arm-none-eabi/4.8.3/../../../../arm-none-eabi/lib/armv6-m\libg_s.a(lib_a-sbrkr.o)
 .debug_frame   0x000003f0       0x20 c:/programdata/matlab/supportpackages/r2023a/aide/tools/arm-none-eabi-gcc/4.8.3-2014q1/bin/../lib/gcc/arm-none-eabi/4.8.3/../../../../arm-none-eabi/lib/armv6-m\libg_s.a(lib_a-strlen.o)
 .debug_frame   0x00000410       0x48 c:/programdata/matlab/supportpackages/r2023a/aide/tools/arm-none-eabi-gcc/4.8.3-2014q1/bin/../lib/gcc/arm-none-eabi/4.8.3/../../../../arm-none-eabi/lib/armv6-m\libg_s.a(lib_a-reent.o)
 .debug_frame   0x00000458       0x20 c:/programdata/matlab/supportpackages/r2023a/aide/tools/arm-none-eabi-gcc/4.8.3-2014q1/bin/../lib/gcc/arm-none-eabi/4.8.3/../../../../arm-none-eabi/lib/armv6-m\libnosys.a(sbrk.o)

Cross Reference Table

Symbol                                            File
AC_Handler                                        C:/Users/siyan/DOCUME~1/MATLAB/R2023a/ARDUIN~1/ARDUIN~1/FASTER~1\libcore.a(cortex_handlers.o)
ADC_Handler                                       C:/Users/siyan/DOCUME~1/MATLAB/R2023a/ARDUIN~1/ARDUIN~1/FASTER~1\libcore.a(cortex_handlers.o)
DAC_Handler                                       C:/Users/siyan/DOCUME~1/MATLAB/R2023a/ARDUIN~1/ARDUIN~1/FASTER~1\libcore.a(cortex_handlers.o)
DMAC_Handler                                      C:/Users/siyan/DOCUME~1/MATLAB/R2023a/ARDUIN~1/ARDUIN~1/FASTER~1\libcore.a(cortex_handlers.o)
DoubleBufferedEPOutHandler::_available() const    C:/Users/siyan/DOCUME~1/MATLAB/R2023a/ARDUIN~1/ARDUIN~1/FASTER~1\libcore.a(USBCore.o)
DoubleBufferedEPOutHandler::_recv()               C:/Users/siyan/DOCUME~1/MATLAB/R2023a/ARDUIN~1/ARDUIN~1/FASTER~1\libcore.a(USBCore.o)
DoubleBufferedEPOutHandler::available()           C:/Users/siyan/DOCUME~1/MATLAB/R2023a/ARDUIN~1/ARDUIN~1/FASTER~1\libcore.a(USBCore.o)
DoubleBufferedEPOutHandler::handleEndpoint()      C:/Users/siyan/DOCUME~1/MATLAB/R2023a/ARDUIN~1/ARDUIN~1/FASTER~1\libcore.a(USBCore.o)
DoubleBufferedEPOutHandler::peek()                C:/Users/siyan/DOCUME~1/MATLAB/R2023a/ARDUIN~1/ARDUIN~1/FASTER~1\libcore.a(USBCore.o)
DoubleBufferedEPOutHandler::recv(void*, unsigned long) C:/Users/siyan/DOCUME~1/MATLAB/R2023a/ARDUIN~1/ARDUIN~1/FASTER~1\libcore.a(USBCore.o)
DoubleBufferedEPOutHandler::release()             C:/Users/siyan/DOCUME~1/MATLAB/R2023a/ARDUIN~1/ARDUIN~1/FASTER~1\libcore.a(USBCore.o)
DoubleBufferedEPOutHandler::~DoubleBufferedEPOutHandler() C:/Users/siyan/DOCUME~1/MATLAB/R2023a/ARDUIN~1/ARDUIN~1/FASTER~1\libcore.a(USBCore.o)
DoubleBufferedEPOutHandler::~DoubleBufferedEPOutHandler() C:/Users/siyan/DOCUME~1/MATLAB/R2023a/ARDUIN~1/ARDUIN~1/FASTER~1\libcore.a(USBCore.o)
DoubleBufferedEPOutHandler::~DoubleBufferedEPOutHandler() C:/Users/siyan/DOCUME~1/MATLAB/R2023a/ARDUIN~1/ARDUIN~1/FASTER~1\libcore.a(USBCore.o)
Dummy_Handler                                     C:/Users/siyan/DOCUME~1/MATLAB/R2023a/ARDUIN~1/ARDUIN~1/FASTER~1\libcore.a(cortex_handlers.o)
EIC_Handler                                       C:/Users/siyan/DOCUME~1/MATLAB/R2023a/ARDUIN~1/ARDUIN~1/FASTER~1\libcore.a(cortex_handlers.o)
EVSYS_Handler                                     C:/Users/siyan/DOCUME~1/MATLAB/R2023a/ARDUIN~1/ARDUIN~1/FASTER~1\libcore.a(cortex_handlers.o)
EndPoints                                         C:/Users/siyan/DOCUME~1/MATLAB/R2023a/ARDUIN~1/ARDUIN~1/FASTER~1\libcore.a(USBCore.o)
                                                  C:/Users/siyan/DOCUME~1/MATLAB/R2023a/ARDUIN~1/ARDUIN~1/FASTER~1\libcore.a(PluggableUSB.o)
HardFault_Handler                                 C:/Users/siyan/DOCUME~1/MATLAB/R2023a/ARDUIN~1/ARDUIN~1/FASTER~1\libcore.a(cortex_handlers.o)
I2S_Handler                                       C:/Users/siyan/DOCUME~1/MATLAB/R2023a/ARDUIN~1/ARDUIN~1/FASTER~1\libcore.a(cortex_handlers.o)
IsrOverrun                                        ert_main.o
MW_ArduinoNano33BLESenseInit()                    MW_ArduinoHWInit.o
MW_Arduino_Init                                   MW_ArduinoHWInit.o
                                                  ert_main.o
MW_Arduino_Loop                                   arduinoARM_M0plusScheduler.o
                                                  ert_main.o
MW_Arduino_Terminate                              MW_ArduinoHWInit.o
                                                  ert_main.o
MW_Modbus_Slave_Poll                              MW_ArduinoHWInit.o
MW_PWM_Close                                      MW_PWM.o
                                                  meter1.o
MW_PWM_DisableNotification                        MW_PWM.o
MW_PWM_EnableNotification                         MW_PWM.o
MW_PWM_GetHandle                                  MW_PWM.o
                                                  meter1.o
MW_PWM_GetOutputState                             MW_PWM.o
MW_PWM_Open                                       MW_PWM.o
                                                  meter1.o
MW_PWM_SetDutyCycle                               MW_PWM.o
                                                  meter1.o
MW_PWM_SetFrequency                               MW_PWM.o
MW_PWM_SetOutputToIdle                            MW_PWM.o
MW_PWM_Start                                      MW_PWM.o
MW_PWM_Stop                                       MW_PWM.o
MW_analogWrite                                    MW_PWMDriver.o
                                                  MW_PWM.o
MW_delay_in_microseconds                          io_wrappers.o
MW_delay_in_milliseconds                          io_wrappers.o
MW_getCurrentTime_in_milliseconds                 io_wrappers.o
MW_pinModeAnalogInput                             io_wrappers.o
MW_setAnalogFrequency                             MW_PWMDriver.o
                                                  MW_PWM.o
MW_usbattach                                      io_wrappers.o
                                                  ert_main.o
NMI_Handler                                       C:/Users/siyan/DOCUME~1/MATLAB/R2023a/ARDUIN~1/ARDUIN~1/FASTER~1\libcore.a(cortex_handlers.o)
NVMCTRL_Handler                                   C:/Users/siyan/DOCUME~1/MATLAB/R2023a/ARDUIN~1/ARDUIN~1/FASTER~1\libcore.a(cortex_handlers.o)
PINCOUNT_fn                                       C:/Users/siyan/DOCUME~1/MATLAB/R2023a/ARDUIN~1/ARDUIN~1/FASTER~1\libcore.a(variant.o)
PM_Handler                                        C:/Users/siyan/DOCUME~1/MATLAB/R2023a/ARDUIN~1/ARDUIN~1/FASTER~1\libcore.a(cortex_handlers.o)
PTC_Handler                                       C:/Users/siyan/DOCUME~1/MATLAB/R2023a/ARDUIN~1/ARDUIN~1/FASTER~1\libcore.a(cortex_handlers.o)
PWMPinHandleMap                                   ArduinoPinHandleMap.o
                                                  MW_PWM.o
PendSV_Handler                                    C:/Users/siyan/DOCUME~1/MATLAB/R2023a/ARDUIN~1/ARDUIN~1/FASTER~1\libcore.a(cortex_handlers.o)
PluggableUSB()                                    C:/Users/siyan/DOCUME~1/MATLAB/R2023a/ARDUIN~1/ARDUIN~1/FASTER~1\libcore.a(PluggableUSB.o)
                                                  C:/Users/siyan/DOCUME~1/MATLAB/R2023a/ARDUIN~1/ARDUIN~1/FASTER~1\libcore.a(USBCore.o)
                                                  C:/Users/siyan/DOCUME~1/MATLAB/R2023a/ARDUIN~1/ARDUIN~1/FASTER~1\libcore.a(CDC.o)
PluggableUSBModule::getShortName(char*)           C:/Users/siyan/DOCUME~1/MATLAB/R2023a/ARDUIN~1/ARDUIN~1/FASTER~1\libcore.a(CDC.o)
PluggableUSBModule::handleEndpoint(int)           C:/Users/siyan/DOCUME~1/MATLAB/R2023a/ARDUIN~1/ARDUIN~1/FASTER~1\libcore.a(CDC.o)
PluggableUSB_::PluggableUSB_()                    C:/Users/siyan/DOCUME~1/MATLAB/R2023a/ARDUIN~1/ARDUIN~1/FASTER~1\libcore.a(PluggableUSB.o)
PluggableUSB_::PluggableUSB_()                    C:/Users/siyan/DOCUME~1/MATLAB/R2023a/ARDUIN~1/ARDUIN~1/FASTER~1\libcore.a(PluggableUSB.o)
PluggableUSB_::getDescriptor(USBSetup&)           C:/Users/siyan/DOCUME~1/MATLAB/R2023a/ARDUIN~1/ARDUIN~1/FASTER~1\libcore.a(PluggableUSB.o)
                                                  C:/Users/siyan/DOCUME~1/MATLAB/R2023a/ARDUIN~1/ARDUIN~1/FASTER~1\libcore.a(USBCore.o)
PluggableUSB_::getInterface(unsigned char*)       C:/Users/siyan/DOCUME~1/MATLAB/R2023a/ARDUIN~1/ARDUIN~1/FASTER~1\libcore.a(PluggableUSB.o)
                                                  C:/Users/siyan/DOCUME~1/MATLAB/R2023a/ARDUIN~1/ARDUIN~1/FASTER~1\libcore.a(USBCore.o)
PluggableUSB_::getShortName(char*)                C:/Users/siyan/DOCUME~1/MATLAB/R2023a/ARDUIN~1/ARDUIN~1/FASTER~1\libcore.a(PluggableUSB.o)
                                                  C:/Users/siyan/DOCUME~1/MATLAB/R2023a/ARDUIN~1/ARDUIN~1/FASTER~1\libcore.a(USBCore.o)
PluggableUSB_::handleEndpoint(int)                C:/Users/siyan/DOCUME~1/MATLAB/R2023a/ARDUIN~1/ARDUIN~1/FASTER~1\libcore.a(PluggableUSB.o)
                                                  C:/Users/siyan/DOCUME~1/MATLAB/R2023a/ARDUIN~1/ARDUIN~1/FASTER~1\libcore.a(USBCore.o)
PluggableUSB_::plug(PluggableUSBModule*)          C:/Users/siyan/DOCUME~1/MATLAB/R2023a/ARDUIN~1/ARDUIN~1/FASTER~1\libcore.a(PluggableUSB.o)
                                                  C:/Users/siyan/DOCUME~1/MATLAB/R2023a/ARDUIN~1/ARDUIN~1/FASTER~1\libcore.a(CDC.o)
PluggableUSB_::setup(USBSetup&)                   C:/Users/siyan/DOCUME~1/MATLAB/R2023a/ARDUIN~1/ARDUIN~1/FASTER~1\libcore.a(PluggableUSB.o)
                                                  C:/Users/siyan/DOCUME~1/MATLAB/R2023a/ARDUIN~1/ARDUIN~1/FASTER~1\libcore.a(USBCore.o)
Print::availableForWrite()                        C:/Users/siyan/DOCUME~1/MATLAB/R2023a/ARDUIN~1/ARDUIN~1/FASTER~1\libcore.a(Uart.o)
                                                  C:/Users/siyan/DOCUME~1/MATLAB/R2023a/ARDUIN~1/ARDUIN~1/FASTER~1\libcore.a(Print.o)
                                                  C:/Users/siyan/DOCUME~1/MATLAB/R2023a/ARDUIN~1/ARDUIN~1/FASTER~1\libcore.a(CDC.o)
Print::flush()                                    C:/Users/siyan/DOCUME~1/MATLAB/R2023a/ARDUIN~1/ARDUIN~1/FASTER~1\libcore.a(Uart.o)
                                                  C:/Users/siyan/DOCUME~1/MATLAB/R2023a/ARDUIN~1/ARDUIN~1/FASTER~1\libcore.a(Print.o)
                                                  C:/Users/siyan/DOCUME~1/MATLAB/R2023a/ARDUIN~1/ARDUIN~1/FASTER~1\libcore.a(CDC.o)
Print::print(Printable const&)                    C:/Users/siyan/DOCUME~1/MATLAB/R2023a/ARDUIN~1/ARDUIN~1/FASTER~1\libcore.a(Print.o)
Print::print(String const&)                       C:/Users/siyan/DOCUME~1/MATLAB/R2023a/ARDUIN~1/ARDUIN~1/FASTER~1\libcore.a(Print.o)
Print::print(__FlashStringHelper const*)          C:/Users/siyan/DOCUME~1/MATLAB/R2023a/ARDUIN~1/ARDUIN~1/FASTER~1\libcore.a(Print.o)
Print::print(char const*)                         C:/Users/siyan/DOCUME~1/MATLAB/R2023a/ARDUIN~1/ARDUIN~1/FASTER~1\libcore.a(Print.o)
Print::print(char)                                C:/Users/siyan/DOCUME~1/MATLAB/R2023a/ARDUIN~1/ARDUIN~1/FASTER~1\libcore.a(Print.o)
Print::print(double, int)                         C:/Users/siyan/DOCUME~1/MATLAB/R2023a/ARDUIN~1/ARDUIN~1/FASTER~1\libcore.a(Print.o)
Print::print(int, int)                            C:/Users/siyan/DOCUME~1/MATLAB/R2023a/ARDUIN~1/ARDUIN~1/FASTER~1\libcore.a(Print.o)